Archive member included to satisfy reference by file (symbol)

/usr/lib/gcc/arm-none-eabi/10.3.1/thumb/v6-m/nofp/libgcc.a(_dvmd_tls.o)
                              CMakeFiles/tinyusb_host_msc_file_explorer.dir/home/connerparker/ASEN_4013/AERIS-Software/pico-sdk/src/rp2_common/pico_divider/divider_hardware.S.o (__aeabi_idiv0)
/usr/lib/gcc/arm-none-eabi/10.3.1/../../../arm-none-eabi/lib/thumb/v6-m/nofp/libg.a(lib_a-atexit.o)
                              /usr/lib/gcc/arm-none-eabi/10.3.1/../../../arm-none-eabi/lib/thumb/v6-m/nofp/crt0.o (atexit)
/usr/lib/gcc/arm-none-eabi/10.3.1/../../../arm-none-eabi/lib/thumb/v6-m/nofp/libg.a(lib_a-calloc.o)
                              CMakeFiles/tinyusb_host_msc_file_explorer.dir/home/connerparker/ASEN_4013/AERIS-Software/pico-sdk/src/rp2_common/pico_malloc/malloc.c.o (calloc)
/usr/lib/gcc/arm-none-eabi/10.3.1/../../../arm-none-eabi/lib/thumb/v6-m/nofp/libg.a(lib_a-callocr.o)
                              /usr/lib/gcc/arm-none-eabi/10.3.1/../../../arm-none-eabi/lib/thumb/v6-m/nofp/libg.a(lib_a-calloc.o) (_calloc_r)
/usr/lib/gcc/arm-none-eabi/10.3.1/../../../arm-none-eabi/lib/thumb/v6-m/nofp/libg.a(lib_a-ctype_.o)
                              CMakeFiles/tinyusb_host_msc_file_explorer.dir/src/msc_app.c.o (_ctype_)
/usr/lib/gcc/arm-none-eabi/10.3.1/../../../arm-none-eabi/lib/thumb/v6-m/nofp/libg.a(lib_a-fini.o)
                              /usr/lib/gcc/arm-none-eabi/10.3.1/../../../arm-none-eabi/lib/thumb/v6-m/nofp/crt0.o (__libc_fini_array)
/usr/lib/gcc/arm-none-eabi/10.3.1/../../../arm-none-eabi/lib/thumb/v6-m/nofp/libg.a(lib_a-impure.o)
                              CMakeFiles/tinyusb_host_msc_file_explorer.dir/src/msc_app.c.o (_impure_ptr)
/usr/lib/gcc/arm-none-eabi/10.3.1/../../../arm-none-eabi/lib/thumb/v6-m/nofp/libg.a(lib_a-init.o)
                              /usr/lib/gcc/arm-none-eabi/10.3.1/../../../arm-none-eabi/lib/thumb/v6-m/nofp/crt0.o (__libc_init_array)
/usr/lib/gcc/arm-none-eabi/10.3.1/../../../arm-none-eabi/lib/thumb/v6-m/nofp/libg.a(lib_a-lcltime_r.o)
                              CMakeFiles/tinyusb_host_msc_file_explorer.dir/home/connerparker/ASEN_4013/AERIS-Software/pico-sdk/src/common/pico_util/datetime.c.o (localtime_r)
/usr/lib/gcc/arm-none-eabi/10.3.1/../../../arm-none-eabi/lib/thumb/v6-m/nofp/libg.a(lib_a-malloc.o)
                              CMakeFiles/tinyusb_host_msc_file_explorer.dir/home/connerparker/ASEN_4013/AERIS-Software/pico-sdk/src/rp2_common/pico_malloc/malloc.c.o (malloc)
/usr/lib/gcc/arm-none-eabi/10.3.1/../../../arm-none-eabi/lib/thumb/v6-m/nofp/libg.a(lib_a-mallocr.o)
                              /usr/lib/gcc/arm-none-eabi/10.3.1/../../../arm-none-eabi/lib/thumb/v6-m/nofp/libg.a(lib_a-callocr.o) (_malloc_r)
/usr/lib/gcc/arm-none-eabi/10.3.1/../../../arm-none-eabi/lib/thumb/v6-m/nofp/libg.a(lib_a-memcmp.o)
                              CMakeFiles/tinyusb_host_msc_file_explorer.dir/home/connerparker/ASEN_4013/AERIS-Software/pico-sdk/lib/tinyusb/lib/fatfs/source/ff.c.o (memcmp)
/usr/lib/gcc/arm-none-eabi/10.3.1/../../../arm-none-eabi/lib/thumb/v6-m/nofp/libg.a(lib_a-memmove.o)
                              CMakeFiles/tinyusb_host_msc_file_explorer.dir/src/msc_app.c.o (memmove)
/usr/lib/gcc/arm-none-eabi/10.3.1/../../../arm-none-eabi/lib/thumb/v6-m/nofp/libg.a(lib_a-mktime.o)
                              CMakeFiles/tinyusb_host_msc_file_explorer.dir/home/connerparker/ASEN_4013/AERIS-Software/pico-sdk/src/common/pico_util/datetime.c.o (mktime)
/usr/lib/gcc/arm-none-eabi/10.3.1/../../../arm-none-eabi/lib/thumb/v6-m/nofp/libg.a(lib_a-mlock.o)
                              /usr/lib/gcc/arm-none-eabi/10.3.1/../../../arm-none-eabi/lib/thumb/v6-m/nofp/libg.a(lib_a-mallocr.o) (__malloc_lock)
/usr/lib/gcc/arm-none-eabi/10.3.1/../../../arm-none-eabi/lib/thumb/v6-m/nofp/libg.a(lib_a-month_lengths.o)
                              /usr/lib/gcc/arm-none-eabi/10.3.1/../../../arm-none-eabi/lib/thumb/v6-m/nofp/libg.a(lib_a-lcltime_r.o) (__month_lengths)
/usr/lib/gcc/arm-none-eabi/10.3.1/../../../arm-none-eabi/lib/thumb/v6-m/nofp/libg.a(lib_a-realloc.o)
                              CMakeFiles/tinyusb_host_msc_file_explorer.dir/home/connerparker/ASEN_4013/AERIS-Software/pico-sdk/src/rp2_common/pico_malloc/malloc.c.o (realloc)
/usr/lib/gcc/arm-none-eabi/10.3.1/../../../arm-none-eabi/lib/thumb/v6-m/nofp/libg.a(lib_a-reallocr.o)
                              /usr/lib/gcc/arm-none-eabi/10.3.1/../../../arm-none-eabi/lib/thumb/v6-m/nofp/libg.a(lib_a-realloc.o) (_realloc_r)
/usr/lib/gcc/arm-none-eabi/10.3.1/../../../arm-none-eabi/lib/thumb/v6-m/nofp/libg.a(lib_a-sbrkr.o)
                              /usr/lib/gcc/arm-none-eabi/10.3.1/../../../arm-none-eabi/lib/thumb/v6-m/nofp/libg.a(lib_a-mallocr.o) (_sbrk_r)
/usr/lib/gcc/arm-none-eabi/10.3.1/../../../arm-none-eabi/lib/thumb/v6-m/nofp/libg.a(lib_a-setbuf.o)
                              CMakeFiles/tinyusb_host_msc_file_explorer.dir/src/msc_app.c.o (setbuf)
[...]
Memory Configuration

Name             Origin             Length             Attributes
FLASH            0x0000000010000000 0x0000000000200000 xr
RAM              0x0000000020000000 0x0000000000040000 xrw
SCRATCH_X        0x0000000020040000 0x0000000000001000 xrw
SCRATCH_Y        0x0000000020041000 0x0000000000001000 xrw
*default*        0x0000000000000000 0xffffffffffffffff

Linker script and memory map

LOAD /usr/lib/gcc/arm-none-eabi/10.3.1/thumb/v6-m/nofp/crti.o
LOAD /usr/lib/gcc/arm-none-eabi/10.3.1/thumb/v6-m/nofp/crtbegin.o
LOAD /usr/lib/gcc/arm-none-eabi/10.3.1/../../../arm-none-eabi/lib/thumb/v6-m/nofp/crt0.o

.flash_begin    0x0000000010000000        0x0
                0x0000000010000000                __flash_binary_start = .

.boot2          0x0000000010000000      0x100
                0x0000000010000000                __boot2_start__ = .
 *(.boot2)
 .boot2         0x0000000010000000      0x100 ../../../../pico-sdk/src/rp2040/boot_stage2/CMakeFiles/bs2_default_library.dir/bs2_default_padded_checksummed.S.o
                0x0000000010000100                __boot2_end__ = .
                0x0000000000000001                ASSERT (((__boot2_end__ - __boot2_start__) == 0x100), ERROR: Pico second stage bootloader must be 256 bytes in size)

.text           0x0000000010000100     0xe15c
                0x0000000010000100                __logical_binary_start = .
 *(.vectors)
 .vectors       0x0000000010000100       0xd4 CMakeFiles/tinyusb_host_msc_file_explorer.dir/home/connerparker/ASEN_4013/AERIS-Software/pico-sdk/src/rp2_common/pico_crt0/crt0.S.o
                0x0000000010000100                __vectors
                0x0000000010000100                __VECTOR_TABLE
                0x00000000100001c0                isr_invalid
                0x00000000100001c0                __default_isrs_start
                0x00000000100001c2                isr_nmi
                0x00000000100001c4                isr_hardfault
                0x00000000100001c6                isr_svcall
                0x00000000100001c8                isr_pendsv
                0x00000000100001ca                isr_systick
                0x00000000100001cc                isr_irq30
                0x00000000100001cc                __unhandled_user_irq
                0x00000000100001cc                isr_irq13
                0x00000000100001cc                isr_irq27
                0x00000000100001cc                isr_irq31
                0x00000000100001cc                isr_irq5
                0x00000000100001cc                isr_irq11
                0x00000000100001cc                isr_irq23
                0x00000000100001cc                isr_irq18
                0x00000000100001cc                isr_irq28
                0x00000000100001cc                isr_irq19
                0x00000000100001cc                isr_irq0
                0x00000000100001cc                isr_irq6
                0x00000000100001cc                isr_irq22
                0x00000000100001cc                isr_irq17
                0x00000000100001cc                isr_irq14
                0x00000000100001cc                isr_irq2
                0x00000000100001cc                isr_irq10
                0x00000000100001cc                isr_irq8
                0x00000000100001cc                isr_irq24
                0x00000000100001cc                isr_irq1
                0x00000000100001cc                isr_irq7
                0x00000000100001cc                isr_irq21
                0x00000000100001cc                isr_irq20
                0x00000000100001cc                isr_irq15
                0x00000000100001cc                isr_irq25
                0x00000000100001cc                isr_irq4
                0x00000000100001cc                isr_irq16
                0x00000000100001cc                isr_irq29
                0x00000000100001cc                isr_irq26
                0x00000000100001cc                __default_isrs_end
                0x00000000100001cc                isr_irq3
                0x00000000100001cc                isr_irq12
                0x00000000100001cc                isr_irq9
                0x00000000100001d2                unhandled_user_irq_num_in_r0
 *(.binary_info_header)
 .binary_info_header
                0x00000000100001d4       0x14 CMakeFiles/tinyusb_host_msc_file_explorer.dir/home/connerparker/ASEN_4013/AERIS-Software/pico-sdk/src/rp2_common/pico_crt0/crt0.S.o
                0x00000000100001e8                __binary_info_header_end = .
 *(.embedded_block)
                0x00000000100001e8                __embedded_block_end = .
 *(.reset)
 .reset         0x00000000100001e8       0x9c CMakeFiles/tinyusb_host_msc_file_explorer.dir/home/connerparker/ASEN_4013/AERIS-Software/pico-sdk/src/rp2_common/pico_crt0/crt0.S.o
                0x00000000100001e8                _entry_point
 *(.init)
 .init          0x0000000010000284        0x4 /usr/lib/gcc/arm-none-eabi/10.3.1/thumb/v6-m/nofp/crti.o
                0x0000000010000284                _init
 *(EXCLUDE_FILE(*libm.a: *libc.a:*lib_a-mem*.o *libgcc.a:) .text*)
 .text          0x0000000010000288       0x98 /usr/lib/gcc/arm-none-eabi/10.3.1/thumb/v6-m/nofp/crtbegin.o
 .text.startup.main
                0x0000000010000320       0x8c CMakeFiles/tinyusb_host_msc_file_explorer.dir/src/main.c.o
                0x0000000010000320                main
 .text.tuh_mount_cb
                0x00000000100003ac        0x4 CMakeFiles/tinyusb_host_msc_file_explorer.dir/src/main.c.o
                0x00000000100003ac                tuh_mount_cb
 .text.tuh_umount_cb
                0x00000000100003b0        0x4 CMakeFiles/tinyusb_host_msc_file_explorer.dir/src/main.c.o
                0x00000000100003b0                tuh_umount_cb
 .text.disk_io_complete
                0x00000000100003b4       0x10 CMakeFiles/tinyusb_host_msc_file_explorer.dir/src/msc_app.c.o
 .text.inquiry_complete_cb
                0x00000000100003c4       0xb8 CMakeFiles/tinyusb_host_msc_file_explorer.dir/src/msc_app.c.o
                0x00000000100003c4                inquiry_complete_cb
 .text.cli_write_char
                0x000000001000047c        0xc CMakeFiles/tinyusb_host_msc_file_explorer.dir/src/msc_app.c.o
                0x000000001000047c                cli_write_char
 .text.embeddedCliTokenizeArgs.part.0
                0x0000000010000488       0x9c CMakeFiles/tinyusb_host_msc_file_explorer.dir/src/msc_app.c.o
 .text.getAutocompletedCommand.isra.0
                0x0000000010000524      0x110 CMakeFiles/tinyusb_host_msc_file_explorer.dir/src/msc_app.c.o
 .text.cli_cmd_mkdir
                0x0000000010000634       0x4c CMakeFiles/tinyusb_host_msc_file_explorer.dir/src/msc_app.c.o
                0x0000000010000634                cli_cmd_mkdir
 .text.cli_cmd_cd
                0x0000000010000680       0x4c CMakeFiles/tinyusb_host_msc_file_explorer.dir/src/msc_app.c.o
                0x0000000010000680                cli_cmd_cd
 .text.cli_cmd_pwd
                0x00000000100006cc       0x5c CMakeFiles/tinyusb_host_msc_file_explorer.dir/src/msc_app.c.o
                0x00000000100006cc                cli_cmd_pwd
 .text.cli_cmd_rm
                0x0000000010000728       0xc4 CMakeFiles/tinyusb_host_msc_file_explorer.dir/src/msc_app.c.o
                0x0000000010000728                cli_cmd_rm
 .text.cli_cmd_ls
                0x00000000100007ec       0xcc CMakeFiles/tinyusb_host_msc_file_explorer.dir/src/msc_app.c.o
                0x00000000100007ec                cli_cmd_ls
 .text.cli_cmd_cat
                0x00000000100008b8      0x140 CMakeFiles/tinyusb_host_msc_file_explorer.dir/src/msc_app.c.o
                0x00000000100008b8                cli_cmd_cat
 .text.cli_init.part.0
                0x00000000100009f8      0x2d8 CMakeFiles/tinyusb_host_msc_file_explorer.dir/src/msc_app.c.o
 .text.cli_cmd_mv
                0x0000000010000cd0       0x8c CMakeFiles/tinyusb_host_msc_file_explorer.dir/src/msc_app.c.o
                0x0000000010000cd0                cli_cmd_mv
 .text.printLiveAutocompletion
                0x0000000010000d5c       0xb8 CMakeFiles/tinyusb_host_msc_file_explorer.dir/src/msc_app.c.o
 .text.cli_cmd_cp
                0x0000000010000e14      0x104 CMakeFiles/tinyusb_host_msc_file_explorer.dir/src/msc_app.c.o
                0x0000000010000e14                cli_cmd_cp
 .text.onAutocompleteRequest
                0x0000000010000f18      0x15c CMakeFiles/tinyusb_host_msc_file_explorer.dir/src/msc_app.c.o
 .text.onHelp   0x0000000010001074      0x240 CMakeFiles/tinyusb_host_msc_file_explorer.dir/src/msc_app.c.o
 .text.embeddedCliProcess
                0x00000000100012b4      0x7a4 CMakeFiles/tinyusb_host_msc_file_explorer.dir/src/msc_app.c.o
                0x00000000100012b4                embeddedCliProcess
 .text.msc_app_init
                0x0000000010001a58       0x50 CMakeFiles/tinyusb_host_msc_file_explorer.dir/src/msc_app.c.o
                0x0000000010001a58                msc_app_init
 .text.msc_app_task
                0x0000000010001aa8       0x74 CMakeFiles/tinyusb_host_msc_file_explorer.dir/src/msc_app.c.o
                0x0000000010001aa8                msc_app_task
 .text.tuh_msc_mount_cb
                0x0000000010001b1c       0x2c CMakeFiles/tinyusb_host_msc_file_explorer.dir/src/msc_app.c.o
                0x0000000010001b1c                tuh_msc_mount_cb
 .text.tuh_msc_umount_cb
                0x0000000010001b48       0x30 CMakeFiles/tinyusb_host_msc_file_explorer.dir/src/msc_app.c.o
                0x0000000010001b48                tuh_msc_umount_cb
 .text.disk_status
                0x0000000010001b78       0x14 CMakeFiles/tinyusb_host_msc_file_explorer.dir/src/msc_app.c.o
                0x0000000010001b78                disk_status
 .text.disk_initialize
                0x0000000010001b8c        0x4 CMakeFiles/tinyusb_host_msc_file_explorer.dir/src/msc_app.c.o
                0x0000000010001b8c                disk_initialize
 .text.disk_read
                0x0000000010001b90       0x4c CMakeFiles/tinyusb_host_msc_file_explorer.dir/src/msc_app.c.o
                0x0000000010001b90                disk_read
 .text.disk_write
                0x0000000010001bdc       0x4c CMakeFiles/tinyusb_host_msc_file_explorer.dir/src/msc_app.c.o
                0x0000000010001bdc                disk_write
 .text.disk_ioctl
                0x0000000010001c28       0x40 CMakeFiles/tinyusb_host_msc_file_explorer.dir/src/msc_app.c.o
                0x0000000010001c28                disk_ioctl
 .text.sync_fs  0x0000000010001c68       0xf4 CMakeFiles/tinyusb_host_msc_file_explorer.dir/home/connerparker/ASEN_4013/AERIS-Software/pico-sdk/lib/tinyusb/lib/fatfs/source/ff.c.o
 .text.get_fileinfo
                0x0000000010001d5c      0x274 CMakeFiles/tinyusb_host_msc_file_explorer.dir/home/connerparker/ASEN_4013/AERIS-Software/pico-sdk/lib/tinyusb/lib/fatfs/source/ff.c.o
 .text.move_window.part.0
                0x0000000010001fd0       0x64 CMakeFiles/tinyusb_host_msc_file_explorer.dir/home/connerparker/ASEN_4013/AERIS-Software/pico-sdk/lib/tinyusb/lib/fatfs/source/ff.c.o
 .text.put_fat.part.0
                0x0000000010002034      0x144 CMakeFiles/tinyusb_host_msc_file_explorer.dir/home/connerparker/ASEN_4013/AERIS-Software/pico-sdk/lib/tinyusb/lib/fatfs/source/ff.c.o
 .text.get_fat.isra.0
                0x0000000010002178       0xf4 CMakeFiles/tinyusb_host_msc_file_explorer.dir/home/connerparker/ASEN_4013/AERIS-Software/pico-sdk/lib/tinyusb/lib/fatfs/source/ff.c.o
 .text.dir_next.constprop.0
                0x000000001000226c       0xa4 CMakeFiles/tinyusb_host_msc_file_explorer.dir/home/connerparker/ASEN_4013/AERIS-Software/pico-sdk/lib/tinyusb/lib/fatfs/source/ff.c.o
 .text.dir_clear
                0x0000000010002310       0x9c CMakeFiles/tinyusb_host_msc_file_explorer.dir/home/connerparker/ASEN_4013/AERIS-Software/pico-sdk/lib/tinyusb/lib/fatfs/source/ff.c.o
 .text.check_fs
                0x00000000100023ac      0x148 CMakeFiles/tinyusb_host_msc_file_explorer.dir/home/connerparker/ASEN_4013/AERIS-Software/pico-sdk/lib/tinyusb/lib/fatfs/source/ff.c.o
 .text.mount_volume
                0x00000000100024f4      0x45c CMakeFiles/tinyusb_host_msc_file_explorer.dir/home/connerparker/ASEN_4013/AERIS-Software/pico-sdk/lib/tinyusb/lib/fatfs/source/ff.c.o
 .text.dir_read.constprop.0
                0x0000000010002950      0x474 CMakeFiles/tinyusb_host_msc_file_explorer.dir/home/connerparker/ASEN_4013/AERIS-Software/pico-sdk/lib/tinyusb/lib/fatfs/source/ff.c.o
 .text.create_chain.isra.0
                0x0000000010002dc4      0x214 CMakeFiles/tinyusb_host_msc_file_explorer.dir/home/connerparker/ASEN_4013/AERIS-Software/pico-sdk/lib/tinyusb/lib/fatfs/source/ff.c.o
 .text.dir_sdi.constprop.0
                0x0000000010002fd8      0x18c CMakeFiles/tinyusb_host_msc_file_explorer.dir/home/connerparker/ASEN_4013/AERIS-Software/pico-sdk/lib/tinyusb/lib/fatfs/source/ff.c.o
 .text.dir_find
                0x0000000010003164      0x30c CMakeFiles/tinyusb_host_msc_file_explorer.dir/home/connerparker/ASEN_4013/AERIS-Software/pico-sdk/lib/tinyusb/lib/fatfs/source/ff.c.o
 .text.follow_path
                0x0000000010003470      0x41c CMakeFiles/tinyusb_host_msc_file_explorer.dir/home/connerparker/ASEN_4013/AERIS-Software/pico-sdk/lib/tinyusb/lib/fatfs/source/ff.c.o
 .text.dir_sdi  0x000000001000388c      0x1d4 CMakeFiles/tinyusb_host_msc_file_explorer.dir/home/connerparker/ASEN_4013/AERIS-Software/pico-sdk/lib/tinyusb/lib/fatfs/source/ff.c.o
 .text.dir_register
                0x0000000010003a60      0x8ec CMakeFiles/tinyusb_host_msc_file_explorer.dir/home/connerparker/ASEN_4013/AERIS-Software/pico-sdk/lib/tinyusb/lib/fatfs/source/ff.c.o
 .text.remove_chain.isra.0
                0x000000001000434c      0x178 CMakeFiles/tinyusb_host_msc_file_explorer.dir/home/connerparker/ASEN_4013/AERIS-Software/pico-sdk/lib/tinyusb/lib/fatfs/source/ff.c.o
 .text.f_mount  0x00000000100044c4       0x7c CMakeFiles/tinyusb_host_msc_file_explorer.dir/home/connerparker/ASEN_4013/AERIS-Software/pico-sdk/lib/tinyusb/lib/fatfs/source/ff.c.o
                0x00000000100044c4                f_mount
 .text.f_open   0x0000000010004540      0x268 CMakeFiles/tinyusb_host_msc_file_explorer.dir/home/connerparker/ASEN_4013/AERIS-Software/pico-sdk/lib/tinyusb/lib/fatfs/source/ff.c.o
                0x0000000010004540                f_open
 .text.f_read   0x00000000100047a8      0x1c4 CMakeFiles/tinyusb_host_msc_file_explorer.dir/home/connerparker/ASEN_4013/AERIS-Software/pico-sdk/lib/tinyusb/lib/fatfs/source/ff.c.o
                0x00000000100047a8                f_read
 .text.f_write  0x000000001000496c      0x1f4 CMakeFiles/tinyusb_host_msc_file_explorer.dir/home/connerparker/ASEN_4013/AERIS-Software/pico-sdk/lib/tinyusb/lib/fatfs/source/ff.c.o
                0x000000001000496c                f_write
 .text.f_close  0x0000000010004b60       0xf0 CMakeFiles/tinyusb_host_msc_file_explorer.dir/home/connerparker/ASEN_4013/AERIS-Software/pico-sdk/lib/tinyusb/lib/fatfs/source/ff.c.o
                0x0000000010004b60                f_close
 .text.f_chdir  0x0000000010004c50       0x78 CMakeFiles/tinyusb_host_msc_file_explorer.dir/home/connerparker/ASEN_4013/AERIS-Software/pico-sdk/lib/tinyusb/lib/fatfs/source/ff.c.o
                0x0000000010004c50                f_chdir
 .text.f_getcwd
                0x0000000010004cc8      0x240 CMakeFiles/tinyusb_host_msc_file_explorer.dir/home/connerparker/ASEN_4013/AERIS-Software/pico-sdk/lib/tinyusb/lib/fatfs/source/ff.c.o
                0x0000000010004cc8                f_getcwd
 .text.f_opendir
                0x0000000010004f08       0x84 CMakeFiles/tinyusb_host_msc_file_explorer.dir/home/connerparker/ASEN_4013/AERIS-Software/pico-sdk/lib/tinyusb/lib/fatfs/source/ff.c.o
                0x0000000010004f08                f_opendir
 .text.f_closedir
                0x0000000010004f8c       0x34 CMakeFiles/tinyusb_host_msc_file_explorer.dir/home/connerparker/ASEN_4013/AERIS-Software/pico-sdk/lib/tinyusb/lib/fatfs/source/ff.c.o
                0x0000000010004f8c                f_closedir
 .text.f_readdir
                0x0000000010004fc0       0x5c CMakeFiles/tinyusb_host_msc_file_explorer.dir/home/connerparker/ASEN_4013/AERIS-Software/pico-sdk/lib/tinyusb/lib/fatfs/source/ff.c.o
                0x0000000010004fc0                f_readdir
 .text.f_unlink
                0x000000001000501c      0x194 CMakeFiles/tinyusb_host_msc_file_explorer.dir/home/connerparker/ASEN_4013/AERIS-Software/pico-sdk/lib/tinyusb/lib/fatfs/source/ff.c.o
                0x000000001000501c                f_unlink
 .text.f_mkdir  0x00000000100051b0      0x184 CMakeFiles/tinyusb_host_msc_file_explorer.dir/home/connerparker/ASEN_4013/AERIS-Software/pico-sdk/lib/tinyusb/lib/fatfs/source/ff.c.o
                0x00000000100051b0                f_mkdir
 .text.f_rename
                0x0000000010005334      0x2a8 CMakeFiles/tinyusb_host_msc_file_explorer.dir/home/connerparker/ASEN_4013/AERIS-Software/pico-sdk/lib/tinyusb/lib/fatfs/source/ff.c.o
                0x0000000010005334                f_rename
 .text.ff_uni2oem
                0x00000000100055dc       0x40 CMakeFiles/tinyusb_host_msc_file_explorer.dir/home/connerparker/ASEN_4013/AERIS-Software/pico-sdk/lib/tinyusb/lib/fatfs/source/ffunicode.c.o
                0x00000000100055dc                ff_uni2oem
 .text.ff_oem2uni
                0x000000001000561c       0x2c CMakeFiles/tinyusb_host_msc_file_explorer.dir/home/connerparker/ASEN_4013/AERIS-Software/pico-sdk/lib/tinyusb/lib/fatfs/source/ffunicode.c.o
                0x000000001000561c                ff_oem2uni
 .text.ff_wtoupper
                0x0000000010005648       0xb8 CMakeFiles/tinyusb_host_msc_file_explorer.dir/home/connerparker/ASEN_4013/AERIS-Software/pico-sdk/lib/tinyusb/lib/fatfs/source/ffunicode.c.o
                0x0000000010005648                ff_wtoupper
 .text.gpio_set_function
                0x0000000010005700       0x34 CMakeFiles/tinyusb_host_msc_file_explorer.dir/home/connerparker/ASEN_4013/AERIS-Software/pico-sdk/src/rp2_common/hardware_gpio/gpio.c.o
                0x0000000010005700                gpio_set_function
 .text.gpio_init
                0x0000000010005734       0x40 CMakeFiles/tinyusb_host_msc_file_explorer.dir/home/connerparker/ASEN_4013/AERIS-Software/pico-sdk/src/rp2_common/hardware_gpio/gpio.c.o
                0x0000000010005734                gpio_init
 .text.panic    0x0000000010005774       0x30 CMakeFiles/tinyusb_host_msc_file_explorer.dir/home/connerparker/ASEN_4013/AERIS-Software/pico-sdk/src/rp2_common/pico_platform_panic/panic.c.o
                0x0000000010005774                panic
 .text.hw_claim_or_assert
                0x00000000100057a4       0x44 CMakeFiles/tinyusb_host_msc_file_explorer.dir/home/connerparker/ASEN_4013/AERIS-Software/pico-sdk/src/common/hardware_claim/claim.c.o
                0x00000000100057a4                hw_claim_or_assert
 .text.hw_claim_unused_from_range
                0x00000000100057e8       0x9c CMakeFiles/tinyusb_host_msc_file_explorer.dir/home/connerparker/ASEN_4013/AERIS-Software/pico-sdk/src/common/hardware_claim/claim.c.o
                0x00000000100057e8                hw_claim_unused_from_range
 .text.next_striped_spin_lock_num
                0x0000000010005884       0x18 CMakeFiles/tinyusb_host_msc_file_explorer.dir/home/connerparker/ASEN_4013/AERIS-Software/pico-sdk/src/rp2_common/hardware_sync/sync.c.o
                0x0000000010005884                next_striped_spin_lock_num
 .text.spin_lock_claim_unused
                0x000000001000589c       0x20 CMakeFiles/tinyusb_host_msc_file_explorer.dir/home/connerparker/ASEN_4013/AERIS-Software/pico-sdk/src/rp2_common/hardware_sync/sync.c.o
                0x000000001000589c                spin_lock_claim_unused
 .text.spin_locks_reset
                0x00000000100058bc       0x1c CMakeFiles/tinyusb_host_msc_file_explorer.dir/home/connerparker/ASEN_4013/AERIS-Software/pico-sdk/src/rp2_common/hardware_sync_spin_lock/sync_spin_lock.c.o
                0x00000000100058bc                spin_locks_reset
 .text.runtime_init_per_core_irq_priorities
                0x00000000100058d8       0x24 CMakeFiles/tinyusb_host_msc_file_explorer.dir/home/connerparker/ASEN_4013/AERIS-Software/pico-sdk/src/rp2_common/hardware_irq/irq.c.o
                0x00000000100058d8                runtime_init_per_core_irq_priorities
 .text.irq_set_enabled
                0x00000000100058fc       0x24 CMakeFiles/tinyusb_host_msc_file_explorer.dir/home/connerparker/ASEN_4013/AERIS-Software/pico-sdk/src/rp2_common/hardware_irq/irq.c.o
                0x00000000100058fc                irq_set_enabled
 .text.irq_set_exclusive_handler
                0x0000000010005920       0x54 CMakeFiles/tinyusb_host_msc_file_explorer.dir/home/connerparker/ASEN_4013/AERIS-Software/pico-sdk/src/rp2_common/hardware_irq/irq.c.o
                0x0000000010005920                irq_set_exclusive_handler
 .text.irq_add_shared_handler
                0x0000000010005974      0x1e8 CMakeFiles/tinyusb_host_msc_file_explorer.dir/home/connerparker/ASEN_4013/AERIS-Software/pico-sdk/src/rp2_common/hardware_irq/irq.c.o
                0x0000000010005974                irq_add_shared_handler
 .text.irq_remove_handler
                0x0000000010005b5c      0x1c4 CMakeFiles/tinyusb_host_msc_file_explorer.dir/home/connerparker/ASEN_4013/AERIS-Software/pico-sdk/src/rp2_common/hardware_irq/irq.c.o
                0x0000000010005b5c                irq_remove_handler
 .text.irq_add_tail_to_free_list
                0x0000000010005d20       0xb4 CMakeFiles/tinyusb_host_msc_file_explorer.dir/home/connerparker/ASEN_4013/AERIS-Software/pico-sdk/src/rp2_common/hardware_irq/irq.c.o
                0x0000000010005d20                irq_add_tail_to_free_list
 .text.lock_init
                0x0000000010005dd4       0x10 CMakeFiles/tinyusb_host_msc_file_explorer.dir/home/connerparker/ASEN_4013/AERIS-Software/pico-sdk/src/common/pico_sync/lock_core.c.o
                0x0000000010005dd4                lock_init
 .text.runtime_init_mutex
                0x0000000010005de4       0x58 CMakeFiles/tinyusb_host_msc_file_explorer.dir/home/connerparker/ASEN_4013/AERIS-Software/pico-sdk/src/common/pico_sync/mutex.c.o
                0x0000000010005de4                runtime_init_mutex
 .text.mutex_init
                0x0000000010005e3c       0x1c CMakeFiles/tinyusb_host_msc_file_explorer.dir/home/connerparker/ASEN_4013/AERIS-Software/pico-sdk/src/common/pico_sync/mutex.c.o
                0x0000000010005e3c                mutex_init
 .text.critical_section_init
                0x0000000010005e58       0x20 CMakeFiles/tinyusb_host_msc_file_explorer.dir/home/connerparker/ASEN_4013/AERIS-Software/pico-sdk/src/common/pico_sync/critical_section.c.o
                0x0000000010005e58                critical_section_init
 .text.sleep_until_callback
                0x0000000010005e78       0x30 CMakeFiles/tinyusb_host_msc_file_explorer.dir/home/connerparker/ASEN_4013/AERIS-Software/pico-sdk/src/common/pico_time/time.c.o
 .text.alarm_pool_irq_handler
                0x0000000010005ea8      0x308 CMakeFiles/tinyusb_host_msc_file_explorer.dir/home/connerparker/ASEN_4013/AERIS-Software/pico-sdk/src/common/pico_time/time.c.o
 .text.runtime_init_default_alarm_pool
                0x00000000100061b0       0xdc CMakeFiles/tinyusb_host_msc_file_explorer.dir/home/connerparker/ASEN_4013/AERIS-Software/pico-sdk/src/common/pico_time/time.c.o
                0x00000000100061b0                runtime_init_default_alarm_pool
 .text.alarm_pool_add_alarm_at_force_in_context
                0x000000001000628c       0xb0 CMakeFiles/tinyusb_host_msc_file_explorer.dir/home/connerparker/ASEN_4013/AERIS-Software/pico-sdk/src/common/pico_time/time.c.o
                0x000000001000628c                alarm_pool_add_alarm_at_force_in_context
 .text.alarm_pool_cancel_alarm
                0x000000001000633c       0x7c CMakeFiles/tinyusb_host_msc_file_explorer.dir/home/connerparker/ASEN_4013/AERIS-Software/pico-sdk/src/common/pico_time/time.c.o
                0x000000001000633c                alarm_pool_cancel_alarm
 .text.sleep_until
                0x00000000100063b8       0xd0 CMakeFiles/tinyusb_host_msc_file_explorer.dir/home/connerparker/ASEN_4013/AERIS-Software/pico-sdk/src/common/pico_time/time.c.o
                0x00000000100063b8                sleep_until
 .text.sleep_ms
                0x0000000010006488       0x34 CMakeFiles/tinyusb_host_msc_file_explorer.dir/home/connerparker/ASEN_4013/AERIS-Software/pico-sdk/src/common/pico_time/time.c.o
                0x0000000010006488                sleep_ms
 .text.best_effort_wfe_or_timeout
                0x00000000100064bc       0xe0 CMakeFiles/tinyusb_host_msc_file_explorer.dir/home/connerparker/ASEN_4013/AERIS-Software/pico-sdk/src/common/pico_time/time.c.o
                0x00000000100064bc                best_effort_wfe_or_timeout
 .text.timer_hardware_alarm_claim
                0x000000001000659c       0x14 CMakeFiles/tinyusb_host_msc_file_explorer.dir/home/connerparker/ASEN_4013/AERIS-Software/pico-sdk/src/rp2_common/hardware_timer/timer.c.o
                0x000000001000659c                timer_hardware_alarm_claim
 .text.timer_time_us_64
                0x00000000100065b0       0x10 CMakeFiles/tinyusb_host_msc_file_explorer.dir/home/connerparker/ASEN_4013/AERIS-Software/pico-sdk/src/rp2_common/hardware_timer/timer.c.o
                0x00000000100065b0                timer_time_us_64
 .text.time_us_64
                0x00000000100065c0       0x14 CMakeFiles/tinyusb_host_msc_file_explorer.dir/home/connerparker/ASEN_4013/AERIS-Software/pico-sdk/src/rp2_common/hardware_timer/timer.c.o
                0x00000000100065c0                time_us_64
 .text.busy_wait_us
                0x00000000100065d4       0x54 CMakeFiles/tinyusb_host_msc_file_explorer.dir/home/connerparker/ASEN_4013/AERIS-Software/pico-sdk/src/rp2_common/hardware_timer/timer.c.o
                0x00000000100065d4                busy_wait_us
 .text.busy_wait_until
                0x0000000010006628       0x20 CMakeFiles/tinyusb_host_msc_file_explorer.dir/home/connerparker/ASEN_4013/AERIS-Software/pico-sdk/src/rp2_common/hardware_timer/timer.c.o
                0x0000000010006628                busy_wait_until
 .text.uart_init
                0x0000000010006648      0x11c CMakeFiles/tinyusb_host_msc_file_explorer.dir/home/connerparker/ASEN_4013/AERIS-Software/pico-sdk/src/rp2_common/hardware_uart/uart.c.o
                0x0000000010006648                uart_init
 .text.clock_configure_int_divider
                0x0000000010006764       0xf4 CMakeFiles/tinyusb_host_msc_file_explorer.dir/home/connerparker/ASEN_4013/AERIS-Software/pico-sdk/src/rp2_common/hardware_clocks/clocks.c.o
                0x0000000010006764                clock_configure_int_divider
 .text.clock_configure_undivided
                0x0000000010006858       0xe8 CMakeFiles/tinyusb_host_msc_file_explorer.dir/home/connerparker/ASEN_4013/AERIS-Software/pico-sdk/src/rp2_common/hardware_clocks/clocks.c.o
                0x0000000010006858                clock_configure_undivided
 .text.clock_get_hz
                0x0000000010006940        0xc CMakeFiles/tinyusb_host_msc_file_explorer.dir/home/connerparker/ASEN_4013/AERIS-Software/pico-sdk/src/rp2_common/hardware_clocks/clocks.c.o
                0x0000000010006940                clock_get_hz
 .text.pll_init
                0x000000001000694c       0xa0 CMakeFiles/tinyusb_host_msc_file_explorer.dir/home/connerparker/ASEN_4013/AERIS-Software/pico-sdk/src/rp2_common/hardware_pll/pll.c.o
                0x000000001000694c                pll_init
 .text.tick_start
                0x00000000100069ec       0x10 CMakeFiles/tinyusb_host_msc_file_explorer.dir/home/connerparker/ASEN_4013/AERIS-Software/pico-sdk/src/rp2_common/hardware_ticks/ticks.c.o
                0x00000000100069ec                tick_start
 .text.rom_func_lookup
                0x00000000100069fc       0x10 CMakeFiles/tinyusb_host_msc_file_explorer.dir/home/connerparker/ASEN_4013/AERIS-Software/pico-sdk/src/rp2_common/pico_bootrom/bootrom.c.o
                0x00000000100069fc                rom_func_lookup
 .text.rom_data_lookup
                0x0000000010006a0c       0x10 CMakeFiles/tinyusb_host_msc_file_explorer.dir/home/connerparker/ASEN_4013/AERIS-Software/pico-sdk/src/rp2_common/pico_bootrom/bootrom.c.o
                0x0000000010006a0c                rom_data_lookup
 .text.rom_funcs_lookup
                0x0000000010006a1c       0x44 CMakeFiles/tinyusb_host_msc_file_explorer.dir/home/connerparker/ASEN_4013/AERIS-Software/pico-sdk/src/rp2_common/pico_bootrom/bootrom.c.o
                0x0000000010006a1c                rom_funcs_lookup
 .text.xosc_init
                0x0000000010006a60       0x28 CMakeFiles/tinyusb_host_msc_file_explorer.dir/home/connerparker/ASEN_4013/AERIS-Software/pico-sdk/src/rp2_common/hardware_xosc/xosc.c.o
                0x0000000010006a60                xosc_init
 .text.first_per_core_initializer
                0x0000000010006a88        0x4 CMakeFiles/tinyusb_host_msc_file_explorer.dir/home/connerparker/ASEN_4013/AERIS-Software/pico-sdk/src/rp2_common/pico_runtime/runtime.c.o
 .text.hard_assertion_failure
                0x0000000010006a8c        0xc CMakeFiles/tinyusb_host_msc_file_explorer.dir/home/connerparker/ASEN_4013/AERIS-Software/pico-sdk/src/rp2_common/pico_runtime/runtime.c.o
                0x0000000010006a8c                hard_assertion_failure
 .text.runtime_run_initializers
                0x0000000010006a98       0x28 CMakeFiles/tinyusb_host_msc_file_explorer.dir/home/connerparker/ASEN_4013/AERIS-Software/pico-sdk/src/rp2_common/pico_runtime/runtime.c.o
                0x0000000010006a98                runtime_run_initializers
 .text.runtime_init_early_resets
                0x0000000010006ac0       0x2c CMakeFiles/tinyusb_host_msc_file_explorer.dir/home/connerparker/ASEN_4013/AERIS-Software/pico-sdk/src/rp2_common/pico_runtime_init/runtime_init.c.o
                0x0000000010006ac0                runtime_init_early_resets
 .text.runtime_init_usb_power_down
                0x0000000010006aec       0x1c CMakeFiles/tinyusb_host_msc_file_explorer.dir/home/connerparker/ASEN_4013/AERIS-Software/pico-sdk/src/rp2_common/pico_runtime_init/runtime_init.c.o
                0x0000000010006aec                runtime_init_usb_power_down
 .text.runtime_init_post_clock_resets
                0x0000000010006b08       0x20 CMakeFiles/tinyusb_host_msc_file_explorer.dir/home/connerparker/ASEN_4013/AERIS-Software/pico-sdk/src/rp2_common/pico_runtime_init/runtime_init.c.o
                0x0000000010006b08                runtime_init_post_clock_resets
 .text.runtime_init_rp2040_gpio_ie_disable
                0x0000000010006b28       0x14 CMakeFiles/tinyusb_host_msc_file_explorer.dir/home/connerparker/ASEN_4013/AERIS-Software/pico-sdk/src/rp2_common/pico_runtime_init/runtime_init.c.o
                0x0000000010006b28                runtime_init_rp2040_gpio_ie_disable
 .text.runtime_init_spin_locks_reset
                0x0000000010006b3c        0x8 CMakeFiles/tinyusb_host_msc_file_explorer.dir/home/connerparker/ASEN_4013/AERIS-Software/pico-sdk/src/rp2_common/pico_runtime_init/runtime_init.c.o
                0x0000000010006b3c                runtime_init_spin_locks_reset
 .text.runtime_init_install_ram_vector_table
                0x0000000010006b44       0x1c CMakeFiles/tinyusb_host_msc_file_explorer.dir/home/connerparker/ASEN_4013/AERIS-Software/pico-sdk/src/rp2_common/pico_runtime_init/runtime_init.c.o
                0x0000000010006b44                runtime_init_install_ram_vector_table
 .text.runtime_init_clocks
                0x0000000010006b60       0xd8 CMakeFiles/tinyusb_host_msc_file_explorer.dir/home/connerparker/ASEN_4013/AERIS-Software/pico-sdk/src/rp2_common/pico_runtime_init/runtime_init_clocks.c.o
                0x0000000010006b60                runtime_init_clocks
 .text          0x0000000010006c38       0x10 CMakeFiles/tinyusb_host_msc_file_explorer.dir/home/connerparker/ASEN_4013/AERIS-Software/pico-sdk/src/rp2_common/pico_bit_ops/bit_ops_aeabi.S.o
 .text.__wrap___aeabi_idiv
                0x0000000010006c48       0x50 CMakeFiles/tinyusb_host_msc_file_explorer.dir/home/connerparker/ASEN_4013/AERIS-Software/pico-sdk/src/rp2_common/pico_divider/divider_hardware.S.o
                0x0000000010006c48                __wrap___aeabi_idivmod
                0x0000000010006c48                divmod_s32s32
                0x0000000010006c48                div_s32s32
                0x0000000010006c48                __wrap___aeabi_idiv
                0x0000000010006c50                divmod_s32s32_unsafe
                0x0000000010006c7c                divmod_s32s32_savestate
 .text.__wrap___aeabi_uidiv
                0x0000000010006c98       0x4c CMakeFiles/tinyusb_host_msc_file_explorer.dir/home/connerparker/ASEN_4013/AERIS-Software/pico-sdk/src/rp2_common/pico_divider/divider_hardware.S.o
                0x0000000010006c98                __wrap___aeabi_uidiv
                0x0000000010006c98                __wrap___aeabi_uidivmod
                0x0000000010006c98                div_u32u32
                0x0000000010006c98                divmod_u32u32
                0x0000000010006ca0                divmod_u32u32_unsafe
                0x0000000010006cc8                divmod_u32u32_savestate
 .text.__wrap___aeabi_ldiv
                0x0000000010006ce4      0x424 CMakeFiles/tinyusb_host_msc_file_explorer.dir/home/connerparker/ASEN_4013/AERIS-Software/pico-sdk/src/rp2_common/pico_divider/divider_hardware.S.o
                0x0000000010006ce4                div_s64s64
                0x0000000010006ce4                divmod_s64s64
                0x0000000010006ce4                __wrap___aeabi_ldivmod
                0x0000000010006d14                div_u64u64
                0x0000000010006d14                divmod_u64u64
                0x0000000010006d14                __wrap___aeabi_uldivmod
                0x0000000010006d24                divmod_u64u64_savestate
                0x0000000010006d44                divmod_s64s64_unsafe
                0x0000000010006dcc                divmod_u64u64_unsafe
 .text.__wrap___aeabi_darithmetic
                0x0000000010007108       0x80 CMakeFiles/tinyusb_host_msc_file_explorer.dir/home/connerparker/ASEN_4013/AERIS-Software/pico-sdk/src/rp2_common/pico_double/double_aeabi_rp2040.S.o
                0x0000000010007108                __wrap___aeabi_drsub
                0x000000001000710e                __wrap___aeabi_dsub
                0x0000000010007120                __wrap___aeabi_dadd
                0x0000000010007132                __wrap___aeabi_ddiv
                0x000000001000716e                __wrap___aeabi_dmul
 .text.__wrap___aeabi_cdcmple
                0x0000000010007188       0x6c CMakeFiles/tinyusb_host_msc_file_explorer.dir/home/connerparker/ASEN_4013/AERIS-Software/pico-sdk/src/rp2_common/pico_double/double_aeabi_rp2040.S.o
                0x0000000010007188                __wrap___aeabi_cdrcmple
                0x0000000010007198                __wrap___aeabi_cdcmple
                0x0000000010007198                __wrap___aeabi_cdcmpeq
 .text.__wrap___aeabi_dcmplt
                0x00000000100071f4        0xc CMakeFiles/tinyusb_host_msc_file_explorer.dir/home/connerparker/ASEN_4013/AERIS-Software/pico-sdk/src/rp2_common/pico_double/double_aeabi_rp2040.S.o
                0x00000000100071f4                __wrap___aeabi_dcmplt
 .text.__wrap___aeabi_dcmple
                0x0000000010007200       0x10 CMakeFiles/tinyusb_host_msc_file_explorer.dir/home/connerparker/ASEN_4013/AERIS-Software/pico-sdk/src/rp2_common/pico_double/double_aeabi_rp2040.S.o
                0x0000000010007200                __wrap___aeabi_dcmple
 .text.__wrap___aeabi_dcmpge
                0x0000000010007210       0x10 CMakeFiles/tinyusb_host_msc_file_explorer.dir/home/connerparker/ASEN_4013/AERIS-Software/pico-sdk/src/rp2_common/pico_double/double_aeabi_rp2040.S.o
                0x0000000010007210                __wrap___aeabi_dcmpge
 .text.__wrap___aeabi_dcmpgt
                0x0000000010007220        0xa CMakeFiles/tinyusb_host_msc_file_explorer.dir/home/connerparker/ASEN_4013/AERIS-Software/pico-sdk/src/rp2_common/pico_double/double_aeabi_rp2040.S.o
                0x0000000010007220                __wrap___aeabi_dcmpgt
 .text.__wrap___aeabi_dcmpun
                0x000000001000722a       0x18 CMakeFiles/tinyusb_host_msc_file_explorer.dir/home/connerparker/ASEN_4013/AERIS-Software/pico-sdk/src/rp2_common/pico_double/double_aeabi_rp2040.S.o
                0x000000001000722a                __wrap___aeabi_dcmpun
 *fill*         0x0000000010007242        0x2 
 .text.__wrap___aeabi_i2d
                0x0000000010007244       0x38 CMakeFiles/tinyusb_host_msc_file_explorer.dir/home/connerparker/ASEN_4013/AERIS-Software/pico-sdk/src/rp2_common/pico_double/double_aeabi_rp2040.S.o
                0x0000000010007244                __wrap___aeabi_ui2d
                0x000000001000724c                __wrap___aeabi_i2d
 .text.__wrap___aeabi_d2iz
                0x000000001000727c       0x48 CMakeFiles/tinyusb_host_msc_file_explorer.dir/home/connerparker/ASEN_4013/AERIS-Software/pico-sdk/src/rp2_common/pico_double/double_aeabi_rp2040.S.o
                0x000000001000727c                __wrap___aeabi_d2iz
                0x000000001000727c                double2int_z
 .text.__wrap___aeabi_d2uiz
                0x00000000100072c4       0x18 CMakeFiles/tinyusb_host_msc_file_explorer.dir/home/connerparker/ASEN_4013/AERIS-Software/pico-sdk/src/rp2_common/pico_double/double_aeabi_rp2040.S.o
                0x00000000100072c4                double2uint
                0x00000000100072c4                __wrap___aeabi_d2uiz
 .text.__aeabi_double_init
                0x00000000100072dc       0xa0 CMakeFiles/tinyusb_host_msc_file_explorer.dir/home/connerparker/ASEN_4013/AERIS-Software/pico-sdk/src/rp2_common/pico_double/double_init_rom_rp2040.c.o
                0x00000000100072dc                __aeabi_double_init
 .text.double_table_shim_on_use_helper
                0x000000001000737c       0x2c CMakeFiles/tinyusb_host_msc_file_explorer.dir/home/connerparker/ASEN_4013/AERIS-Software/pico-sdk/src/rp2_common/pico_double/double_v1_rom_shim_rp2040.S.o
                0x000000001000737c                double_table_shim_on_use_helper
 .text.__wrap___aeabi_dsub
                0x00000000100073a8       0x10 CMakeFiles/tinyusb_host_msc_file_explorer.dir/home/connerparker/ASEN_4013/AERIS-Software/pico-sdk/src/rp2_common/pico_double/double_v1_rom_shim_rp2040.S.o
                0x00000000100073a8                drsub_shim
                0x00000000100073ae                dsub_shim
 .text.dadd_shim
                0x00000000100073b8      0x15c CMakeFiles/tinyusb_host_msc_file_explorer.dir/home/connerparker/ASEN_4013/AERIS-Software/pico-sdk/src/rp2_common/pico_double/double_v1_rom_shim_rp2040.S.o
                0x00000000100073b8                dadd_shim
 .text.dmul_shim
                0x0000000010007514      0x15c CMakeFiles/tinyusb_host_msc_file_explorer.dir/home/connerparker/ASEN_4013/AERIS-Software/pico-sdk/src/rp2_common/pico_double/double_v1_rom_shim_rp2040.S.o
                0x0000000010007514                dmul_shim
 .text.ddiv_shim
                0x0000000010007670      0x1b0 CMakeFiles/tinyusb_host_msc_file_explorer.dir/home/connerparker/ASEN_4013/AERIS-Software/pico-sdk/src/rp2_common/pico_double/double_v1_rom_shim_rp2040.S.o
                0x0000000010007670                ddiv_shim
 .text.double2uint_shim
                0x0000000010007820        0xe CMakeFiles/tinyusb_host_msc_file_explorer.dir/home/connerparker/ASEN_4013/AERIS-Software/pico-sdk/src/rp2_common/pico_double/double_v1_rom_shim_rp2040.S.o
                0x0000000010007820                double2uint_shim
                0x0000000010007822                double2ufix_shim
 *fill*         0x000000001000782e        0x2 
 .text.double2uint64_shim
                0x0000000010007830       0x70 CMakeFiles/tinyusb_host_msc_file_explorer.dir/home/connerparker/ASEN_4013/AERIS-Software/pico-sdk/src/rp2_common/pico_double/double_v1_rom_shim_rp2040.S.o
                0x0000000010007830                double2uint64_shim
                0x0000000010007832                double2ufix64_shim
                0x0000000010007852                d2fix_a
 .text.dunpacks
                0x00000000100078a0       0x3c CMakeFiles/tinyusb_host_msc_file_explorer.dir/home/connerparker/ASEN_4013/AERIS-Software/pico-sdk/src/rp2_common/pico_double/double_v1_rom_shim_rp2040.S.o
                0x00000000100078a0                dunpacks
 .text.__aeabi_lmul
                0x00000000100078dc       0x32 CMakeFiles/tinyusb_host_msc_file_explorer.dir/home/connerparker/ASEN_4013/AERIS-Software/pico-sdk/src/rp2_common/pico_int64_ops/pico_int64_ops_aeabi.S.o
                0x00000000100078dc                __wrap___aeabi_lmul
 *fill*         0x000000001000790e        0x2 
 .text.__aeabi_float_init
                0x0000000010007910       0x64 CMakeFiles/tinyusb_host_msc_file_explorer.dir/home/connerparker/ASEN_4013/AERIS-Software/pico-sdk/src/rp2_common/pico_float/float_init_rom_rp2040.c.o
                0x0000000010007910                __aeabi_float_init
 .text.float_table_shim_on_use_helper
                0x0000000010007974       0x2c CMakeFiles/tinyusb_host_msc_file_explorer.dir/home/connerparker/ASEN_4013/AERIS-Software/pico-sdk/src/rp2_common/pico_float/float_v1_rom_shim_rp2040.S.o
                0x0000000010007974                float_table_shim_on_use_helper
 .text.__wrap_malloc
                0x00000000100079a0       0x24 CMakeFiles/tinyusb_host_msc_file_explorer.dir/home/connerparker/ASEN_4013/AERIS-Software/pico-sdk/src/rp2_common/pico_malloc/malloc.c.o
                0x00000000100079a0                __wrap_malloc
 .text          0x00000000100079c4       0x10 CMakeFiles/tinyusb_host_msc_file_explorer.dir/home/connerparker/ASEN_4013/AERIS-Software/pico-sdk/src/rp2_common/pico_mem_ops/mem_ops_aeabi.S.o
                0x00000000100079c4                __aeabi_mem_init
 .text.memset   0x00000000100079d4        0xc CMakeFiles/tinyusb_host_msc_file_explorer.dir/home/connerparker/ASEN_4013/AERIS-Software/pico-sdk/src/rp2_common/pico_mem_ops/mem_ops_aeabi.S.o
                0x00000000100079d4                __wrap_memset
 .text.memcpy   0x00000000100079e0        0xc CMakeFiles/tinyusb_host_msc_file_explorer.dir/home/connerparker/ASEN_4013/AERIS-Software/pico-sdk/src/rp2_common/pico_mem_ops/mem_ops_aeabi.S.o
                0x00000000100079e0                __wrap___aeabi_memcpy
                0x00000000100079e0                __wrap_memcpy
 .text._out_null
                0x00000000100079ec        0x4 CMakeFiles/tinyusb_host_msc_file_explorer.dir/home/connerparker/ASEN_4013/AERIS-Software/pico-sdk/src/rp2_common/pico_printf/printf.c.o
 .text._out_rev
                0x00000000100079f0       0x9c CMakeFiles/tinyusb_host_msc_file_explorer.dir/home/connerparker/ASEN_4013/AERIS-Software/pico-sdk/src/rp2_common/pico_printf/printf.c.o
 .text._ntoa_format
                0x0000000010007a8c      0x1cc CMakeFiles/tinyusb_host_msc_file_explorer.dir/home/connerparker/ASEN_4013/AERIS-Software/pico-sdk/src/rp2_common/pico_printf/printf.c.o
 .text._out_char
                0x0000000010007c58       0x10 CMakeFiles/tinyusb_host_msc_file_explorer.dir/home/connerparker/ASEN_4013/AERIS-Software/pico-sdk/src/rp2_common/pico_printf/printf.c.o
 .text._out_fct
                0x0000000010007c68       0x10 CMakeFiles/tinyusb_host_msc_file_explorer.dir/home/connerparker/ASEN_4013/AERIS-Software/pico-sdk/src/rp2_common/pico_printf/printf.c.o
 .text._etoa    0x0000000010007c78      0x44c CMakeFiles/tinyusb_host_msc_file_explorer.dir/home/connerparker/ASEN_4013/AERIS-Software/pico-sdk/src/rp2_common/pico_printf/printf.c.o
 .text._ftoa    0x00000000100080c4      0x398 CMakeFiles/tinyusb_host_msc_file_explorer.dir/home/connerparker/ASEN_4013/AERIS-Software/pico-sdk/src/rp2_common/pico_printf/printf.c.o
 .text._vsnprintf
                0x000000001000845c      0xb04 CMakeFiles/tinyusb_host_msc_file_explorer.dir/home/connerparker/ASEN_4013/AERIS-Software/pico-sdk/src/rp2_common/pico_printf/printf.c.o
 .text.vfctprintf
                0x0000000010008f60       0x20 CMakeFiles/tinyusb_host_msc_file_explorer.dir/home/connerparker/ASEN_4013/AERIS-Software/pico-sdk/src/rp2_common/pico_printf/printf.c.o
                0x0000000010008f60                vfctprintf
 .text.weak_raw_vprintf
                0x0000000010008f80       0x30 CMakeFiles/tinyusb_host_msc_file_explorer.dir/home/connerparker/ASEN_4013/AERIS-Software/pico-sdk/src/rp2_common/pico_printf/printf.c.o
                0x0000000010008f80                weak_raw_vprintf
 .text._exit    0x0000000010008fb0        0x4 CMakeFiles/tinyusb_host_msc_file_explorer.dir/home/connerparker/ASEN_4013/AERIS-Software/pico-sdk/src/rp2_common/pico_clib_interface/newlib_interface.c.o
                0x0000000010008fb0                _exit
 .text._sbrk    0x0000000010008fb4       0x34 CMakeFiles/tinyusb_host_msc_file_explorer.dir/home/connerparker/ASEN_4013/AERIS-Software/pico-sdk/src/rp2_common/pico_clib_interface/newlib_interface.c.o
                0x0000000010008fb4                _sbrk
 .text._read    0x0000000010008fe8       0x24 CMakeFiles/tinyusb_host_msc_file_explorer.dir/home/connerparker/ASEN_4013/AERIS-Software/pico-sdk/src/rp2_common/pico_clib_interface/newlib_interface.c.o
                0x0000000010008fe8                _read
 .text._write   0x000000001000900c       0x24 CMakeFiles/tinyusb_host_msc_file_explorer.dir/home/connerparker/ASEN_4013/AERIS-Software/pico-sdk/src/rp2_common/pico_clib_interface/newlib_interface.c.o
                0x000000001000900c                _write
 .text._close   0x0000000010009030        0x8 CMakeFiles/tinyusb_host_msc_file_explorer.dir/home/connerparker/ASEN_4013/AERIS-Software/pico-sdk/src/rp2_common/pico_clib_interface/newlib_interface.c.o
                0x0000000010009030                _close
 .text._lseek   0x0000000010009038        0x8 CMakeFiles/tinyusb_host_msc_file_explorer.dir/home/connerparker/ASEN_4013/AERIS-Software/pico-sdk/src/rp2_common/pico_clib_interface/newlib_interface.c.o
                0x0000000010009038                _lseek
 .text._fstat   0x0000000010009040        0x8 CMakeFiles/tinyusb_host_msc_file_explorer.dir/home/connerparker/ASEN_4013/AERIS-Software/pico-sdk/src/rp2_common/pico_clib_interface/newlib_interface.c.o
                0x0000000010009040                _fstat
 .text._isatty  0x0000000010009048        0xc CMakeFiles/tinyusb_host_msc_file_explorer.dir/home/connerparker/ASEN_4013/AERIS-Software/pico-sdk/src/rp2_common/pico_clib_interface/newlib_interface.c.o
                0x0000000010009048                _isatty
 .text.exit     0x0000000010009054        0x8 CMakeFiles/tinyusb_host_msc_file_explorer.dir/home/connerparker/ASEN_4013/AERIS-Software/pico-sdk/src/rp2_common/pico_clib_interface/newlib_interface.c.o
                0x0000000010009054                exit
 .text.runtime_init
                0x000000001000905c       0x2c CMakeFiles/tinyusb_host_msc_file_explorer.dir/home/connerparker/ASEN_4013/AERIS-Software/pico-sdk/src/rp2_common/pico_clib_interface/newlib_interface.c.o
                0x000000001000905c                runtime_init
 .text.stdio_out_chars_no_crlf
                0x0000000010009088       0x10 CMakeFiles/tinyusb_host_msc_file_explorer.dir/home/connerparker/ASEN_4013/AERIS-Software/pico-sdk/src/rp2_common/pico_stdio/stdio.c.o
 .text.stdio_out_chars_crlf
                0x0000000010009098       0xb4 CMakeFiles/tinyusb_host_msc_file_explorer.dir/home/connerparker/ASEN_4013/AERIS-Software/pico-sdk/src/rp2_common/pico_stdio/stdio.c.o
 .text.stdio_buffered_printer
                0x000000001000914c       0x64 CMakeFiles/tinyusb_host_msc_file_explorer.dir/home/connerparker/ASEN_4013/AERIS-Software/pico-sdk/src/rp2_common/pico_stdio/stdio.c.o
 .text.stdio_put_string
                0x00000000100091b0      0x100 CMakeFiles/tinyusb_host_msc_file_explorer.dir/home/connerparker/ASEN_4013/AERIS-Software/pico-sdk/src/rp2_common/pico_stdio/stdio.c.o
                0x00000000100091b0                stdio_put_string
 .text.stdio_get_until
                0x00000000100092b0       0x84 CMakeFiles/tinyusb_host_msc_file_explorer.dir/home/connerparker/ASEN_4013/AERIS-Software/pico-sdk/src/rp2_common/pico_stdio/stdio.c.o
                0x00000000100092b0                stdio_get_until
 .text.stdio_set_driver_enabled
                0x0000000010009334       0x30 CMakeFiles/tinyusb_host_msc_file_explorer.dir/home/connerparker/ASEN_4013/AERIS-Software/pico-sdk/src/rp2_common/pico_stdio/stdio.c.o
                0x0000000010009334                stdio_set_driver_enabled
 .text.stdio_getchar_timeout_us
                0x0000000010009364       0x98 CMakeFiles/tinyusb_host_msc_file_explorer.dir/home/connerparker/ASEN_4013/AERIS-Software/pico-sdk/src/rp2_common/pico_stdio/stdio.c.o
                0x0000000010009364                stdio_getchar_timeout_us
 .text.__wrap_putchar
                0x00000000100093fc       0x98 CMakeFiles/tinyusb_host_msc_file_explorer.dir/home/connerparker/ASEN_4013/AERIS-Software/pico-sdk/src/rp2_common/pico_stdio/stdio.c.o
                0x00000000100093fc                stdio_putchar
                0x00000000100093fc                __wrap_putchar
 .text.__wrap_puts
                0x0000000010009494       0x3c CMakeFiles/tinyusb_host_msc_file_explorer.dir/home/connerparker/ASEN_4013/AERIS-Software/pico-sdk/src/rp2_common/pico_stdio/stdio.c.o
                0x0000000010009494                __wrap_puts
                0x0000000010009494                stdio_puts
 .text.__wrap_vprintf
                0x00000000100094d0       0xd8 CMakeFiles/tinyusb_host_msc_file_explorer.dir/home/connerparker/ASEN_4013/AERIS-Software/pico-sdk/src/rp2_common/pico_stdio/stdio.c.o
                0x00000000100094d0                __wrap_vprintf
                0x00000000100094d0                stdio_vprintf
 .text.__wrap_printf
                0x00000000100095a8       0x18 CMakeFiles/tinyusb_host_msc_file_explorer.dir/home/connerparker/ASEN_4013/AERIS-Software/pico-sdk/src/rp2_common/pico_stdio/stdio.c.o
                0x00000000100095a8                stdio_printf
                0x00000000100095a8                __wrap_printf
 .text.stdio_uart_out_chars
                0x00000000100095c0       0x4c CMakeFiles/tinyusb_host_msc_file_explorer.dir/home/connerparker/ASEN_4013/AERIS-Software/pico-sdk/src/rp2_common/pico_stdio_uart/stdio_uart.c.o
 .text.stdio_uart_in_chars
                0x000000001000960c       0x84 CMakeFiles/tinyusb_host_msc_file_explorer.dir/home/connerparker/ASEN_4013/AERIS-Software/pico-sdk/src/rp2_common/pico_stdio_uart/stdio_uart.c.o
                0x000000001000960c                stdio_uart_in_chars
 .text.on_uart_rx
                0x0000000010009690       0x28 CMakeFiles/tinyusb_host_msc_file_explorer.dir/home/connerparker/ASEN_4013/AERIS-Software/pico-sdk/src/rp2_common/pico_stdio_uart/stdio_uart.c.o
 .text.stdio_uart_out_flush
                0x00000000100096b8       0x14 CMakeFiles/tinyusb_host_msc_file_explorer.dir/home/connerparker/ASEN_4013/AERIS-Software/pico-sdk/src/rp2_common/pico_stdio_uart/stdio_uart.c.o
 .text.stdio_uart_set_chars_available_callback
                0x00000000100096cc       0x88 CMakeFiles/tinyusb_host_msc_file_explorer.dir/home/connerparker/ASEN_4013/AERIS-Software/pico-sdk/src/rp2_common/pico_stdio_uart/stdio_uart.c.o
 .text.stdio_uart_init_full
                0x0000000010009754       0x3c CMakeFiles/tinyusb_host_msc_file_explorer.dir/home/connerparker/ASEN_4013/AERIS-Software/pico-sdk/src/rp2_common/pico_stdio_uart/stdio_uart.c.o
                0x0000000010009754                stdio_uart_init_full
 .text.board_init
                0x0000000010009790       0x30 CMakeFiles/tinyusb_host_msc_file_explorer.dir/home/connerparker/ASEN_4013/AERIS-Software/pico-sdk/lib/tinyusb/hw/bsp/rp2040/family.c.o
                0x0000000010009790                board_init
 .text.board_led_write
                0x00000000100097c0       0x14 CMakeFiles/tinyusb_host_msc_file_explorer.dir/home/connerparker/ASEN_4013/AERIS-Software/pico-sdk/lib/tinyusb/hw/bsp/rp2040/family.c.o
                0x00000000100097c0                board_led_write
 .text.board_getchar
                0x00000000100097d4        0xc CMakeFiles/tinyusb_host_msc_file_explorer.dir/home/connerparker/ASEN_4013/AERIS-Software/pico-sdk/lib/tinyusb/hw/bsp/rp2040/family.c.o
                0x00000000100097d4                board_getchar
 .text.startup._retrieve_unique_id_on_boot
                0x00000000100097e0       0x10 CMakeFiles/tinyusb_host_msc_file_explorer.dir/home/connerparker/ASEN_4013/AERIS-Software/pico-sdk/src/rp2_common/pico_unique_id/unique_id.c.o
 .text.flash_get_unique_id
                0x00000000100097f0       0x40 CMakeFiles/tinyusb_host_msc_file_explorer.dir/home/connerparker/ASEN_4013/AERIS-Software/pico-sdk/src/rp2_common/hardware_flash/flash.c.o
                0x00000000100097f0                flash_get_unique_id
 .text.hcd_init
                0x0000000010009830       0x54 CMakeFiles/tinyusb_host_msc_file_explorer.dir/home/connerparker/ASEN_4013/AERIS-Software/pico-sdk/lib/tinyusb/src/portable/raspberrypi/rp2040/hcd_rp2040.c.o
                0x0000000010009830                hcd_init
 .text.hcd_port_reset
                0x0000000010009884        0x4 CMakeFiles/tinyusb_host_msc_file_explorer.dir/home/connerparker/ASEN_4013/AERIS-Software/pico-sdk/lib/tinyusb/src/portable/raspberrypi/rp2040/hcd_rp2040.c.o
                0x0000000010009884                hcd_port_reset
 .text.hcd_port_reset_end
                0x0000000010009888        0x4 CMakeFiles/tinyusb_host_msc_file_explorer.dir/home/connerparker/ASEN_4013/AERIS-Software/pico-sdk/lib/tinyusb/src/portable/raspberrypi/rp2040/hcd_rp2040.c.o
                0x0000000010009888                hcd_port_reset_end
 .text.hcd_port_connect_status
                0x000000001000988c       0x18 CMakeFiles/tinyusb_host_msc_file_explorer.dir/home/connerparker/ASEN_4013/AERIS-Software/pico-sdk/lib/tinyusb/src/portable/raspberrypi/rp2040/hcd_rp2040.c.o
                0x000000001000988c                hcd_port_connect_status
 .text.hcd_port_speed_get
                0x00000000100098a4       0x24 CMakeFiles/tinyusb_host_msc_file_explorer.dir/home/connerparker/ASEN_4013/AERIS-Software/pico-sdk/lib/tinyusb/src/portable/raspberrypi/rp2040/hcd_rp2040.c.o
                0x00000000100098a4                hcd_port_speed_get
 .text.hcd_device_close
                0x00000000100098c8      0x470 CMakeFiles/tinyusb_host_msc_file_explorer.dir/home/connerparker/ASEN_4013/AERIS-Software/pico-sdk/lib/tinyusb/src/portable/raspberrypi/rp2040/hcd_rp2040.c.o
                0x00000000100098c8                hcd_device_close
 .text.hcd_int_enable
                0x0000000010009d38        0xc CMakeFiles/tinyusb_host_msc_file_explorer.dir/home/connerparker/ASEN_4013/AERIS-Software/pico-sdk/lib/tinyusb/src/portable/raspberrypi/rp2040/hcd_rp2040.c.o
                0x0000000010009d38                hcd_int_enable
 .text.hcd_edpt_open
                0x0000000010009d44      0x230 CMakeFiles/tinyusb_host_msc_file_explorer.dir/home/connerparker/ASEN_4013/AERIS-Software/pico-sdk/lib/tinyusb/src/portable/raspberrypi/rp2040/hcd_rp2040.c.o
                0x0000000010009d44                hcd_edpt_open
 .text.hcd_edpt_xfer
                0x0000000010009f74      0x34c CMakeFiles/tinyusb_host_msc_file_explorer.dir/home/connerparker/ASEN_4013/AERIS-Software/pico-sdk/lib/tinyusb/src/portable/raspberrypi/rp2040/hcd_rp2040.c.o
                0x0000000010009f74                hcd_edpt_xfer
 .text.hcd_edpt_abort_xfer
                0x000000001000a2c0        0x4 CMakeFiles/tinyusb_host_msc_file_explorer.dir/home/connerparker/ASEN_4013/AERIS-Software/pico-sdk/lib/tinyusb/src/portable/raspberrypi/rp2040/hcd_rp2040.c.o
                0x000000001000a2c0                hcd_edpt_abort_xfer
 .text.hcd_setup_send
                0x000000001000a2c4       0xbc CMakeFiles/tinyusb_host_msc_file_explorer.dir/home/connerparker/ASEN_4013/AERIS-Software/pico-sdk/lib/tinyusb/src/portable/raspberrypi/rp2040/hcd_rp2040.c.o
                0x000000001000a2c4                hcd_setup_send
 .text.rp2040_usb_init
                0x000000001000a380       0x40 CMakeFiles/tinyusb_host_msc_file_explorer.dir/home/connerparker/ASEN_4013/AERIS-Software/pico-sdk/lib/tinyusb/src/portable/raspberrypi/rp2040/rp2040_usb.c.o
                0x000000001000a380                rp2040_usb_init
 .text.hw_endpoint_xfer_start
                0x000000001000a3c0       0x50 CMakeFiles/tinyusb_host_msc_file_explorer.dir/home/connerparker/ASEN_4013/AERIS-Software/pico-sdk/lib/tinyusb/src/portable/raspberrypi/rp2040/rp2040_usb.c.o
                0x000000001000a3c0                hw_endpoint_xfer_start
 .text._control_blocking_complete_cb
                0x000000001000a410        0x8 CMakeFiles/tinyusb_host_msc_file_explorer.dir/home/connerparker/ASEN_4013/AERIS-Software/pico-sdk/lib/tinyusb/src/host/usbh.c.o
 .text.process_removing_device
                0x000000001000a418      0x15c CMakeFiles/tinyusb_host_msc_file_explorer.dir/home/connerparker/ASEN_4013/AERIS-Software/pico-sdk/lib/tinyusb/src/host/usbh.c.o
 .text.tuh_event_hook_cb
                0x000000001000a574        0x4 CMakeFiles/tinyusb_host_msc_file_explorer.dir/home/connerparker/ASEN_4013/AERIS-Software/pico-sdk/lib/tinyusb/src/host/usbh.c.o
                0x000000001000a574                tuh_event_hook_cb
 .text.tuh_speed_get
                0x000000001000a578       0x28 CMakeFiles/tinyusb_host_msc_file_explorer.dir/home/connerparker/ASEN_4013/AERIS-Software/pico-sdk/lib/tinyusb/src/host/usbh.c.o
                0x000000001000a578                tuh_speed_get
 .text.tuh_init
                0x000000001000a5a0      0x12c CMakeFiles/tinyusb_host_msc_file_explorer.dir/home/connerparker/ASEN_4013/AERIS-Software/pico-sdk/lib/tinyusb/src/host/usbh.c.o
                0x000000001000a5a0                tuh_init
 .text.tuh_edpt_abort_xfer
                0x000000001000a6cc       0xb0 CMakeFiles/tinyusb_host_msc_file_explorer.dir/home/connerparker/ASEN_4013/AERIS-Software/pico-sdk/lib/tinyusb/src/host/usbh.c.o
                0x000000001000a6cc                tuh_edpt_abort_xfer
 .text.usbh_control_xfer_cb.constprop.0.isra.0
                0x000000001000a77c      0x190 CMakeFiles/tinyusb_host_msc_file_explorer.dir/home/connerparker/ASEN_4013/AERIS-Software/pico-sdk/lib/tinyusb/src/host/usbh.c.o
 .text.tuh_task_ext.part.0
                0x000000001000a90c      0x28c CMakeFiles/tinyusb_host_msc_file_explorer.dir/home/connerparker/ASEN_4013/AERIS-Software/pico-sdk/lib/tinyusb/src/host/usbh.c.o
 .text.tuh_task_ext
                0x000000001000ab98       0x18 CMakeFiles/tinyusb_host_msc_file_explorer.dir/home/connerparker/ASEN_4013/AERIS-Software/pico-sdk/lib/tinyusb/src/host/usbh.c.o
                0x000000001000ab98                tuh_task_ext
 .text.tuh_control_xfer.part.0
                0x000000001000abb0      0x134 CMakeFiles/tinyusb_host_msc_file_explorer.dir/home/connerparker/ASEN_4013/AERIS-Software/pico-sdk/lib/tinyusb/src/host/usbh.c.o
 .text._get_descriptor
                0x000000001000ace4      0x154 CMakeFiles/tinyusb_host_msc_file_explorer.dir/home/connerparker/ASEN_4013/AERIS-Software/pico-sdk/lib/tinyusb/src/host/usbh.c.o
 .text.process_enumeration
                0x000000001000ae38      0x65c CMakeFiles/tinyusb_host_msc_file_explorer.dir/home/connerparker/ASEN_4013/AERIS-Software/pico-sdk/lib/tinyusb/src/host/usbh.c.o
 .text.tuh_control_xfer
                0x000000001000b494      0x140 CMakeFiles/tinyusb_host_msc_file_explorer.dir/home/connerparker/ASEN_4013/AERIS-Software/pico-sdk/lib/tinyusb/src/host/usbh.c.o
                0x000000001000b494                tuh_control_xfer
 .text.usbh_get_rhport
                0x000000001000b5d4       0x20 CMakeFiles/tinyusb_host_msc_file_explorer.dir/home/connerparker/ASEN_4013/AERIS-Software/pico-sdk/lib/tinyusb/src/host/usbh.c.o
                0x000000001000b5d4                usbh_get_rhport
 .text.usbh_edpt_claim
                0x000000001000b5f4       0x48 CMakeFiles/tinyusb_host_msc_file_explorer.dir/home/connerparker/ASEN_4013/AERIS-Software/pico-sdk/lib/tinyusb/src/host/usbh.c.o
                0x000000001000b5f4                usbh_edpt_claim
 .text.usbh_edpt_release
                0x000000001000b63c       0x48 CMakeFiles/tinyusb_host_msc_file_explorer.dir/home/connerparker/ASEN_4013/AERIS-Software/pico-sdk/lib/tinyusb/src/host/usbh.c.o
                0x000000001000b63c                usbh_edpt_release
 .text.usbh_edpt_xfer_with_callback
                0x000000001000b684       0x78 CMakeFiles/tinyusb_host_msc_file_explorer.dir/home/connerparker/ASEN_4013/AERIS-Software/pico-sdk/lib/tinyusb/src/host/usbh.c.o
                0x000000001000b684                usbh_edpt_xfer_with_callback
 .text.tuh_edpt_open
                0x000000001000b6fc       0x50 CMakeFiles/tinyusb_host_msc_file_explorer.dir/home/connerparker/ASEN_4013/AERIS-Software/pico-sdk/lib/tinyusb/src/host/usbh.c.o
                0x000000001000b6fc                tuh_edpt_open
 .text.usbh_driver_set_config_complete
                0x000000001000b74c      0x1ac CMakeFiles/tinyusb_host_msc_file_explorer.dir/home/connerparker/ASEN_4013/AERIS-Software/pico-sdk/lib/tinyusb/src/host/usbh.c.o
                0x000000001000b74c                usbh_driver_set_config_complete
 .text.connection_port_reset_complete
                0x000000001000b8f8       0x34 CMakeFiles/tinyusb_host_msc_file_explorer.dir/home/connerparker/ASEN_4013/AERIS-Software/pico-sdk/lib/tinyusb/src/host/hub.c.o
 .text.hub_clear_feature_complete_stub
                0x000000001000b92c       0x2c CMakeFiles/tinyusb_host_msc_file_explorer.dir/home/connerparker/ASEN_4013/AERIS-Software/pico-sdk/lib/tinyusb/src/host/hub.c.o
 .text.config_set_port_power
                0x000000001000b958       0x5c CMakeFiles/tinyusb_host_msc_file_explorer.dir/home/connerparker/ASEN_4013/AERIS-Software/pico-sdk/lib/tinyusb/src/host/hub.c.o
 .text.config_port_power_complete
                0x000000001000b9b4       0x90 CMakeFiles/tinyusb_host_msc_file_explorer.dir/home/connerparker/ASEN_4013/AERIS-Software/pico-sdk/lib/tinyusb/src/host/hub.c.o
 .text.connection_clear_conn_change_complete
                0x000000001000ba44       0x9c CMakeFiles/tinyusb_host_msc_file_explorer.dir/home/connerparker/ASEN_4013/AERIS-Software/pico-sdk/lib/tinyusb/src/host/hub.c.o
 .text.hub_get_status_complete
                0x000000001000bae0       0x94 CMakeFiles/tinyusb_host_msc_file_explorer.dir/home/connerparker/ASEN_4013/AERIS-Software/pico-sdk/lib/tinyusb/src/host/hub.c.o
 .text.hub_port_get_status_complete
                0x000000001000bb74      0x1c4 CMakeFiles/tinyusb_host_msc_file_explorer.dir/home/connerparker/ASEN_4013/AERIS-Software/pico-sdk/lib/tinyusb/src/host/hub.c.o
 .text.hub_port_clear_feature
                0x000000001000bd38       0x4c CMakeFiles/tinyusb_host_msc_file_explorer.dir/home/connerparker/ASEN_4013/AERIS-Software/pico-sdk/lib/tinyusb/src/host/hub.c.o
                0x000000001000bd38                hub_port_clear_feature
 .text.hub_port_get_status
                0x000000001000bd84       0x50 CMakeFiles/tinyusb_host_msc_file_explorer.dir/home/connerparker/ASEN_4013/AERIS-Software/pico-sdk/lib/tinyusb/src/host/hub.c.o
                0x000000001000bd84                hub_port_get_status
 .text.hub_init
                0x000000001000bdd4       0x14 CMakeFiles/tinyusb_host_msc_file_explorer.dir/home/connerparker/ASEN_4013/AERIS-Software/pico-sdk/lib/tinyusb/src/host/hub.c.o
                0x000000001000bdd4                hub_init
 .text.hub_deinit
                0x000000001000bde8        0x4 CMakeFiles/tinyusb_host_msc_file_explorer.dir/home/connerparker/ASEN_4013/AERIS-Software/pico-sdk/lib/tinyusb/src/host/hub.c.o
                0x000000001000bde8                hub_deinit
 .text.hub_open
                0x000000001000bdec       0x54 CMakeFiles/tinyusb_host_msc_file_explorer.dir/home/connerparker/ASEN_4013/AERIS-Software/pico-sdk/lib/tinyusb/src/host/hub.c.o
                0x000000001000bdec                hub_open
 .text.hub_close
                0x000000001000be40       0x24 CMakeFiles/tinyusb_host_msc_file_explorer.dir/home/connerparker/ASEN_4013/AERIS-Software/pico-sdk/lib/tinyusb/src/host/hub.c.o
                0x000000001000be40                hub_close
 .text.hub_edpt_status_xfer
                0x000000001000be64       0x28 CMakeFiles/tinyusb_host_msc_file_explorer.dir/home/connerparker/ASEN_4013/AERIS-Software/pico-sdk/lib/tinyusb/src/host/hub.c.o
                0x000000001000be64                hub_edpt_status_xfer
 .text.hub_set_config
                0x000000001000be8c       0x54 CMakeFiles/tinyusb_host_msc_file_explorer.dir/home/connerparker/ASEN_4013/AERIS-Software/pico-sdk/lib/tinyusb/src/host/hub.c.o
                0x000000001000be8c                hub_set_config
 .text.hub_xfer_cb
                0x000000001000bee0      0x168 CMakeFiles/tinyusb_host_msc_file_explorer.dir/home/connerparker/ASEN_4013/AERIS-Software/pico-sdk/lib/tinyusb/src/host/hub.c.o
                0x000000001000bee0                hub_xfer_cb
 .text.config_read_capacity_complete
                0x000000001000c048       0x74 CMakeFiles/tinyusb_host_msc_file_explorer.dir/home/connerparker/ASEN_4013/AERIS-Software/pico-sdk/lib/tinyusb/src/class/msc/msc_host.c.o
 .text.config_get_maxlun_complete
                0x000000001000c0bc       0xc0 CMakeFiles/tinyusb_host_msc_file_explorer.dir/home/connerparker/ASEN_4013/AERIS-Software/pico-sdk/lib/tinyusb/src/class/msc/msc_host.c.o
 .text.config_request_sense_complete
                0x000000001000c17c       0xe0 CMakeFiles/tinyusb_host_msc_file_explorer.dir/home/connerparker/ASEN_4013/AERIS-Software/pico-sdk/lib/tinyusb/src/class/msc/msc_host.c.o
 .text.tuh_msc_get_block_count
                0x000000001000c25c       0x1c CMakeFiles/tinyusb_host_msc_file_explorer.dir/home/connerparker/ASEN_4013/AERIS-Software/pico-sdk/lib/tinyusb/src/class/msc/msc_host.c.o
                0x000000001000c25c                tuh_msc_get_block_count
 .text.tuh_msc_get_block_size
                0x000000001000c278       0x1c CMakeFiles/tinyusb_host_msc_file_explorer.dir/home/connerparker/ASEN_4013/AERIS-Software/pico-sdk/lib/tinyusb/src/class/msc/msc_host.c.o
                0x000000001000c278                tuh_msc_get_block_size
 .text.tuh_msc_mounted
                0x000000001000c294       0x14 CMakeFiles/tinyusb_host_msc_file_explorer.dir/home/connerparker/ASEN_4013/AERIS-Software/pico-sdk/lib/tinyusb/src/class/msc/msc_host.c.o
                0x000000001000c294                tuh_msc_mounted
 .text.tuh_msc_scsi_command
                0x000000001000c2a8       0x88 CMakeFiles/tinyusb_host_msc_file_explorer.dir/home/connerparker/ASEN_4013/AERIS-Software/pico-sdk/lib/tinyusb/src/class/msc/msc_host.c.o
                0x000000001000c2a8                tuh_msc_scsi_command
 .text.config_test_unit_ready_complete
                0x000000001000c330       0xdc CMakeFiles/tinyusb_host_msc_file_explorer.dir/home/connerparker/ASEN_4013/AERIS-Software/pico-sdk/lib/tinyusb/src/class/msc/msc_host.c.o
 .text.tuh_msc_inquiry
                0x000000001000c40c       0xf4 CMakeFiles/tinyusb_host_msc_file_explorer.dir/home/connerparker/ASEN_4013/AERIS-Software/pico-sdk/lib/tinyusb/src/class/msc/msc_host.c.o
                0x000000001000c40c                tuh_msc_inquiry
 .text.tuh_msc_read10
                0x000000001000c500      0x144 CMakeFiles/tinyusb_host_msc_file_explorer.dir/home/connerparker/ASEN_4013/AERIS-Software/pico-sdk/lib/tinyusb/src/class/msc/msc_host.c.o
                0x000000001000c500                tuh_msc_read10
 .text.tuh_msc_write10
                0x000000001000c644      0x140 CMakeFiles/tinyusb_host_msc_file_explorer.dir/home/connerparker/ASEN_4013/AERIS-Software/pico-sdk/lib/tinyusb/src/class/msc/msc_host.c.o
                0x000000001000c644                tuh_msc_write10
 .text.msch_init
                0x000000001000c784       0x18 CMakeFiles/tinyusb_host_msc_file_explorer.dir/home/connerparker/ASEN_4013/AERIS-Software/pico-sdk/lib/tinyusb/src/class/msc/msc_host.c.o
                0x000000001000c784                msch_init
 .text.msch_deinit
                0x000000001000c79c        0x4 CMakeFiles/tinyusb_host_msc_file_explorer.dir/home/connerparker/ASEN_4013/AERIS-Software/pico-sdk/lib/tinyusb/src/class/msc/msc_host.c.o
                0x000000001000c79c                msch_deinit
 .text.msch_close
                0x000000001000c7a0       0x40 CMakeFiles/tinyusb_host_msc_file_explorer.dir/home/connerparker/ASEN_4013/AERIS-Software/pico-sdk/lib/tinyusb/src/class/msc/msc_host.c.o
                0x000000001000c7a0                msch_close
 .text.msch_xfer_cb
                0x000000001000c7e0       0xe8 CMakeFiles/tinyusb_host_msc_file_explorer.dir/home/connerparker/ASEN_4013/AERIS-Software/pico-sdk/lib/tinyusb/src/class/msc/msc_host.c.o
                0x000000001000c7e0                msch_xfer_cb
 .text.msch_open
                0x000000001000c8c8       0xb0 CMakeFiles/tinyusb_host_msc_file_explorer.dir/home/connerparker/ASEN_4013/AERIS-Software/pico-sdk/lib/tinyusb/src/class/msc/msc_host.c.o
                0x000000001000c8c8                msch_open
 .text.msch_set_config
                0x000000001000c978       0x60 CMakeFiles/tinyusb_host_msc_file_explorer.dir/home/connerparker/ASEN_4013/AERIS-Software/pico-sdk/lib/tinyusb/src/class/msc/msc_host.c.o
                0x000000001000c978                msch_set_config
 .text.tu_edpt_claim
                0x000000001000c9d8       0x50 CMakeFiles/tinyusb_host_msc_file_explorer.dir/home/connerparker/ASEN_4013/AERIS-Software/pico-sdk/lib/tinyusb/src/tusb.c.o
                0x000000001000c9d8                tu_edpt_claim
 .text.tu_edpt_release
                0x000000001000ca28       0x38 CMakeFiles/tinyusb_host_msc_file_explorer.dir/home/connerparker/ASEN_4013/AERIS-Software/pico-sdk/lib/tinyusb/src/tusb.c.o
                0x000000001000ca28                tu_edpt_release
 .text.tu_edpt_validate
                0x000000001000ca60       0x78 CMakeFiles/tinyusb_host_msc_file_explorer.dir/home/connerparker/ASEN_4013/AERIS-Software/pico-sdk/lib/tinyusb/src/tusb.c.o
                0x000000001000ca60                tu_edpt_validate
 .text.tu_edpt_bind_driver
                0x000000001000cad8       0x34 CMakeFiles/tinyusb_host_msc_file_explorer.dir/home/connerparker/ASEN_4013/AERIS-Software/pico-sdk/lib/tinyusb/src/tusb.c.o
                0x000000001000cad8                tu_edpt_bind_driver
 .text.tu_desc_get_interface_total_len
                0x000000001000cb0c       0x4c CMakeFiles/tinyusb_host_msc_file_explorer.dir/home/connerparker/ASEN_4013/AERIS-Software/pico-sdk/lib/tinyusb/src/tusb.c.o
                0x000000001000cb0c                tu_desc_get_interface_total_len
 .text.tu_fifo_empty
                0x000000001000cb58       0x10 CMakeFiles/tinyusb_host_msc_file_explorer.dir/home/connerparker/ASEN_4013/AERIS-Software/pico-sdk/lib/tinyusb/src/common/tusb_fifo.c.o
                0x000000001000cb58                tu_fifo_empty
 .text.tu_fifo_read
                0x000000001000cb68       0xa0 CMakeFiles/tinyusb_host_msc_file_explorer.dir/home/connerparker/ASEN_4013/AERIS-Software/pico-sdk/lib/tinyusb/src/common/tusb_fifo.c.o
                0x000000001000cb68                tu_fifo_read
 .text.tu_fifo_write
                0x000000001000cc08       0x88 CMakeFiles/tinyusb_host_msc_file_explorer.dir/home/connerparker/ASEN_4013/AERIS-Software/pico-sdk/lib/tinyusb/src/common/tusb_fifo.c.o
                0x000000001000cc08                tu_fifo_write
 .text.tu_fifo_clear
                0x000000001000cc90       0x40 CMakeFiles/tinyusb_host_msc_file_explorer.dir/home/connerparker/ASEN_4013/AERIS-Software/pico-sdk/lib/tinyusb/src/common/tusb_fifo.c.o
                0x000000001000cc90                tu_fifo_clear
 .text          0x000000001000ccd0       0x28 /usr/lib/gcc/arm-none-eabi/10.3.1/../../../arm-none-eabi/lib/thumb/v6-m/nofp/libg.a(lib_a-malloc.o)
                0x000000001000ccd0                malloc
                0x000000001000cce4                free
 .text          0x000000001000ccf8      0x574 /usr/lib/gcc/arm-none-eabi/10.3.1/../../../arm-none-eabi/lib/thumb/v6-m/nofp/libg.a(lib_a-mallocr.o)
                0x000000001000ccf8                _malloc_r
 .text          0x000000001000d26c       0x48 /usr/lib/gcc/arm-none-eabi/10.3.1/../../../arm-none-eabi/lib/thumb/v6-m/nofp/libg.a(lib_a-memcmp.o)
                0x000000001000d26c                memcmp
 .text          0x000000001000d2b4       0xac /usr/lib/gcc/arm-none-eabi/10.3.1/../../../arm-none-eabi/lib/thumb/v6-m/nofp/libg.a(lib_a-memmove.o)
                0x000000001000d2b4                memmove
 .text          0x000000001000d360        0x8 /usr/lib/gcc/arm-none-eabi/10.3.1/../../../arm-none-eabi/lib/thumb/v6-m/nofp/libg.a(lib_a-mlock.o)
                0x000000001000d360                __malloc_lock
                0x000000001000d364                __malloc_unlock
 .text          0x000000001000d368       0x24 /usr/lib/gcc/arm-none-eabi/10.3.1/../../../arm-none-eabi/lib/thumb/v6-m/nofp/libg.a(lib_a-sbrkr.o)
                0x000000001000d368                _sbrk_r
 .text          0x000000001000d38c       0x14 /usr/lib/gcc/arm-none-eabi/10.3.1/../../../arm-none-eabi/lib/thumb/v6-m/nofp/libg.a(lib_a-setbuf.o)
                0x000000001000d38c                setbuf
 .text          0x000000001000d3a0      0x174 /usr/lib/gcc/arm-none-eabi/10.3.1/../../../arm-none-eabi/lib/thumb/v6-m/nofp/libg.a(lib_a-setvbuf.o)
                0x000000001000d3a0                setvbuf
 .text          0x000000001000d514       0xc0 /usr/lib/gcc/arm-none-eabi/10.3.1/../../../arm-none-eabi/lib/thumb/v6-m/nofp/libg.a(lib_a-strchr.o)
                0x000000001000d514                strchr
 .text          0x000000001000d5d4       0x88 /usr/lib/gcc/arm-none-eabi/10.3.1/../../../arm-none-eabi/lib/thumb/v6-m/nofp/libg.a(lib_a-strcmp.o)
                0x000000001000d5d4                strcmp
 .text          0x000000001000d65c       0x5c /usr/lib/gcc/arm-none-eabi/10.3.1/../../../arm-none-eabi/lib/thumb/v6-m/nofp/libg.a(lib_a-strlen-stub.o)
                0x000000001000d65c                strlen
 .text          0x000000001000d6b8      0x1c0 /usr/lib/gcc/arm-none-eabi/10.3.1/../../../arm-none-eabi/lib/thumb/v6-m/nofp/libg.a(lib_a-fflush.o)
                0x000000001000d6b8                __sflush_r
                0x000000001000d7f8                _fflush_r
                0x000000001000d824                fflush
 .text          0x000000001000d878      0x248 /usr/lib/gcc/arm-none-eabi/10.3.1/../../../arm-none-eabi/lib/thumb/v6-m/nofp/libg.a(lib_a-findfp.o)
                0x000000001000d87c                _cleanup_r
                0x000000001000d978                __sfmoreglue
                0x000000001000d9a8                __sfp
                0x000000001000da58                _cleanup
                0x000000001000da70                __sinit
                0x000000001000da80                __sfp_lock_acquire
                0x000000001000da84                __sfp_lock_release
                0x000000001000da88                __sinit_lock_acquire
                0x000000001000da8c                __sinit_lock_release
                0x000000001000da90                __fp_lock_all
                0x000000001000daa8                __fp_unlock_all
 .text          0x000000001000dac0      0x260 /usr/lib/gcc/arm-none-eabi/10.3.1/../../../arm-none-eabi/lib/thumb/v6-m/nofp/libg.a(lib_a-freer.o)
                0x000000001000dac0                _malloc_trim_r
                0x000000001000db5c                _free_r
 .text          0x000000001000dd20       0x88 /usr/lib/gcc/arm-none-eabi/10.3.1/../../../arm-none-eabi/lib/thumb/v6-m/nofp/libg.a(lib_a-fwalk.o)
                0x000000001000dd20                _fwalk
                0x000000001000dd60                _fwalk_reent
 .text          0x000000001000dda8      0x144 /usr/lib/gcc/arm-none-eabi/10.3.1/../../../arm-none-eabi/lib/thumb/v6-m/nofp/libg.a(lib_a-makebuf.o)
                0x000000001000dda8                __smakebuf_r
                0x000000001000de8c                __swhatbuf_r
 .text          0x000000001000deec       0xa4 /usr/lib/gcc/arm-none-eabi/10.3.1/../../../arm-none-eabi/lib/thumb/v6-m/nofp/libg.a(lib_a-stdio.o)
                0x000000001000deec                __sread
                0x000000001000df14                __seofread
                0x000000001000df18                __swrite
                0x000000001000df58                __sseek
                0x000000001000df84                __sclose
 .text          0x000000001000df90       0x28 /usr/lib/gcc/arm-none-eabi/10.3.1/../../../arm-none-eabi/lib/thumb/v6-m/nofp/libg.a(lib_a-writer.o)
                0x000000001000df90                _write_r
 .text          0x000000001000dfb8       0x24 /usr/lib/gcc/arm-none-eabi/10.3.1/../../../arm-none-eabi/lib/thumb/v6-m/nofp/libg.a(lib_a-closer.o)
                0x000000001000dfb8                _close_r
 .text          0x000000001000dfdc       0xe8 /usr/lib/gcc/arm-none-eabi/10.3.1/../../../arm-none-eabi/lib/thumb/v6-m/nofp/libg.a(lib_a-fclose.o)
                0x000000001000e04c                _fclose_r
                0x000000001000e084                fclose
 .text          0x000000001000e0c4       0x28 /usr/lib/gcc/arm-none-eabi/10.3.1/../../../arm-none-eabi/lib/thumb/v6-m/nofp/libg.a(lib_a-fstatr.o)
                0x000000001000e0c4                _fstat_r
 .text          0x000000001000e0ec       0x24 /usr/lib/gcc/arm-none-eabi/10.3.1/../../../arm-none-eabi/lib/thumb/v6-m/nofp/libg.a(lib_a-isattyr.o)
                0x000000001000e0ec                _isatty_r
 .text          0x000000001000e110       0x28 /usr/lib/gcc/arm-none-eabi/10.3.1/../../../arm-none-eabi/lib/thumb/v6-m/nofp/libg.a(lib_a-lseekr.o)
                0x000000001000e110                _lseek_r
 .text          0x000000001000e138       0x28 /usr/lib/gcc/arm-none-eabi/10.3.1/../../../arm-none-eabi/lib/thumb/v6-m/nofp/libg.a(lib_a-readr.o)
                0x000000001000e138                _read_r
 *(.fini)
 .fini          0x000000001000e160        0x4 /usr/lib/gcc/arm-none-eabi/10.3.1/thumb/v6-m/nofp/crti.o
                0x000000001000e160                _fini
 *fill*         0x000000001000e164        0x4 
 .fini.__stub   0x000000001000e168       0xb0 linker stubs
 *crtbegin.o(.ctors)
 *crtbegin?.o(.ctors)
 *(EXCLUDE_FILE(*crtend.o *crtend?.o) .ctors)
 *(SORT_BY_NAME(.ctors.*))
 *(.ctors)
 *crtbegin.o(.dtors)
 *crtbegin?.o(.dtors)
 *(EXCLUDE_FILE(*crtend.o *crtend?.o) .dtors)
 *(SORT_BY_NAME(.dtors.*))
 *(.dtors)
                0x000000001000e218                . = ALIGN (0x4)
                0x000000001000e218                PROVIDE (__preinit_array_start = .)
 *(SORT_BY_NAME(.preinit_array.*))
 .preinit_array.00100
                0x000000001000e218        0x4 CMakeFiles/tinyusb_host_msc_file_explorer.dir/home/connerparker/ASEN_4013/AERIS-Software/pico-sdk/src/rp2_common/pico_runtime_init/runtime_init.c.o
                0x000000001000e218                __pre_init_runtime_init_early_resets
 .preinit_array.00101
                0x000000001000e21c        0x4 CMakeFiles/tinyusb_host_msc_file_explorer.dir/home/connerparker/ASEN_4013/AERIS-Software/pico-sdk/src/rp2_common/pico_runtime_init/runtime_init.c.o
                0x000000001000e21c                __pre_init_runtime_init_usb_power_down
 .preinit_array.00275
                0x000000001000e220        0x4 CMakeFiles/tinyusb_host_msc_file_explorer.dir/home/connerparker/ASEN_4013/AERIS-Software/pico-sdk/src/rp2_common/pico_bit_ops/bit_ops_aeabi.S.o
 .preinit_array.00300
                0x000000001000e224        0x4 CMakeFiles/tinyusb_host_msc_file_explorer.dir/home/connerparker/ASEN_4013/AERIS-Software/pico-sdk/src/rp2_common/pico_mem_ops/mem_ops_aeabi.S.o
 .preinit_array.00350
                0x000000001000e228        0x4 CMakeFiles/tinyusb_host_msc_file_explorer.dir/home/connerparker/ASEN_4013/AERIS-Software/pico-sdk/src/rp2_common/pico_double/double_aeabi_rp2040.S.o
 .preinit_array.00350
                0x000000001000e22c        0x4 CMakeFiles/tinyusb_host_msc_file_explorer.dir/home/connerparker/ASEN_4013/AERIS-Software/pico-sdk/src/rp2_common/pico_float/float_aeabi_rp2040.S.o
 .preinit_array.00500
                0x000000001000e230        0x4 CMakeFiles/tinyusb_host_msc_file_explorer.dir/home/connerparker/ASEN_4013/AERIS-Software/pico-sdk/src/rp2_common/pico_runtime_init/runtime_init.c.o
                0x000000001000e230                __pre_init_runtime_init_clocks
 .preinit_array.00600
                0x000000001000e234        0x4 CMakeFiles/tinyusb_host_msc_file_explorer.dir/home/connerparker/ASEN_4013/AERIS-Software/pico-sdk/src/rp2_common/pico_runtime_init/runtime_init.c.o
                0x000000001000e234                __pre_init_runtime_init_post_clock_resets
 .preinit_array.00700
                0x000000001000e238        0x4 CMakeFiles/tinyusb_host_msc_file_explorer.dir/home/connerparker/ASEN_4013/AERIS-Software/pico-sdk/src/rp2_common/pico_runtime_init/runtime_init.c.o
                0x000000001000e238                __pre_init_runtime_init_rp2040_gpio_ie_disable
 .preinit_array.01000
                0x000000001000e23c        0x4 CMakeFiles/tinyusb_host_msc_file_explorer.dir/home/connerparker/ASEN_4013/AERIS-Software/pico-sdk/src/rp2_common/pico_runtime_init/runtime_init.c.o
                0x000000001000e23c                __pre_init_runtime_init_spin_locks_reset
 .preinit_array.01100
                0x000000001000e240        0x4 CMakeFiles/tinyusb_host_msc_file_explorer.dir/home/connerparker/ASEN_4013/AERIS-Software/pico-sdk/src/common/pico_sync/mutex.c.o
                0x000000001000e240                __pre_init_runtime_init_mutex
 .preinit_array.10080
                0x000000001000e244        0x4 CMakeFiles/tinyusb_host_msc_file_explorer.dir/home/connerparker/ASEN_4013/AERIS-Software/pico-sdk/src/rp2_common/pico_runtime_init/runtime_init.c.o
                0x000000001000e244                __pre_init_runtime_init_install_ram_vector_table
 .preinit_array.11000
                0x000000001000e248        0x4 CMakeFiles/tinyusb_host_msc_file_explorer.dir/home/connerparker/ASEN_4013/AERIS-Software/pico-sdk/src/common/pico_time/time.c.o
                0x000000001000e248                __pre_init_runtime_init_default_alarm_pool
 .preinit_array.YYYYY
                0x000000001000e24c        0x4 CMakeFiles/tinyusb_host_msc_file_explorer.dir/home/connerparker/ASEN_4013/AERIS-Software/pico-sdk/src/rp2_common/pico_runtime/runtime.c.o
                0x000000001000e24c                __pre_init_first_per_core_initializer
 .preinit_array.ZZZZZ.01200
                0x000000001000e250        0x4 CMakeFiles/tinyusb_host_msc_file_explorer.dir/home/connerparker/ASEN_4013/AERIS-Software/pico-sdk/src/rp2_common/hardware_irq/irq.c.o
                0x000000001000e250                __pre_init_runtime_init_per_core_irq_priorities
 *(.preinit_array)
                0x000000001000e254                PROVIDE (__preinit_array_end = .)
                0x000000001000e254                . = ALIGN (0x4)
                0x000000001000e254                PROVIDE (__init_array_start = .)
 *(SORT_BY_NAME(.init_array.*))
 *(.init_array)
 .init_array    0x000000001000e254        0x4 /usr/lib/gcc/arm-none-eabi/10.3.1/thumb/v6-m/nofp/crtbegin.o
 .init_array    0x000000001000e258        0x4 CMakeFiles/tinyusb_host_msc_file_explorer.dir/home/connerparker/ASEN_4013/AERIS-Software/pico-sdk/src/rp2_common/pico_unique_id/unique_id.c.o
                0x000000001000e25c                PROVIDE (__init_array_end = .)
                0x000000001000e25c                . = ALIGN (0x4)
                0x000000001000e25c                PROVIDE (__fini_array_start = .)
 *(SORT_BY_NAME(.fini_array.*))
 *(.fini_array)
                0x000000001000e25c                PROVIDE (__fini_array_end = .)
 *(.eh_frame*)
 .eh_frame      0x000000001000e25c        0x0 /usr/lib/gcc/arm-none-eabi/10.3.1/thumb/v6-m/nofp/crtbegin.o
                0x000000001000e25c                . = ALIGN (0x4)

.glue_7         0x000000001000e25c        0x0
 .glue_7        0x000000001000e25c        0x0 linker stubs

.glue_7t        0x000000001000e25c        0x0
 .glue_7t       0x000000001000e25c        0x0 linker stubs

.vfp11_veneer   0x000000001000e25c        0x0
 .vfp11_veneer  0x000000001000e25c        0x0 linker stubs

.v4_bx          0x000000001000e25c        0x0
 .v4_bx         0x000000001000e25c        0x0 linker stubs

.iplt           0x000000001000e25c        0x0
 .iplt          0x000000001000e25c        0x0 /usr/lib/gcc/arm-none-eabi/10.3.1/thumb/v6-m/nofp/crtbegin.o

.rodata         0x000000001000e260      0xff0
 *(EXCLUDE_FILE(*libm.a: *libc.a:*lib_a-mem*.o *libgcc.a:) .rodata*)
 .rodata.main.str1.4
                0x000000001000e260       0x2b CMakeFiles/tinyusb_host_msc_file_explorer.dir/src/main.c.o
 *fill*         0x000000001000e28b        0x1 
 .rodata.str1.4
                0x000000001000e28c      0x243 CMakeFiles/tinyusb_host_msc_file_explorer.dir/src/msc_app.c.o
 *fill*         0x000000001000e4cf        0x1 
 .rodata.inquiry_complete_cb.str1.4
                0x000000001000e4d0       0x4f CMakeFiles/tinyusb_host_msc_file_explorer.dir/src/msc_app.c.o
 *fill*         0x000000001000e51f        0x1 
 .rodata.embeddedCliTokenizeArgs.part.0.str1.4
                0x000000001000e520        0x2 CMakeFiles/tinyusb_host_msc_file_explorer.dir/src/msc_app.c.o
 *fill*         0x000000001000e522        0x2 
 .rodata.cli_cmd_mkdir.str1.4
                0x000000001000e524       0x37 CMakeFiles/tinyusb_host_msc_file_explorer.dir/src/msc_app.c.o
 *fill*         0x000000001000e55b        0x1 
 .rodata.cli_cmd_cd.str1.4
                0x000000001000e55c       0x20 CMakeFiles/tinyusb_host_msc_file_explorer.dir/src/msc_app.c.o
 .rodata.cli_cmd_pwd.str1.4
                0x000000001000e57c       0x26 CMakeFiles/tinyusb_host_msc_file_explorer.dir/src/msc_app.c.o
 *fill*         0x000000001000e5a2        0x2 
 .rodata.cli_cmd_rm.str1.4
                0x000000001000e5a4       0x30 CMakeFiles/tinyusb_host_msc_file_explorer.dir/src/msc_app.c.o
 .rodata.cli_cmd_ls.str1.4
                0x000000001000e5d4       0x51 CMakeFiles/tinyusb_host_msc_file_explorer.dir/src/msc_app.c.o
                                         0x55 (size before relaxing)
 *fill*         0x000000001000e625        0x3 
 .rodata.cli_init.part.0.str1.4
                0x000000001000e628        0x3 CMakeFiles/tinyusb_host_msc_file_explorer.dir/src/msc_app.c.o
 *fill*         0x000000001000e62b        0x1 
 .rodata.cli_cmd_mv.str1.4
                0x000000001000e62c       0x15 CMakeFiles/tinyusb_host_msc_file_explorer.dir/src/msc_app.c.o
 *fill*         0x000000001000e641        0x3 
 .rodata.cli_cmd_cp.str1.4
                0x000000001000e644       0x5f CMakeFiles/tinyusb_host_msc_file_explorer.dir/src/msc_app.c.o
 *fill*         0x000000001000e6a3        0x1 
 .rodata.onHelp.str1.4
                0x000000001000e6a4       0x92 CMakeFiles/tinyusb_host_msc_file_explorer.dir/src/msc_app.c.o
 .rodata.embeddedCliProcess.str1.4
                0x000000001000e736       0x92 CMakeFiles/tinyusb_host_msc_file_explorer.dir/src/msc_app.c.o
                                          0x1 (size before relaxing)
 *fill*         0x000000001000e736        0x2 
 .rodata.tuh_msc_mount_cb.str1.4
                0x000000001000e738       0x21 CMakeFiles/tinyusb_host_msc_file_explorer.dir/src/msc_app.c.o
 *fill*         0x000000001000e759        0x3 
 .rodata.tuh_msc_umount_cb.str1.4
                0x000000001000e75c       0x23 CMakeFiles/tinyusb_host_msc_file_explorer.dir/src/msc_app.c.o
 *fill*         0x000000001000e77f        0x1 
 .rodata        0x000000001000e780       0xb4 CMakeFiles/tinyusb_host_msc_file_explorer.dir/src/msc_app.c.o
 .rodata.check_fs.str1.4
                0x000000001000e834        0x9 CMakeFiles/tinyusb_host_msc_file_explorer.dir/home/connerparker/ASEN_4013/AERIS-Software/pico-sdk/lib/tinyusb/lib/fatfs/source/ff.c.o
 *fill*         0x000000001000e83d        0x3 
 .rodata.follow_path.str1.4
                0x000000001000e840       0x13 CMakeFiles/tinyusb_host_msc_file_explorer.dir/home/connerparker/ASEN_4013/AERIS-Software/pico-sdk/lib/tinyusb/lib/fatfs/source/ff.c.o
 *fill*         0x000000001000e853        0x1 
 .rodata.ExCvt  0x000000001000e854       0x80 CMakeFiles/tinyusb_host_msc_file_explorer.dir/home/connerparker/ASEN_4013/AERIS-Software/pico-sdk/lib/tinyusb/lib/fatfs/source/ff.c.o
 .rodata.LfnOfs
                0x000000001000e8d4        0xd CMakeFiles/tinyusb_host_msc_file_explorer.dir/home/connerparker/ASEN_4013/AERIS-Software/pico-sdk/lib/tinyusb/lib/fatfs/source/ff.c.o
 *fill*         0x000000001000e8e1        0x3 
 .rodata.ff_wtoupper
                0x000000001000e8e4       0x24 CMakeFiles/tinyusb_host_msc_file_explorer.dir/home/connerparker/ASEN_4013/AERIS-Software/pico-sdk/lib/tinyusb/lib/fatfs/source/ffunicode.c.o
 .rodata.cvt1.1
                0x000000001000e908      0x1f2 CMakeFiles/tinyusb_host_msc_file_explorer.dir/home/connerparker/ASEN_4013/AERIS-Software/pico-sdk/lib/tinyusb/lib/fatfs/source/ffunicode.c.o
 *fill*         0x000000001000eafa        0x2 
 .rodata.cvt2.0
                0x000000001000eafc       0xbc CMakeFiles/tinyusb_host_msc_file_explorer.dir/home/connerparker/ASEN_4013/AERIS-Software/pico-sdk/lib/tinyusb/lib/fatfs/source/ffunicode.c.o
 .rodata.uc437  0x000000001000ebb8      0x100 CMakeFiles/tinyusb_host_msc_file_explorer.dir/home/connerparker/ASEN_4013/AERIS-Software/pico-sdk/lib/tinyusb/lib/fatfs/source/ffunicode.c.o
 .rodata.panic.str1.4
                0x000000001000ecb8       0x10 CMakeFiles/tinyusb_host_msc_file_explorer.dir/home/connerparker/ASEN_4013/AERIS-Software/pico-sdk/src/rp2_common/pico_platform_panic/panic.c.o
                                         0x12 (size before relaxing)
 .rodata.spin_lock_claim_unused.str1.4
                0x000000001000ecc8       0x1b CMakeFiles/tinyusb_host_msc_file_explorer.dir/home/connerparker/ASEN_4013/AERIS-Software/pico-sdk/src/rp2_common/hardware_sync/sync.c.o
 *fill*         0x000000001000ece3        0x5 
 .rodata.at_the_end_of_time
                0x000000001000ece8        0x8 CMakeFiles/tinyusb_host_msc_file_explorer.dir/home/connerparker/ASEN_4013/AERIS-Software/pico-sdk/src/common/pico_time/time.c.o
                0x000000001000ece8                at_the_end_of_time
 .rodata.timer_hardware_alarm_claim.str1.4
                0x000000001000ecf0       0x22 CMakeFiles/tinyusb_host_msc_file_explorer.dir/home/connerparker/ASEN_4013/AERIS-Software/pico-sdk/src/rp2_common/hardware_timer/timer.c.o
 *fill*         0x000000001000ed12        0x2 
 .rodata.hard_assertion_failure.str1.4
                0x000000001000ed14        0xc CMakeFiles/tinyusb_host_msc_file_explorer.dir/home/connerparker/ASEN_4013/AERIS-Software/pico-sdk/src/rp2_common/pico_runtime/runtime.c.o
 .rodata.__wrap_malloc.str1.4
                0x000000001000ed20        0xe CMakeFiles/tinyusb_host_msc_file_explorer.dir/home/connerparker/ASEN_4013/AERIS-Software/pico-sdk/src/rp2_common/pico_malloc/malloc.c.o
 *fill*         0x000000001000ed2e        0x2 
 .rodata.str1.4
                0x000000001000ed30       0x54 CMakeFiles/tinyusb_host_msc_file_explorer.dir/home/connerparker/ASEN_4013/AERIS-Software/pico-sdk/src/rp2_common/pico_standard_binary_info/standard_binary_info.c.o
 .rodata.__bi_26
                0x000000001000ed84        0xc CMakeFiles/tinyusb_host_msc_file_explorer.dir/home/connerparker/ASEN_4013/AERIS-Software/pico-sdk/src/rp2_common/pico_standard_binary_info/standard_binary_info.c.o
 .rodata.__bi_34
                0x000000001000ed90        0xc CMakeFiles/tinyusb_host_msc_file_explorer.dir/home/connerparker/ASEN_4013/AERIS-Software/pico-sdk/src/rp2_common/pico_standard_binary_info/standard_binary_info.c.o
 .rodata.__bi_42
                0x000000001000ed9c        0xc CMakeFiles/tinyusb_host_msc_file_explorer.dir/home/connerparker/ASEN_4013/AERIS-Software/pico-sdk/src/rp2_common/pico_standard_binary_info/standard_binary_info.c.o
 .rodata.__bi_48
                0x000000001000eda8        0xc CMakeFiles/tinyusb_host_msc_file_explorer.dir/home/connerparker/ASEN_4013/AERIS-Software/pico-sdk/src/rp2_common/pico_standard_binary_info/standard_binary_info.c.o
 .rodata.__bi_54
                0x000000001000edb4        0xc CMakeFiles/tinyusb_host_msc_file_explorer.dir/home/connerparker/ASEN_4013/AERIS-Software/pico-sdk/src/rp2_common/pico_standard_binary_info/standard_binary_info.c.o
 .rodata.__bi_78
                0x000000001000edc0        0xc CMakeFiles/tinyusb_host_msc_file_explorer.dir/home/connerparker/ASEN_4013/AERIS-Software/pico-sdk/src/rp2_common/pico_standard_binary_info/standard_binary_info.c.o
 .rodata.__bi_84
                0x000000001000edcc        0xc CMakeFiles/tinyusb_host_msc_file_explorer.dir/home/connerparker/ASEN_4013/AERIS-Software/pico-sdk/src/rp2_common/pico_standard_binary_info/standard_binary_info.c.o
 .rodata._ftoa.str1.4
                0x000000001000edd8       0x15 CMakeFiles/tinyusb_host_msc_file_explorer.dir/home/connerparker/ASEN_4013/AERIS-Software/pico-sdk/src/rp2_common/pico_printf/printf.c.o
 *fill*         0x000000001000eded        0x3 
 .rodata._vsnprintf
                0x000000001000edf0      0x1e0 CMakeFiles/tinyusb_host_msc_file_explorer.dir/home/connerparker/ASEN_4013/AERIS-Software/pico-sdk/src/rp2_common/pico_printf/printf.c.o
 .rodata.pow10.0
                0x000000001000efd0       0x50 CMakeFiles/tinyusb_host_msc_file_explorer.dir/home/connerparker/ASEN_4013/AERIS-Software/pico-sdk/src/rp2_common/pico_printf/printf.c.o
 .rodata.crlf_str.0
                0x000000001000f020        0x2 CMakeFiles/tinyusb_host_msc_file_explorer.dir/home/connerparker/ASEN_4013/AERIS-Software/pico-sdk/src/rp2_common/pico_stdio/stdio.c.o
 *fill*         0x000000001000f022        0x2 
 .rodata.str1.4
                0x000000001000f024        0x4 CMakeFiles/tinyusb_host_msc_file_explorer.dir/home/connerparker/ASEN_4013/AERIS-Software/pico-sdk/lib/tinyusb/hw/bsp/rp2040/family.c.o
 .rodata.__bi_147.0