Archive member included to satisfy reference by file (symbol)

/usr/lib/gcc/arm-none-eabi/10.3.1/thumb/v6-m/nofp/libgcc.a(_dvmd_tls.o)
                              CMakeFiles/i2c_scan.dir/home/connerparker/ASEN_4013/AERIS-Software/pico-sdk/src/rp2_common/pico_divider/divider_hardware.S.o (__aeabi_idiv0)
/usr/lib/gcc/arm-none-eabi/10.3.1/../../../arm-none-eabi/lib/thumb/v6-m/nofp/libg.a(lib_a-atexit.o)
                              /usr/lib/gcc/arm-none-eabi/10.3.1/../../../arm-none-eabi/lib/thumb/v6-m/nofp/crt0.o (atexit)
/usr/lib/gcc/arm-none-eabi/10.3.1/../../../arm-none-eabi/lib/thumb/v6-m/nofp/libg.a(lib_a-calloc.o)
                              CMakeFiles/i2c_scan.dir/home/connerparker/ASEN_4013/AERIS-Software/pico-sdk/src/rp2_common/pico_malloc/malloc.c.o (calloc)
/usr/lib/gcc/arm-none-eabi/10.3.1/../../../arm-none-eabi/lib/thumb/v6-m/nofp/libg.a(lib_a-callocr.o)
                              /usr/lib/gcc/arm-none-eabi/10.3.1/../../../arm-none-eabi/lib/thumb/v6-m/nofp/libg.a(lib_a-calloc.o) (_calloc_r)
/usr/lib/gcc/arm-none-eabi/10.3.1/../../../arm-none-eabi/lib/thumb/v6-m/nofp/libg.a(lib_a-ctype_.o)
                              CMakeFiles/i2c_scan.dir/home/connerparker/ASEN_4013/AERIS-Software/pico-sdk/lib/tinyusb/src/tusb.c.o (_ctype_)
/usr/lib/gcc/arm-none-eabi/10.3.1/../../../arm-none-eabi/lib/thumb/v6-m/nofp/libg.a(lib_a-fini.o)
                              /usr/lib/gcc/arm-none-eabi/10.3.1/../../../arm-none-eabi/lib/thumb/v6-m/nofp/crt0.o (__libc_fini_array)
/usr/lib/gcc/arm-none-eabi/10.3.1/../../../arm-none-eabi/lib/thumb/v6-m/nofp/libg.a(lib_a-impure.o)
                              /usr/lib/gcc/arm-none-eabi/10.3.1/../../../arm-none-eabi/lib/thumb/v6-m/nofp/libg.a(lib_a-calloc.o) (_impure_ptr)
/usr/lib/gcc/arm-none-eabi/10.3.1/../../../arm-none-eabi/lib/thumb/v6-m/nofp/libg.a(lib_a-init.o)
                              /usr/lib/gcc/arm-none-eabi/10.3.1/../../../arm-none-eabi/lib/thumb/v6-m/nofp/crt0.o (__libc_init_array)
/usr/lib/gcc/arm-none-eabi/10.3.1/../../../arm-none-eabi/lib/thumb/v6-m/nofp/libg.a(lib_a-lcltime_r.o)
                              CMakeFiles/i2c_scan.dir/home/connerparker/ASEN_4013/AERIS-Software/pico-sdk/src/common/pico_util/datetime.c.o (localtime_r)
/usr/lib/gcc/arm-none-eabi/10.3.1/../../../arm-none-eabi/lib/thumb/v6-m/nofp/libg.a(lib_a-malloc.o)
                              CMakeFiles/i2c_scan.dir/home/connerparker/ASEN_4013/AERIS-Software/pico-sdk/src/rp2_common/pico_malloc/malloc.c.o (malloc)
/usr/lib/gcc/arm-none-eabi/10.3.1/../../../arm-none-eabi/lib/thumb/v6-m/nofp/libg.a(lib_a-mallocr.o)
                              /usr/lib/gcc/arm-none-eabi/10.3.1/../../../arm-none-eabi/lib/thumb/v6-m/nofp/libg.a(lib_a-callocr.o) (_malloc_r)
/usr/lib/gcc/arm-none-eabi/10.3.1/../../../arm-none-eabi/lib/thumb/v6-m/nofp/libg.a(lib_a-memcmp.o)
                              CMakeFiles/i2c_scan.dir/home/connerparker/ASEN_4013/AERIS-Software/pico-sdk/src/rp2_common/pico_atomic/atomic.c.o (memcmp)
/usr/lib/gcc/arm-none-eabi/10.3.1/../../../arm-none-eabi/lib/thumb/v6-m/nofp/libg.a(lib_a-mktime.o)
                              CMakeFiles/i2c_scan.dir/home/connerparker/ASEN_4013/AERIS-Software/pico-sdk/src/common/pico_util/datetime.c.o (mktime)
/usr/lib/gcc/arm-none-eabi/10.3.1/../../../arm-none-eabi/lib/thumb/v6-m/nofp/libg.a(lib_a-mlock.o)
                              /usr/lib/gcc/arm-none-eabi/10.3.1/../../../arm-none-eabi/lib/thumb/v6-m/nofp/libg.a(lib_a-mallocr.o) (__malloc_lock)
/usr/lib/gcc/arm-none-eabi/10.3.1/../../../arm-none-eabi/lib/thumb/v6-m/nofp/libg.a(lib_a-month_lengths.o)
                              /usr/lib/gcc/arm-none-eabi/10.3.1/../../../arm-none-eabi/lib/thumb/v6-m/nofp/libg.a(lib_a-lcltime_r.o) (__month_lengths)
/usr/lib/gcc/arm-none-eabi/10.3.1/../../../arm-none-eabi/lib/thumb/v6-m/nofp/libg.a(lib_a-realloc.o)
                              CMakeFiles/i2c_scan.dir/home/connerparker/ASEN_4013/AERIS-Software/pico-sdk/src/rp2_common/pico_malloc/malloc.c.o (realloc)
/usr/lib/gcc/arm-none-eabi/10.3.1/../../../arm-none-eabi/lib/thumb/v6-m/nofp/libg.a(lib_a-reallocr.o)
                              /usr/lib/gcc/arm-none-eabi/10.3.1/../../../arm-none-eabi/lib/thumb/v6-m/nofp/libg.a(lib_a-realloc.o) (_realloc_r)
/usr/lib/gcc/arm-none-eabi/10.3.1/../../../arm-none-eabi/lib/thumb/v6-m/nofp/libg.a(lib_a-sbrkr.o)
                              /usr/lib/gcc/arm-none-eabi/10.3.1/../../../arm-none-eabi/lib/thumb/v6-m/nofp/libg.a(lib_a-mallocr.o) (_sbrk_r)
/usr/lib/gcc/arm-none-eabi/10.3.1/../../../arm-none-eabi/lib/thumb/v6-m/nofp/libg.a(lib_a-strlen-stub.o)
                              CMakeFiles/i2c_scan.dir/home/connerparker/ASEN_4013/AERIS-Software/pico-sdk/src/rp2_common/pico_stdio/stdio.c.o (strlen)
/usr/lib/gcc/arm-none-eabi/10.3.1/../../../arm-none-eabi/lib/thumb/v6-m/nofp/libg.a(lib_a-tzcalc_limits.o)
                              /usr/lib/gcc/arm-none-eabi/10.3.1/../../../arm-none-eabi/lib/thumb/v6-m/nofp/libg.a(lib_a-lcltime_r.o) (__tzcalc_limits)
[...]
Memory Configuration

Name             Origin             Length             Attributes
FLASH            0x0000000010000000 0x0000000001000000 xr
RAM              0x0000000020000000 0x0000000000040000 xrw
SCRATCH_X        0x0000000020040000 0x0000000000001000 xrw
SCRATCH_Y        0x0000000020041000 0x0000000000001000 xrw
*default*        0x0000000000000000 0xffffffffffffffff

Linker script and memory map

LOAD /usr/lib/gcc/arm-none-eabi/10.3.1/thumb/v6-m/nofp/crti.o
LOAD /usr/lib/gcc/arm-none-eabi/10.3.1/thumb/v6-m/nofp/crtbegin.o
LOAD /usr/lib/gcc/arm-none-eabi/10.3.1/../../../arm-none-eabi/lib/thumb/v6-m/nofp/crt0.o

.flash_begin    0x0000000010000000        0x0
                0x0000000010000000                __flash_binary_start = .

.boot2          0x0000000010000000      0x100
                0x0000000010000000                __boot2_start__ = .
 *(.boot2)
 .boot2         0x0000000010000000      0x100 pico-sdk/src/rp2040/boot_stage2/CMakeFiles/bs2_default_library.dir/bs2_default_padded_checksummed.S.o
                0x0000000010000100                __boot2_end__ = .
                0x0000000000000001                ASSERT (((__boot2_end__ - __boot2_start__) == 0x100), ERROR: Pico second stage bootloader must be 256 bytes in size)

.text           0x0000000010000100     0x65ec
                0x0000000010000100                __logical_binary_start = .
 *(.vectors)
 .vectors       0x0000000010000100       0xd4 CMakeFiles/i2c_scan.dir/home/connerparker/ASEN_4013/AERIS-Software/pico-sdk/src/rp2_common/pico_crt0/crt0.S.o
                0x0000000010000100                __vectors
                0x0000000010000100                __VECTOR_TABLE
                0x00000000100001c0                isr_invalid
                0x00000000100001c0                __default_isrs_start
                0x00000000100001c2                isr_nmi
                0x00000000100001c4                isr_hardfault
                0x00000000100001c6                isr_svcall
                0x00000000100001c8                isr_pendsv
                0x00000000100001ca                isr_systick
                0x00000000100001cc                isr_irq30
                0x00000000100001cc                __unhandled_user_irq
                0x00000000100001cc                isr_irq13
                0x00000000100001cc                isr_irq27
                0x00000000100001cc                isr_irq31
                0x00000000100001cc                isr_irq5
                0x00000000100001cc                isr_irq11
                0x00000000100001cc                isr_irq23
                0x00000000100001cc                isr_irq18
                0x00000000100001cc                isr_irq28
                0x00000000100001cc                isr_irq19
                0x00000000100001cc                isr_irq0
                0x00000000100001cc                isr_irq6
                0x00000000100001cc                isr_irq22
                0x00000000100001cc                isr_irq17
                0x00000000100001cc                isr_irq14
                0x00000000100001cc                isr_irq2
                0x00000000100001cc                isr_irq10
                0x00000000100001cc                isr_irq8
                0x00000000100001cc                isr_irq24
                0x00000000100001cc                isr_irq1
                0x00000000100001cc                isr_irq7
                0x00000000100001cc                isr_irq21
                0x00000000100001cc                isr_irq20
                0x00000000100001cc                isr_irq15
                0x00000000100001cc                isr_irq25
                0x00000000100001cc                isr_irq4
                0x00000000100001cc                isr_irq16
                0x00000000100001cc                isr_irq29
                0x00000000100001cc                isr_irq26
                0x00000000100001cc                __default_isrs_end
                0x00000000100001cc                isr_irq3
                0x00000000100001cc                isr_irq12
                0x00000000100001cc                isr_irq9
                0x00000000100001d2                unhandled_user_irq_num_in_r0
 *(.binary_info_header)
 .binary_info_header
                0x00000000100001d4       0x14 CMakeFiles/i2c_scan.dir/home/connerparker/ASEN_4013/AERIS-Software/pico-sdk/src/rp2_common/pico_crt0/crt0.S.o
                0x00000000100001e8                __binary_info_header_end = .
 *(.embedded_block)
                0x00000000100001e8                __embedded_block_end = .
 *(.reset)
 .reset         0x00000000100001e8       0x9c CMakeFiles/i2c_scan.dir/home/connerparker/ASEN_4013/AERIS-Software/pico-sdk/src/rp2_common/pico_crt0/crt0.S.o
                0x00000000100001e8                _entry_point
 *(.init)
 .init          0x0000000010000284        0x4 /usr/lib/gcc/arm-none-eabi/10.3.1/thumb/v6-m/nofp/crti.o
                0x0000000010000284                _init
 *(EXCLUDE_FILE(*libm.a: *libc.a:*lib_a-mem*.o *libgcc.a:) .text*)
 .text          0x0000000010000288       0x98 /usr/lib/gcc/arm-none-eabi/10.3.1/thumb/v6-m/nofp/crtbegin.o
 .text.reserved_addr
                0x0000000010000320       0x1a CMakeFiles/i2c_scan.dir/bus_scan.c.o
                0x0000000010000320                reserved_addr
 .text.pico_led_init
                0x000000001000033a       0x16 CMakeFiles/i2c_scan.dir/bus_scan.c.o
                0x000000001000033a                pico_led_init
 .text.pico_set_led
                0x0000000010000350       0x1c CMakeFiles/i2c_scan.dir/bus_scan.c.o
                0x0000000010000350                pico_set_led
 .text.main     0x000000001000036c       0xe4 CMakeFiles/i2c_scan.dir/bus_scan.c.o
                0x000000001000036c                main
 .text.gpio_set_function
                0x0000000010000450       0x34 CMakeFiles/i2c_scan.dir/home/connerparker/ASEN_4013/AERIS-Software/pico-sdk/src/rp2_common/hardware_gpio/gpio.c.o
                0x0000000010000450                gpio_set_function
 .text.gpio_set_pulls
                0x0000000010000484       0x38 CMakeFiles/i2c_scan.dir/home/connerparker/ASEN_4013/AERIS-Software/pico-sdk/src/rp2_common/hardware_gpio/gpio.c.o
                0x0000000010000484                gpio_set_pulls
 .text.gpio_init
                0x00000000100004bc       0x16 CMakeFiles/i2c_scan.dir/home/connerparker/ASEN_4013/AERIS-Software/pico-sdk/src/rp2_common/hardware_gpio/gpio.c.o
                0x00000000100004bc                gpio_init
 *fill*         0x00000000100004d2        0x2 
 .text.rp2040_chip_version
                0x00000000100004d4       0x4c CMakeFiles/i2c_scan.dir/home/connerparker/ASEN_4013/AERIS-Software/pico-sdk/src/rp2040/pico_platform/platform.c.o
                0x00000000100004d4                rp2040_chip_version
 .text.panic    0x0000000010000520       0x30 CMakeFiles/i2c_scan.dir/home/connerparker/ASEN_4013/AERIS-Software/pico-sdk/src/rp2_common/pico_platform_panic/panic.c.o
                0x0000000010000520                panic
 .text.hw_claim_lock
                0x0000000010000550       0x18 CMakeFiles/i2c_scan.dir/home/connerparker/ASEN_4013/AERIS-Software/pico-sdk/src/common/hardware_claim/claim.c.o
                0x0000000010000550                hw_claim_lock
 .text.hw_claim_unlock
                0x0000000010000568       0x14 CMakeFiles/i2c_scan.dir/home/connerparker/ASEN_4013/AERIS-Software/pico-sdk/src/common/hardware_claim/claim.c.o
                0x0000000010000568                hw_claim_unlock
 .text.hw_claim_or_assert
                0x000000001000057c       0x32 CMakeFiles/i2c_scan.dir/home/connerparker/ASEN_4013/AERIS-Software/pico-sdk/src/common/hardware_claim/claim.c.o
                0x000000001000057c                hw_claim_or_assert
 .text.hw_claim_unused_from_range
                0x00000000100005ae       0x50 CMakeFiles/i2c_scan.dir/home/connerparker/ASEN_4013/AERIS-Software/pico-sdk/src/common/hardware_claim/claim.c.o
                0x00000000100005ae                hw_claim_unused_from_range
 *fill*         0x00000000100005fe        0x2 
 .text.next_striped_spin_lock_num
                0x0000000010000600       0x1c CMakeFiles/i2c_scan.dir/home/connerparker/ASEN_4013/AERIS-Software/pico-sdk/src/rp2_common/hardware_sync/sync.c.o
                0x0000000010000600                next_striped_spin_lock_num
 .text.spin_lock_claim_unused
                0x000000001000061c       0x20 CMakeFiles/i2c_scan.dir/home/connerparker/ASEN_4013/AERIS-Software/pico-sdk/src/rp2_common/hardware_sync/sync.c.o
                0x000000001000061c                spin_lock_claim_unused
 .text.spin_locks_reset
                0x000000001000063c       0x20 CMakeFiles/i2c_scan.dir/home/connerparker/ASEN_4013/AERIS-Software/pico-sdk/src/rp2_common/hardware_sync_spin_lock/sync_spin_lock.c.o
                0x000000001000063c                spin_locks_reset
 .text.set_raw_irq_handler_and_unlock
                0x000000001000065c       0x28 CMakeFiles/i2c_scan.dir/home/connerparker/ASEN_4013/AERIS-Software/pico-sdk/src/rp2_common/hardware_irq/irq.c.o
 .text.nvic_ipr0
                0x0000000010000684        0x8 CMakeFiles/i2c_scan.dir/home/connerparker/ASEN_4013/AERIS-Software/pico-sdk/src/rp2_common/hardware_irq/irq.c.o
 .text.runtime_init_per_core_irq_priorities
                0x000000001000068c       0x1c CMakeFiles/i2c_scan.dir/home/connerparker/ASEN_4013/AERIS-Software/pico-sdk/src/rp2_common/hardware_irq/irq.c.o
                0x000000001000068c                runtime_init_per_core_irq_priorities
 .text.make_j_16
                0x00000000100006a8       0x4c CMakeFiles/i2c_scan.dir/home/connerparker/ASEN_4013/AERIS-Software/pico-sdk/src/rp2_common/hardware_irq/irq.c.o
 .text.irq_is_enabled
                0x00000000100006f4       0x18 CMakeFiles/i2c_scan.dir/home/connerparker/ASEN_4013/AERIS-Software/pico-sdk/src/rp2_common/hardware_irq/irq.c.o
                0x00000000100006f4                irq_is_enabled
 .text.irq_set_mask_n_enabled
                0x000000001000070c       0x1c CMakeFiles/i2c_scan.dir/home/connerparker/ASEN_4013/AERIS-Software/pico-sdk/src/rp2_common/hardware_irq/irq.c.o
                0x000000001000070c                irq_set_mask_n_enabled
 .text.irq_set_enabled
                0x0000000010000728       0x14 CMakeFiles/i2c_scan.dir/home/connerparker/ASEN_4013/AERIS-Software/pico-sdk/src/rp2_common/hardware_irq/irq.c.o
                0x0000000010000728                irq_set_enabled
 .text.irq_set_pending
                0x000000001000073c       0x10 CMakeFiles/i2c_scan.dir/home/connerparker/ASEN_4013/AERIS-Software/pico-sdk/src/rp2_common/hardware_irq/irq.c.o
                0x000000001000073c                irq_set_pending
 .text.irq_get_vtable_handler
                0x000000001000074c       0x10 CMakeFiles/i2c_scan.dir/home/connerparker/ASEN_4013/AERIS-Software/pico-sdk/src/rp2_common/hardware_irq/irq.c.o
                0x000000001000074c                irq_get_vtable_handler
 .text.irq_has_shared_handler
                0x000000001000075c       0x24 CMakeFiles/i2c_scan.dir/home/connerparker/ASEN_4013/AERIS-Software/pico-sdk/src/rp2_common/hardware_irq/irq.c.o
                0x000000001000075c                irq_has_shared_handler
 .text.irq_set_exclusive_handler
                0x0000000010000780       0x54 CMakeFiles/i2c_scan.dir/home/connerparker/ASEN_4013/AERIS-Software/pico-sdk/src/rp2_common/hardware_irq/irq.c.o
                0x0000000010000780                irq_set_exclusive_handler
 .text.irq_add_shared_handler
                0x00000000100007d4      0x238 CMakeFiles/i2c_scan.dir/home/connerparker/ASEN_4013/AERIS-Software/pico-sdk/src/rp2_common/hardware_irq/irq.c.o
                0x00000000100007d4                irq_add_shared_handler
 .text.irq_add_tail_to_free_list
                0x0000000010000a0c       0xf4 CMakeFiles/i2c_scan.dir/home/connerparker/ASEN_4013/AERIS-Software/pico-sdk/src/rp2_common/hardware_irq/irq.c.o
                0x0000000010000a0c                irq_add_tail_to_free_list
 .text.user_irq_claim_unused
                0x0000000010000b00       0x28 CMakeFiles/i2c_scan.dir/home/connerparker/ASEN_4013/AERIS-Software/pico-sdk/src/rp2_common/hardware_irq/irq.c.o
                0x0000000010000b00                user_irq_claim_unused
 .text.lock_init
                0x0000000010000b28       0x10 CMakeFiles/i2c_scan.dir/home/connerparker/ASEN_4013/AERIS-Software/pico-sdk/src/common/pico_sync/lock_core.c.o
                0x0000000010000b28                lock_init
 .text.mutex_init
                0x0000000010000b38       0x1a CMakeFiles/i2c_scan.dir/home/connerparker/ASEN_4013/AERIS-Software/pico-sdk/src/common/pico_sync/mutex.c.o
                0x0000000010000b38                mutex_init
 .text.recursive_mutex_init
                0x0000000010000b52       0x1e CMakeFiles/i2c_scan.dir/home/connerparker/ASEN_4013/AERIS-Software/pico-sdk/src/common/pico_sync/mutex.c.o
                0x0000000010000b52                recursive_mutex_init
 .text.runtime_init_mutex
                0x0000000010000b70       0x4c CMakeFiles/i2c_scan.dir/home/connerparker/ASEN_4013/AERIS-Software/pico-sdk/src/common/pico_sync/mutex.c.o
                0x0000000010000b70                runtime_init_mutex
 .text.critical_section_init_with_lock_num
                0x0000000010000bbc       0x14 CMakeFiles/i2c_scan.dir/home/connerparker/ASEN_4013/AERIS-Software/pico-sdk/src/common/pico_sync/critical_section.c.o
                0x0000000010000bbc                critical_section_init_with_lock_num
 .text.critical_section_init
                0x0000000010000bd0       0x14 CMakeFiles/i2c_scan.dir/home/connerparker/ASEN_4013/AERIS-Software/pico-sdk/src/common/pico_sync/critical_section.c.o
                0x0000000010000bd0                critical_section_init
 .text.make_alarm_id
                0x0000000010000be4        0x6 CMakeFiles/i2c_scan.dir/home/connerparker/ASEN_4013/AERIS-Software/pico-sdk/src/common/pico_time/time.c.o
 *fill*         0x0000000010000bea        0x2 
 .text.sleep_until_callback
                0x0000000010000bec       0x30 CMakeFiles/i2c_scan.dir/home/connerparker/ASEN_4013/AERIS-Software/pico-sdk/src/common/pico_time/time.c.o
 .text.alarm_pool_irq_handler
                0x0000000010000c1c      0x2f0 CMakeFiles/i2c_scan.dir/home/connerparker/ASEN_4013/AERIS-Software/pico-sdk/src/common/pico_time/time.c.o
 .text.alarm_pool_post_alloc_init
                0x0000000010000f0c       0x94 CMakeFiles/i2c_scan.dir/home/connerparker/ASEN_4013/AERIS-Software/pico-sdk/src/common/pico_time/time.c.o
 .text.alarm_pool_get_default
                0x0000000010000fa0       0x2c CMakeFiles/i2c_scan.dir/home/connerparker/ASEN_4013/AERIS-Software/pico-sdk/src/common/pico_time/time.c.o
                0x0000000010000fa0                alarm_pool_get_default
 .text.alarm_pool_add_alarm_at_force_in_context
                0x0000000010000fcc       0xb0 CMakeFiles/i2c_scan.dir/home/connerparker/ASEN_4013/AERIS-Software/pico-sdk/src/common/pico_time/time.c.o
                0x0000000010000fcc                alarm_pool_add_alarm_at_force_in_context
 .text.alarm_pool_add_alarm_at
                0x000000001000107c       0x3c CMakeFiles/i2c_scan.dir/home/connerparker/ASEN_4013/AERIS-Software/pico-sdk/src/common/pico_time/time.c.o
                0x000000001000107c                alarm_pool_add_alarm_at
 .text.alarm_pool_cancel_alarm
                0x00000000100010b8       0x78 CMakeFiles/i2c_scan.dir/home/connerparker/ASEN_4013/AERIS-Software/pico-sdk/src/common/pico_time/time.c.o
                0x00000000100010b8                alarm_pool_cancel_alarm
 .text.alarm_pool_core_num
                0x0000000010001130        0x4 CMakeFiles/i2c_scan.dir/home/connerparker/ASEN_4013/AERIS-Software/pico-sdk/src/common/pico_time/time.c.o
                0x0000000010001130                alarm_pool_core_num
 .text.sleep_until
                0x0000000010001134       0xc8 CMakeFiles/i2c_scan.dir/home/connerparker/ASEN_4013/AERIS-Software/pico-sdk/src/common/pico_time/time.c.o
                0x0000000010001134                sleep_until
 .text.sleep_us
                0x00000000100011fc       0x24 CMakeFiles/i2c_scan.dir/home/connerparker/ASEN_4013/AERIS-Software/pico-sdk/src/common/pico_time/time.c.o
                0x00000000100011fc                sleep_us
 .text.sleep_ms
                0x0000000010001220       0x14 CMakeFiles/i2c_scan.dir/home/connerparker/ASEN_4013/AERIS-Software/pico-sdk/src/common/pico_time/time.c.o
                0x0000000010001220                sleep_ms
 .text.best_effort_wfe_or_timeout
                0x0000000010001234      0x114 CMakeFiles/i2c_scan.dir/home/connerparker/ASEN_4013/AERIS-Software/pico-sdk/src/common/pico_time/time.c.o
                0x0000000010001234                best_effort_wfe_or_timeout
 .text.alarm_pool_get_default_timer
                0x0000000010001348        0x8 CMakeFiles/i2c_scan.dir/home/connerparker/ASEN_4013/AERIS-Software/pico-sdk/src/common/pico_time/time.c.o
                0x0000000010001348                alarm_pool_get_default_timer
 .text.runtime_init_default_alarm_pool
                0x0000000010001350       0x38 CMakeFiles/i2c_scan.dir/home/connerparker/ASEN_4013/AERIS-Software/pico-sdk/src/common/pico_time/time.c.o
                0x0000000010001350                runtime_init_default_alarm_pool
 .text.timer_hardware_alarm_claim
                0x0000000010001388       0x14 CMakeFiles/i2c_scan.dir/home/connerparker/ASEN_4013/AERIS-Software/pico-sdk/src/rp2_common/hardware_timer/timer.c.o
                0x0000000010001388                timer_hardware_alarm_claim
 .text.timer_time_us_64
                0x000000001000139c       0x10 CMakeFiles/i2c_scan.dir/home/connerparker/ASEN_4013/AERIS-Software/pico-sdk/src/rp2_common/hardware_timer/timer.c.o
                0x000000001000139c                timer_time_us_64
 .text.timer_busy_wait_until
                0x00000000100013ac       0x1a CMakeFiles/i2c_scan.dir/home/connerparker/ASEN_4013/AERIS-Software/pico-sdk/src/rp2_common/hardware_timer/timer.c.o
                0x00000000100013ac                timer_busy_wait_until
 *fill*         0x00000000100013c6        0x2 
 .text.time_us_64
                0x00000000100013c8       0x10 CMakeFiles/i2c_scan.dir/home/connerparker/ASEN_4013/AERIS-Software/pico-sdk/src/rp2_common/hardware_timer/timer.c.o
                0x00000000100013c8                time_us_64
 .text.busy_wait_until
                0x00000000100013d8       0x14 CMakeFiles/i2c_scan.dir/home/connerparker/ASEN_4013/AERIS-Software/pico-sdk/src/rp2_common/hardware_timer/timer.c.o
                0x00000000100013d8                busy_wait_until
 .text.clock_configure_internal
                0x00000000100013ec       0xc4 CMakeFiles/i2c_scan.dir/home/connerparker/ASEN_4013/AERIS-Software/pico-sdk/src/rp2_common/hardware_clocks/clocks.c.o
 .text.clock_configure_int_divider
                0x00000000100014b0       0x28 CMakeFiles/i2c_scan.dir/home/connerparker/ASEN_4013/AERIS-Software/pico-sdk/src/rp2_common/hardware_clocks/clocks.c.o
                0x00000000100014b0                clock_configure_int_divider
 .text.clock_configure_undivided
                0x00000000100014d8       0x12 CMakeFiles/i2c_scan.dir/home/connerparker/ASEN_4013/AERIS-Software/pico-sdk/src/rp2_common/hardware_clocks/clocks.c.o
                0x00000000100014d8                clock_configure_undivided
 *fill*         0x00000000100014ea        0x2 
 .text.clock_get_hz
                0x00000000100014ec        0xc CMakeFiles/i2c_scan.dir/home/connerparker/ASEN_4013/AERIS-Software/pico-sdk/src/rp2_common/hardware_clocks/clocks.c.o
                0x00000000100014ec                clock_get_hz
 .text.pll_init
                0x00000000100014f8      0x120 CMakeFiles/i2c_scan.dir/home/connerparker/ASEN_4013/AERIS-Software/pico-sdk/src/rp2_common/hardware_pll/pll.c.o
                0x00000000100014f8                pll_init
 .text.watchdog_update
                0x0000000010001618       0x14 CMakeFiles/i2c_scan.dir/home/connerparker/ASEN_4013/AERIS-Software/pico-sdk/src/rp2_common/hardware_watchdog/watchdog.c.o
                0x0000000010001618                watchdog_update
 .text._watchdog_enable
                0x000000001000162c       0x7c CMakeFiles/i2c_scan.dir/home/connerparker/ASEN_4013/AERIS-Software/pico-sdk/src/rp2_common/hardware_watchdog/watchdog.c.o
                0x000000001000162c                _watchdog_enable
 .text.watchdog_reboot
                0x00000000100016a8       0x48 CMakeFiles/i2c_scan.dir/home/connerparker/ASEN_4013/AERIS-Software/pico-sdk/src/rp2_common/hardware_watchdog/watchdog.c.o
                0x00000000100016a8                watchdog_reboot
 .text.tick_start
                0x00000000100016f0       0x10 CMakeFiles/i2c_scan.dir/home/connerparker/ASEN_4013/AERIS-Software/pico-sdk/src/rp2_common/hardware_ticks/ticks.c.o
                0x00000000100016f0                tick_start
 .text.rom_func_lookup
                0x0000000010001700       0x10 CMakeFiles/i2c_scan.dir/home/connerparker/ASEN_4013/AERIS-Software/pico-sdk/src/rp2_common/pico_bootrom/bootrom.c.o
                0x0000000010001700                rom_func_lookup
 .text.rom_data_lookup
                0x0000000010001710       0x10 CMakeFiles/i2c_scan.dir/home/connerparker/ASEN_4013/AERIS-Software/pico-sdk/src/rp2_common/pico_bootrom/bootrom.c.o
                0x0000000010001710                rom_data_lookup
 .text.rom_funcs_lookup
                0x0000000010001720       0x36 CMakeFiles/i2c_scan.dir/home/connerparker/ASEN_4013/AERIS-Software/pico-sdk/src/rp2_common/pico_bootrom/bootrom.c.o
                0x0000000010001720                rom_funcs_lookup
 *fill*         0x0000000010001756        0x2 
 .text.rom_reset_usb_boot_extra
                0x0000000010001758       0x24 CMakeFiles/i2c_scan.dir/home/connerparker/ASEN_4013/AERIS-Software/pico-sdk/src/rp2_common/pico_bootrom/bootrom.c.o
                0x0000000010001758                rom_reset_usb_boot_extra
 .text.xosc_init
                0x000000001000177c       0x28 CMakeFiles/i2c_scan.dir/home/connerparker/ASEN_4013/AERIS-Software/pico-sdk/src/rp2_common/hardware_xosc/xosc.c.o
                0x000000001000177c                xosc_init
 .text.runtime_run_initializers_from
                0x00000000100017a4       0x18 CMakeFiles/i2c_scan.dir/home/connerparker/ASEN_4013/AERIS-Software/pico-sdk/src/rp2_common/pico_runtime/runtime.c.o
 .text.first_per_core_initializer
                0x00000000100017bc        0x2 CMakeFiles/i2c_scan.dir/home/connerparker/ASEN_4013/AERIS-Software/pico-sdk/src/rp2_common/pico_runtime/runtime.c.o
 *fill*         0x00000000100017be        0x2 
 .text.runtime_run_initializers
                0x00000000100017c0       0x10 CMakeFiles/i2c_scan.dir/home/connerparker/ASEN_4013/AERIS-Software/pico-sdk/src/rp2_common/pico_runtime/runtime.c.o
                0x00000000100017c0                runtime_run_initializers
 .text.runtime_init_early_resets
                0x00000000100017d0       0x2c CMakeFiles/i2c_scan.dir/home/connerparker/ASEN_4013/AERIS-Software/pico-sdk/src/rp2_common/pico_runtime_init/runtime_init.c.o
                0x00000000100017d0                runtime_init_early_resets
 .text.runtime_init_usb_power_down
                0x00000000100017fc       0x1c CMakeFiles/i2c_scan.dir/home/connerparker/ASEN_4013/AERIS-Software/pico-sdk/src/rp2_common/pico_runtime_init/runtime_init.c.o
                0x00000000100017fc                runtime_init_usb_power_down
 .text.runtime_init_post_clock_resets
                0x0000000010001818       0x20 CMakeFiles/i2c_scan.dir/home/connerparker/ASEN_4013/AERIS-Software/pico-sdk/src/rp2_common/pico_runtime_init/runtime_init.c.o
                0x0000000010001818                runtime_init_post_clock_resets
 .text.runtime_init_rp2040_gpio_ie_disable
                0x0000000010001838       0x14 CMakeFiles/i2c_scan.dir/home/connerparker/ASEN_4013/AERIS-Software/pico-sdk/src/rp2_common/pico_runtime_init/runtime_init.c.o
                0x0000000010001838                runtime_init_rp2040_gpio_ie_disable
 .text.runtime_init_spin_locks_reset
                0x000000001000184c        0x8 CMakeFiles/i2c_scan.dir/home/connerparker/ASEN_4013/AERIS-Software/pico-sdk/src/rp2_common/pico_runtime_init/runtime_init.c.o
                0x000000001000184c                runtime_init_spin_locks_reset
 .text.runtime_init_install_ram_vector_table
                0x0000000010001854       0x1c CMakeFiles/i2c_scan.dir/home/connerparker/ASEN_4013/AERIS-Software/pico-sdk/src/rp2_common/pico_runtime_init/runtime_init.c.o
                0x0000000010001854                runtime_init_install_ram_vector_table
 .text.start_all_ticks
                0x0000000010001870       0x28 CMakeFiles/i2c_scan.dir/home/connerparker/ASEN_4013/AERIS-Software/pico-sdk/src/rp2_common/pico_runtime_init/runtime_init_clocks.c.o
 .text.runtime_init_clocks
                0x0000000010001898       0xcc CMakeFiles/i2c_scan.dir/home/connerparker/ASEN_4013/AERIS-Software/pico-sdk/src/rp2_common/pico_runtime_init/runtime_init_clocks.c.o
                0x0000000010001898                runtime_init_clocks
 .text          0x0000000010001964       0x10 CMakeFiles/i2c_scan.dir/home/connerparker/ASEN_4013/AERIS-Software/pico-sdk/src/rp2_common/pico_bit_ops/bit_ops_aeabi.S.o
 .text.__wrap___aeabi_idiv
                0x0000000010001974       0x50 CMakeFiles/i2c_scan.dir/home/connerparker/ASEN_4013/AERIS-Software/pico-sdk/src/rp2_common/pico_divider/divider_hardware.S.o
                0x0000000010001974                __wrap___aeabi_idivmod
                0x0000000010001974                divmod_s32s32
                0x0000000010001974                div_s32s32
                0x0000000010001974                __wrap___aeabi_idiv
                0x000000001000197c                divmod_s32s32_unsafe
                0x00000000100019a8                divmod_s32s32_savestate
 .text.__wrap___aeabi_uidiv
                0x00000000100019c4       0x4c CMakeFiles/i2c_scan.dir/home/connerparker/ASEN_4013/AERIS-Software/pico-sdk/src/rp2_common/pico_divider/divider_hardware.S.o
                0x00000000100019c4                __wrap___aeabi_uidiv
                0x00000000100019c4                __wrap___aeabi_uidivmod
                0x00000000100019c4                div_u32u32
                0x00000000100019c4                divmod_u32u32
                0x00000000100019cc                divmod_u32u32_unsafe
                0x00000000100019f4                divmod_u32u32_savestate
 .text.__wrap___aeabi_ldiv
                0x0000000010001a10      0x424 CMakeFiles/i2c_scan.dir/home/connerparker/ASEN_4013/AERIS-Software/pico-sdk/src/rp2_common/pico_divider/divider_hardware.S.o
                0x0000000010001a10                div_s64s64
                0x0000000010001a10                divmod_s64s64
                0x0000000010001a10                __wrap___aeabi_ldivmod
                0x0000000010001a40                div_u64u64
                0x0000000010001a40                divmod_u64u64
                0x0000000010001a40                __wrap___aeabi_uldivmod
                0x0000000010001a50                divmod_u64u64_savestate
                0x0000000010001a70                divmod_s64s64_unsafe
                0x0000000010001af8                divmod_u64u64_unsafe
 .text.__wrap___aeabi_darithmetic
                0x0000000010001e34       0x60 CMakeFiles/i2c_scan.dir/home/connerparker/ASEN_4013/AERIS-Software/pico-sdk/src/rp2_common/pico_double/double_aeabi_rp2040.S.o
                0x0000000010001e34                __wrap___aeabi_drsub
                0x0000000010001e3a                __wrap___aeabi_dsub
                0x0000000010001e44                __wrap___aeabi_dadd
                0x0000000010001e4e                __wrap___aeabi_ddiv
                0x0000000010001e82                __wrap___aeabi_dmul
 .text.__wrap___aeabi_cdcmple
                0x0000000010001e94       0x6c CMakeFiles/i2c_scan.dir/home/connerparker/ASEN_4013/AERIS-Software/pico-sdk/src/rp2_common/pico_double/double_aeabi_rp2040.S.o
                0x0000000010001e94                __wrap___aeabi_cdrcmple
                0x0000000010001ea4                __wrap___aeabi_cdcmple
                0x0000000010001ea4                __wrap___aeabi_cdcmpeq
 .text.__wrap___aeabi_dcmplt
                0x0000000010001f00        0xc CMakeFiles/i2c_scan.dir/home/connerparker/ASEN_4013/AERIS-Software/pico-sdk/src/rp2_common/pico_double/double_aeabi_rp2040.S.o
                0x0000000010001f00                __wrap___aeabi_dcmplt
 .text.__wrap___aeabi_dcmple
                0x0000000010001f0c       0x10 CMakeFiles/i2c_scan.dir/home/connerparker/ASEN_4013/AERIS-Software/pico-sdk/src/rp2_common/pico_double/double_aeabi_rp2040.S.o
                0x0000000010001f0c                __wrap___aeabi_dcmple
 .text.__wrap___aeabi_dcmpge
                0x0000000010001f1c       0x10 CMakeFiles/i2c_scan.dir/home/connerparker/ASEN_4013/AERIS-Software/pico-sdk/src/rp2_common/pico_double/double_aeabi_rp2040.S.o
                0x0000000010001f1c                __wrap___aeabi_dcmpge
 .text.__wrap___aeabi_dcmpgt
                0x0000000010001f2c        0xa CMakeFiles/i2c_scan.dir/home/connerparker/ASEN_4013/AERIS-Software/pico-sdk/src/rp2_common/pico_double/double_aeabi_rp2040.S.o
                0x0000000010001f2c                __wrap___aeabi_dcmpgt
 .text.__wrap___aeabi_dcmpun
                0x0000000010001f36       0x18 CMakeFiles/i2c_scan.dir/home/connerparker/ASEN_4013/AERIS-Software/pico-sdk/src/rp2_common/pico_double/double_aeabi_rp2040.S.o
                0x0000000010001f36                __wrap___aeabi_dcmpun
 *fill*         0x0000000010001f4e        0x2 
 .text.__wrap___aeabi_i2d
                0x0000000010001f50       0x38 CMakeFiles/i2c_scan.dir/home/connerparker/ASEN_4013/AERIS-Software/pico-sdk/src/rp2_common/pico_double/double_aeabi_rp2040.S.o
                0x0000000010001f50                __wrap___aeabi_ui2d
                0x0000000010001f58                __wrap___aeabi_i2d
 .text.__wrap___aeabi_d2iz
                0x0000000010001f88       0x48 CMakeFiles/i2c_scan.dir/home/connerparker/ASEN_4013/AERIS-Software/pico-sdk/src/rp2_common/pico_double/double_aeabi_rp2040.S.o
                0x0000000010001f88                __wrap___aeabi_d2iz
                0x0000000010001f88                double2int_z
 .text.__wrap___aeabi_d2uiz
                0x0000000010001fd0       0x10 CMakeFiles/i2c_scan.dir/home/connerparker/ASEN_4013/AERIS-Software/pico-sdk/src/rp2_common/pico_double/double_aeabi_rp2040.S.o
                0x0000000010001fd0                double2uint
                0x0000000010001fd0                __wrap___aeabi_d2uiz
 .text.missing_double_func_shim
                0x0000000010001fe0        0xc CMakeFiles/i2c_scan.dir/home/connerparker/ASEN_4013/AERIS-Software/pico-sdk/src/rp2_common/pico_double/double_init_rom_rp2040.c.o
 .text.__aeabi_double_init
                0x0000000010001fec       0xcc CMakeFiles/i2c_scan.dir/home/connerparker/ASEN_4013/AERIS-Software/pico-sdk/src/rp2_common/pico_double/double_init_rom_rp2040.c.o
                0x0000000010001fec                __aeabi_double_init
 .text.double_table_shim_on_use_helper
                0x00000000100020b8       0x34 CMakeFiles/i2c_scan.dir/home/connerparker/ASEN_4013/AERIS-Software/pico-sdk/src/rp2_common/pico_double/double_v1_rom_shim_rp2040.S.o
                0x00000000100020b8                double_table_shim_on_use_helper
 .text.__aeabi_lmul
                0x00000000100020ec       0x32 CMakeFiles/i2c_scan.dir/home/connerparker/ASEN_4013/AERIS-Software/pico-sdk/src/rp2_common/pico_int64_ops/pico_int64_ops_aeabi.S.o
                0x00000000100020ec                __wrap___aeabi_lmul
 *fill*         0x000000001000211e        0x2 
 .text.missing_float_func_shim
                0x0000000010002120        0xc CMakeFiles/i2c_scan.dir/home/connerparker/ASEN_4013/AERIS-Software/pico-sdk/src/rp2_common/pico_float/float_init_rom_rp2040.c.o
 .text.__aeabi_float_init
                0x000000001000212c       0x88 CMakeFiles/i2c_scan.dir/home/connerparker/ASEN_4013/AERIS-Software/pico-sdk/src/rp2_common/pico_float/float_init_rom_rp2040.c.o
                0x000000001000212c                __aeabi_float_init
 .text          0x00000000100021b4       0x10 CMakeFiles/i2c_scan.dir/home/connerparker/ASEN_4013/AERIS-Software/pico-sdk/src/rp2_common/pico_mem_ops/mem_ops_aeabi.S.o
                0x00000000100021b4                __aeabi_mem_init
 .text.memset   0x00000000100021c4        0xc CMakeFiles/i2c_scan.dir/home/connerparker/ASEN_4013/AERIS-Software/pico-sdk/src/rp2_common/pico_mem_ops/mem_ops_aeabi.S.o
                0x00000000100021c4                __wrap_memset
 .text.memcpy   0x00000000100021d0        0xc CMakeFiles/i2c_scan.dir/home/connerparker/ASEN_4013/AERIS-Software/pico-sdk/src/rp2_common/pico_mem_ops/mem_ops_aeabi.S.o
                0x00000000100021d0                __wrap___aeabi_memcpy
                0x00000000100021d0                __wrap_memcpy
 .text._out_null
                0x00000000100021dc        0x2 CMakeFiles/i2c_scan.dir/home/connerparker/ASEN_4013/AERIS-Software/pico-sdk/src/rp2_common/pico_printf/printf.c.o
 .text._out_fct
                0x00000000100021de        0xe CMakeFiles/i2c_scan.dir/home/connerparker/ASEN_4013/AERIS-Software/pico-sdk/src/rp2_common/pico_printf/printf.c.o
 .text._atoi    0x00000000100021ec       0x24 CMakeFiles/i2c_scan.dir/home/connerparker/ASEN_4013/AERIS-Software/pico-sdk/src/rp2_common/pico_printf/printf.c.o
 .text._out_rev
                0x0000000010002210       0xae CMakeFiles/i2c_scan.dir/home/connerparker/ASEN_4013/AERIS-Software/pico-sdk/src/rp2_common/pico_printf/printf.c.o
 .text._ntoa_format
                0x00000000100022be      0x112 CMakeFiles/i2c_scan.dir/home/connerparker/ASEN_4013/AERIS-Software/pico-sdk/src/rp2_common/pico_printf/printf.c.o
 .text._ntoa_long
                0x00000000100023d0       0xbc CMakeFiles/i2c_scan.dir/home/connerparker/ASEN_4013/AERIS-Software/pico-sdk/src/rp2_common/pico_printf/printf.c.o
 .text._ntoa_long_long
                0x000000001000248c       0xe2 CMakeFiles/i2c_scan.dir/home/connerparker/ASEN_4013/AERIS-Software/pico-sdk/src/rp2_common/pico_printf/printf.c.o
 *fill*         0x000000001000256e        0x2 
 .text._etoa    0x0000000010002570      0x414 CMakeFiles/i2c_scan.dir/home/connerparker/ASEN_4013/AERIS-Software/pico-sdk/src/rp2_common/pico_printf/printf.c.o
 .text._ftoa    0x0000000010002984      0x354 CMakeFiles/i2c_scan.dir/home/connerparker/ASEN_4013/AERIS-Software/pico-sdk/src/rp2_common/pico_printf/printf.c.o
 .text._vsnprintf
                0x0000000010002cd8      0x624 CMakeFiles/i2c_scan.dir/home/connerparker/ASEN_4013/AERIS-Software/pico-sdk/src/rp2_common/pico_printf/printf.c.o
 .text.vfctprintf
                0x00000000100032fc       0x20 CMakeFiles/i2c_scan.dir/home/connerparker/ASEN_4013/AERIS-Software/pico-sdk/src/rp2_common/pico_printf/printf.c.o
                0x00000000100032fc                vfctprintf
 .text._exit    0x000000001000331c        0x4 CMakeFiles/i2c_scan.dir/home/connerparker/ASEN_4013/AERIS-Software/pico-sdk/src/rp2_common/pico_clib_interface/newlib_interface.c.o
                0x000000001000331c                _exit
 .text.exit     0x0000000010003320        0x6 CMakeFiles/i2c_scan.dir/home/connerparker/ASEN_4013/AERIS-Software/pico-sdk/src/rp2_common/pico_clib_interface/newlib_interface.c.o
                0x0000000010003320                exit
 *fill*         0x0000000010003326        0x2 
 .text.__assert_func
                0x0000000010003328       0x3c CMakeFiles/i2c_scan.dir/home/connerparker/ASEN_4013/AERIS-Software/pico-sdk/src/rp2_common/pico_clib_interface/newlib_interface.c.o
                0x0000000010003328                __assert_func
 .text.runtime_init
                0x0000000010003364       0x28 CMakeFiles/i2c_scan.dir/home/connerparker/ASEN_4013/AERIS-Software/pico-sdk/src/rp2_common/pico_clib_interface/newlib_interface.c.o
                0x0000000010003364                runtime_init
 .text.stdio_out_chars_no_crlf
                0x000000001000338c        0xe CMakeFiles/i2c_scan.dir/home/connerparker/ASEN_4013/AERIS-Software/pico-sdk/src/rp2_common/pico_stdio/stdio.c.o
 *fill*         0x000000001000339a        0x2 
 .text.stdio_out_chars_crlf
                0x000000001000339c       0x80 CMakeFiles/i2c_scan.dir/home/connerparker/ASEN_4013/AERIS-Software/pico-sdk/src/rp2_common/pico_stdio/stdio.c.o
 .text.stdio_stack_buffer_flush
                0x000000001000341c       0x44 CMakeFiles/i2c_scan.dir/home/connerparker/ASEN_4013/AERIS-Software/pico-sdk/src/rp2_common/pico_stdio/stdio.c.o
 .text.stdio_buffered_printer
                0x0000000010003460       0x20 CMakeFiles/i2c_scan.dir/home/connerparker/ASEN_4013/AERIS-Software/pico-sdk/src/rp2_common/pico_stdio/stdio.c.o
 .text.stdout_serialize_begin
                0x0000000010003480       0x30 CMakeFiles/i2c_scan.dir/home/connerparker/ASEN_4013/AERIS-Software/pico-sdk/src/rp2_common/pico_stdio/stdio.c.o
                0x0000000010003480                stdout_serialize_begin
 .text.stdout_serialize_end
                0x00000000100034b0       0x10 CMakeFiles/i2c_scan.dir/home/connerparker/ASEN_4013/AERIS-Software/pico-sdk/src/rp2_common/pico_stdio/stdio.c.o
                0x00000000100034b0                stdout_serialize_end
 .text.stdio_put_string
                0x00000000100034c0       0x94 CMakeFiles/i2c_scan.dir/home/connerparker/ASEN_4013/AERIS-Software/pico-sdk/src/rp2_common/pico_stdio/stdio.c.o
                0x00000000100034c0                stdio_put_string
 .text.stdio_set_driver_enabled
                0x0000000010003554       0x2c CMakeFiles/i2c_scan.dir/home/connerparker/ASEN_4013/AERIS-Software/pico-sdk/src/rp2_common/pico_stdio/stdio.c.o
                0x0000000010003554                stdio_set_driver_enabled
 .text.stdio_flush
                0x0000000010003580       0x20 CMakeFiles/i2c_scan.dir/home/connerparker/ASEN_4013/AERIS-Software/pico-sdk/src/rp2_common/pico_stdio/stdio.c.o
                0x0000000010003580                stdio_flush
 .text.stdio_init_all
                0x00000000100035a0        0x8 CMakeFiles/i2c_scan.dir/home/connerparker/ASEN_4013/AERIS-Software/pico-sdk/src/rp2_common/pico_stdio/stdio.c.o
                0x00000000100035a0                stdio_init_all
 .text.__wrap_puts
                0x00000000100035a8       0x1e CMakeFiles/i2c_scan.dir/home/connerparker/ASEN_4013/AERIS-Software/pico-sdk/src/rp2_common/pico_stdio/stdio.c.o
                0x00000000100035a8                __wrap_puts
                0x00000000100035a8                stdio_puts
 *fill*         0x00000000100035c6        0x2 
 .text.__wrap_vprintf
                0x00000000100035c8       0x40 CMakeFiles/i2c_scan.dir/home/connerparker/ASEN_4013/AERIS-Software/pico-sdk/src/rp2_common/pico_stdio/stdio.c.o
                0x00000000100035c8                __wrap_vprintf
                0x00000000100035c8                stdio_vprintf
 .text.__wrap_printf
                0x0000000010003608       0x18 CMakeFiles/i2c_scan.dir/home/connerparker/ASEN_4013/AERIS-Software/pico-sdk/src/rp2_common/pico_stdio/stdio.c.o
                0x0000000010003608                stdio_printf
                0x0000000010003608                __wrap_printf
 .text.resetd_init
                0x0000000010003620        0x2 CMakeFiles/i2c_scan.dir/home/connerparker/ASEN_4013/AERIS-Software/pico-sdk/src/rp2_common/pico_stdio_usb/reset_interface.c.o
 *fill*         0x0000000010003622        0x2 
 .text.resetd_reset
                0x0000000010003624        0xc CMakeFiles/i2c_scan.dir/home/connerparker/ASEN_4013/AERIS-Software/pico-sdk/src/rp2_common/pico_stdio_usb/reset_interface.c.o
 .text.resetd_open
                0x0000000010003630       0x34 CMakeFiles/i2c_scan.dir/home/connerparker/ASEN_4013/AERIS-Software/pico-sdk/src/rp2_common/pico_stdio_usb/reset_interface.c.o
 .text.resetd_xfer_cb
                0x0000000010003664        0x4 CMakeFiles/i2c_scan.dir/home/connerparker/ASEN_4013/AERIS-Software/pico-sdk/src/rp2_common/pico_stdio_usb/reset_interface.c.o
 .text.resetd_control_xfer_cb
                0x0000000010003668       0x60 CMakeFiles/i2c_scan.dir/home/connerparker/ASEN_4013/AERIS-Software/pico-sdk/src/rp2_common/pico_stdio_usb/reset_interface.c.o
 .text.tud_descriptor_bos_cb
                0x00000000100036c8        0x8 CMakeFiles/i2c_scan.dir/home/connerparker/ASEN_4013/AERIS-Software/pico-sdk/src/rp2_common/pico_stdio_usb/reset_interface.c.o
                0x00000000100036c8                tud_descriptor_bos_cb
 .text.tud_vendor_control_xfer_cb
                0x00000000100036d0       0x38 CMakeFiles/i2c_scan.dir/home/connerparker/ASEN_4013/AERIS-Software/pico-sdk/src/rp2_common/pico_stdio_usb/reset_interface.c.o
                0x00000000100036d0                tud_vendor_control_xfer_cb
 .text.usbd_app_driver_get_cb
                0x0000000010003708        0xc CMakeFiles/i2c_scan.dir/home/connerparker/ASEN_4013/AERIS-Software/pico-sdk/src/rp2_common/pico_stdio_usb/reset_interface.c.o
                0x0000000010003708                usbd_app_driver_get_cb
 .text.tud_cdc_line_coding_cb
                0x0000000010003714       0x2c CMakeFiles/i2c_scan.dir/home/connerparker/ASEN_4013/AERIS-Software/pico-sdk/src/rp2_common/pico_stdio_usb/reset_interface.c.o
                0x0000000010003714                tud_cdc_line_coding_cb
 .text.stdio_usb_set_chars_available_callback
                0x0000000010003740       0x14 CMakeFiles/i2c_scan.dir/home/connerparker/ASEN_4013/AERIS-Software/pico-sdk/src/rp2_common/pico_stdio_usb/stdio_usb.c.o
                0x0000000010003740                stdio_usb_set_chars_available_callback
 .text.stdio_usb_out_flush
                0x0000000010003754       0x4c CMakeFiles/i2c_scan.dir/home/connerparker/ASEN_4013/AERIS-Software/pico-sdk/src/rp2_common/pico_stdio_usb/stdio_usb.c.o
 .text.usb_irq  0x00000000100037a0       0x10 CMakeFiles/i2c_scan.dir/home/connerparker/ASEN_4013/AERIS-Software/pico-sdk/src/rp2_common/pico_stdio_usb/stdio_usb.c.o
 .text.low_priority_worker_irq
                0x00000000100037b0       0xd0 CMakeFiles/i2c_scan.dir/home/connerparker/ASEN_4013/AERIS-Software/pico-sdk/src/rp2_common/pico_stdio_usb/stdio_usb.c.o
 .text.timer_task
                0x0000000010003880       0x6c CMakeFiles/i2c_scan.dir/home/connerparker/ASEN_4013/AERIS-Software/pico-sdk/src/rp2_common/pico_stdio_usb/stdio_usb.c.o
 .text.stdio_usb_init
                0x00000000100038ec       0xfc CMakeFiles/i2c_scan.dir/home/connerparker/ASEN_4013/AERIS-Software/pico-sdk/src/rp2_common/pico_stdio_usb/stdio_usb.c.o
                0x00000000100038ec                stdio_usb_init
 .text.stdio_usb_connected
                0x00000000100039e8        0xa CMakeFiles/i2c_scan.dir/home/connerparker/ASEN_4013/AERIS-Software/pico-sdk/src/rp2_common/pico_stdio_usb/stdio_usb.c.o
                0x00000000100039e8                stdio_usb_connected
 *fill*         0x00000000100039f2        0x2 
 .text.stdio_usb_in_chars
                0x00000000100039f4       0x98 CMakeFiles/i2c_scan.dir/home/connerparker/ASEN_4013/AERIS-Software/pico-sdk/src/rp2_common/pico_stdio_usb/stdio_usb.c.o
                0x00000000100039f4                stdio_usb_in_chars
 .text.stdio_usb_out_chars
                0x0000000010003a8c       0xe8 CMakeFiles/i2c_scan.dir/home/connerparker/ASEN_4013/AERIS-Software/pico-sdk/src/rp2_common/pico_stdio_usb/stdio_usb.c.o
 .text.tud_descriptor_device_cb
                0x0000000010003b74        0x8 CMakeFiles/i2c_scan.dir/home/connerparker/ASEN_4013/AERIS-Software/pico-sdk/src/rp2_common/pico_stdio_usb/stdio_usb_descriptors.c.o
                0x0000000010003b74                tud_descriptor_device_cb
 .text.tud_descriptor_configuration_cb
                0x0000000010003b7c        0x8 CMakeFiles/i2c_scan.dir/home/connerparker/ASEN_4013/AERIS-Software/pico-sdk/src/rp2_common/pico_stdio_usb/stdio_usb_descriptors.c.o
                0x0000000010003b7c                tud_descriptor_configuration_cb
 .text.tud_descriptor_string_cb
                0x0000000010003b84       0x6c CMakeFiles/i2c_scan.dir/home/connerparker/ASEN_4013/AERIS-Software/pico-sdk/src/rp2_common/pico_stdio_usb/stdio_usb_descriptors.c.o
                0x0000000010003b84                tud_descriptor_string_cb
 .text._retrieve_unique_id_on_boot
                0x0000000010003bf0       0x10 CMakeFiles/i2c_scan.dir/home/connerparker/ASEN_4013/AERIS-Software/pico-sdk/src/rp2_common/pico_unique_id/unique_id.c.o
 .text.pico_get_unique_board_id_string
                0x0000000010003c00       0x60 CMakeFiles/i2c_scan.dir/home/connerparker/ASEN_4013/AERIS-Software/pico-sdk/src/rp2_common/pico_unique_id/unique_id.c.o
                0x0000000010003c00                pico_get_unique_board_id_string
 .text.flash_get_unique_id
                0x0000000010003c60       0x46 CMakeFiles/i2c_scan.dir/home/connerparker/ASEN_4013/AERIS-Software/pico-sdk/src/rp2_common/hardware_flash/flash.c.o
                0x0000000010003c60                flash_get_unique_id
 *fill*         0x0000000010003ca6        0x2 
 .text._hw_endpoint_alloc
                0x0000000010003ca8       0x70 CMakeFiles/i2c_scan.dir/home/connerparker/ASEN_4013/AERIS-Software/pico-sdk/lib/tinyusb/src/portable/raspberrypi/rp2040/dcd_rp2040.c.o
 .text.hw_endpoint_init
                0x0000000010003d18       0xc4 CMakeFiles/i2c_scan.dir/home/connerparker/ASEN_4013/AERIS-Software/pico-sdk/lib/tinyusb/src/portable/raspberrypi/rp2040/dcd_rp2040.c.o
 .text.hw_endpoint_xfer
                0x0000000010003ddc       0x20 CMakeFiles/i2c_scan.dir/home/connerparker/ASEN_4013/AERIS-Software/pico-sdk/lib/tinyusb/src/portable/raspberrypi/rp2040/dcd_rp2040.c.o
 .text.dcd_int_enable
                0x0000000010003dfc       0x2c CMakeFiles/i2c_scan.dir/home/connerparker/ASEN_4013/AERIS-Software/pico-sdk/lib/tinyusb/src/portable/raspberrypi/rp2040/dcd_rp2040.c.o
                0x0000000010003dfc                dcd_int_enable
 .text.dcd_set_address
                0x0000000010003e28       0x2c CMakeFiles/i2c_scan.dir/home/connerparker/ASEN_4013/AERIS-Software/pico-sdk/lib/tinyusb/src/portable/raspberrypi/rp2040/dcd_rp2040.c.o
                0x0000000010003e28                dcd_set_address
 .text.dcd_connect
                0x0000000010003e54       0x10 CMakeFiles/i2c_scan.dir/home/connerparker/ASEN_4013/AERIS-Software/pico-sdk/lib/tinyusb/src/portable/raspberrypi/rp2040/dcd_rp2040.c.o
                0x0000000010003e54                dcd_connect
 .text.dcd_init
                0x0000000010003e64       0x80 CMakeFiles/i2c_scan.dir/home/connerparker/ASEN_4013/AERIS-Software/pico-sdk/lib/tinyusb/src/portable/raspberrypi/rp2040/dcd_rp2040.c.o
                0x0000000010003e64                dcd_init
 .text.dcd_sof_enable
                0x0000000010003ee4       0x1c CMakeFiles/i2c_scan.dir/home/connerparker/ASEN_4013/AERIS-Software/pico-sdk/lib/tinyusb/src/portable/raspberrypi/rp2040/dcd_rp2040.c.o
                0x0000000010003ee4                dcd_sof_enable
 .text.dcd_edpt0_status_complete
                0x0000000010003f00       0x1c CMakeFiles/i2c_scan.dir/home/connerparker/ASEN_4013/AERIS-Software/pico-sdk/lib/tinyusb/src/portable/raspberrypi/rp2040/dcd_rp2040.c.o
                0x0000000010003f00                dcd_edpt0_status_complete
 .text.dcd_edpt_open
                0x0000000010003f1c       0x40 CMakeFiles/i2c_scan.dir/home/connerparker/ASEN_4013/AERIS-Software/pico-sdk/lib/tinyusb/src/portable/raspberrypi/rp2040/dcd_rp2040.c.o
                0x0000000010003f1c                dcd_edpt_open
 .text.dcd_edpt_close_all
                0x0000000010003f5c        0x8 CMakeFiles/i2c_scan.dir/home/connerparker/ASEN_4013/AERIS-Software/pico-sdk/lib/tinyusb/src/portable/raspberrypi/rp2040/dcd_rp2040.c.o
                0x0000000010003f5c                dcd_edpt_close_all
 .text.dcd_edpt_xfer
                0x0000000010003f64       0x30 CMakeFiles/i2c_scan.dir/home/connerparker/ASEN_4013/AERIS-Software/pico-sdk/lib/tinyusb/src/portable/raspberrypi/rp2040/dcd_rp2040.c.o
                0x0000000010003f64                dcd_edpt_xfer
 .text.dcd_edpt_stall
                0x0000000010003f94       0x3c CMakeFiles/i2c_scan.dir/home/connerparker/ASEN_4013/AERIS-Software/pico-sdk/lib/tinyusb/src/portable/raspberrypi/rp2040/dcd_rp2040.c.o
                0x0000000010003f94                dcd_edpt_stall
 .text.dcd_edpt_clear_stall
                0x0000000010003fd0       0x30 CMakeFiles/i2c_scan.dir/home/connerparker/ASEN_4013/AERIS-Software/pico-sdk/lib/tinyusb/src/portable/raspberrypi/rp2040/dcd_rp2040.c.o
                0x0000000010003fd0                dcd_edpt_clear_stall
 .text.unaligned_memcpy
                0x0000000010004000       0x14 CMakeFiles/i2c_scan.dir/home/connerparker/ASEN_4013/AERIS-Software/pico-sdk/lib/tinyusb/src/portable/raspberrypi/rp2040/rp2040_usb.c.o
 .text.rp2040_usb_init
                0x0000000010004014       0x44 CMakeFiles/i2c_scan.dir/home/connerparker/ASEN_4013/AERIS-Software/pico-sdk/lib/tinyusb/src/portable/raspberrypi/rp2040/rp2040_usb.c.o
                0x0000000010004014                rp2040_usb_init
 .text.hw_endpoint_xfer_start
                0x0000000010004058       0x60 CMakeFiles/i2c_scan.dir/home/connerparker/ASEN_4013/AERIS-Software/pico-sdk/lib/tinyusb/src/portable/raspberrypi/rp2040/rp2040_usb.c.o
                0x0000000010004058                hw_endpoint_xfer_start
 .text.configuration_reset
                0x00000000100040b8       0x84 CMakeFiles/i2c_scan.dir/home/connerparker/ASEN_4013/AERIS-Software/pico-sdk/lib/tinyusb/src/device/usbd.c.o
 .text.usbd_reset
                0x000000001000413c        0xc CMakeFiles/i2c_scan.dir/home/connerparker/ASEN_4013/AERIS-Software/pico-sdk/lib/tinyusb/src/device/usbd.c.o
 .text.invoke_class_control
                0x0000000010004148       0x1a CMakeFiles/i2c_scan.dir/home/connerparker/ASEN_4013/AERIS-Software/pico-sdk/lib/tinyusb/src/device/usbd.c.o
 *fill*         0x0000000010004162        0x2 
 .text.process_set_config
                0x0000000010004164      0x19c CMakeFiles/i2c_scan.dir/home/connerparker/ASEN_4013/AERIS-Software/pico-sdk/lib/tinyusb/src/device/usbd.c.o
 .text.tud_event_hook_cb
                0x0000000010004300        0x2 CMakeFiles/i2c_scan.dir/home/connerparker/ASEN_4013/AERIS-Software/pico-sdk/lib/tinyusb/src/device/usbd.c.o
                0x0000000010004300                tud_event_hook_cb
 .text.tud_sof_cb
                0x0000000010004302        0x2 CMakeFiles/i2c_scan.dir/home/connerparker/ASEN_4013/AERIS-Software/pico-sdk/lib/tinyusb/src/device/usbd.c.o
                0x0000000010004302                tud_sof_cb
 .text.tud_descriptor_device_qualifier_cb
                0x0000000010004304        0x4 CMakeFiles/i2c_scan.dir/home/connerparker/ASEN_4013/AERIS-Software/pico-sdk/lib/tinyusb/src/device/usbd.c.o
                0x0000000010004304                tud_descriptor_device_qualifier_cb
 .text.tud_descriptor_other_speed_configuration_cb
                0x0000000010004308        0x4 CMakeFiles/i2c_scan.dir/home/connerparker/ASEN_4013/AERIS-Software/pico-sdk/lib/tinyusb/src/device/usbd.c.o
                0x0000000010004308                tud_descriptor_other_speed_configuration_cb
 .text.process_get_descriptor
                0x000000001000430c       0xe0 CMakeFiles/i2c_scan.dir/home/connerparker/ASEN_4013/AERIS-Software/pico-sdk/lib/tinyusb/src/device/usbd.c.o
 .text.tud_mount_cb
                0x00000000100043ec        0x2 CMakeFiles/i2c_scan.dir/home/connerparker/ASEN_4013/AERIS-Software/pico-sdk/lib/tinyusb/src/device/usbd.c.o
                0x00000000100043ec                tud_mount_cb
 .text.tud_umount_cb
                0x00000000100043ee        0x2 CMakeFiles/i2c_scan.dir/home/connerparker/ASEN_4013/AERIS-Software/pico-sdk/lib/tinyusb/src/device/usbd.c.o
                0x00000000100043ee                tud_umount_cb
 .text.tud_suspend_cb
                0x00000000100043f0        0x2 CMakeFiles/i2c_scan.dir/home/connerparker/ASEN_4013/AERIS-Software/pico-sdk/lib/tinyusb/src/device/usbd.c.o
                0x00000000100043f0                tud_suspend_cb
 .text.tud_resume_cb
                0x00000000100043f2        0x2 CMakeFiles/i2c_scan.dir/home/connerparker/ASEN_4013/AERIS-Software/pico-sdk/lib/tinyusb/src/device/usbd.c.o
                0x00000000100043f2                tud_resume_cb
 .text.tud_mounted
                0x00000000100043f4       0x10 CMakeFiles/i2c_scan.dir/home/connerparker/ASEN_4013/AERIS-Software/pico-sdk/lib/tinyusb/src/device/usbd.c.o
                0x00000000100043f4                tud_mounted
 .text.tud_suspended
                0x0000000010004404       0x10 CMakeFiles/i2c_scan.dir/home/connerparker/ASEN_4013/AERIS-Software/pico-sdk/lib/tinyusb/src/device/usbd.c.o
                0x0000000010004404                tud_suspended
 .text.tud_inited
                0x0000000010004414       0x14 CMakeFiles/i2c_scan.dir/home/connerparker/ASEN_4013/AERIS-Software/pico-sdk/lib/tinyusb/src/device/usbd.c.o
                0x0000000010004414                tud_inited
 .text.tud_init
                0x0000000010004428       0xdc CMakeFiles/i2c_scan.dir/home/connerparker/ASEN_4013/AERIS-Software/pico-sdk/lib/tinyusb/src/device/usbd.c.o
                0x0000000010004428                tud_init
 .text.usbd_edpt_open
                0x0000000010004504       0x60 CMakeFiles/i2c_scan.dir/home/connerparker/ASEN_4013/AERIS-Software/pico-sdk/lib/tinyusb/src/device/usbd.c.o
                0x0000000010004504                usbd_edpt_open
 .text.usbd_open_edpt_pair
                0x0000000010004564       0x88 CMakeFiles/i2c_scan.dir/home/connerparker/ASEN_4013/AERIS-Software/pico-sdk/lib/tinyusb/src/device/usbd.c.o
                0x0000000010004564                usbd_open_edpt_pair
 .text.usbd_edpt_claim
                0x00000000100045ec       0x28 CMakeFiles/i2c_scan.dir/home/connerparker/ASEN_4013/AERIS-Software/pico-sdk/lib/tinyusb/src/device/usbd.c.o
                0x00000000100045ec                usbd_edpt_claim
 .text.usbd_edpt_release
                0x0000000010004614       0x28 CMakeFiles/i2c_scan.dir/home/connerparker/ASEN_4013/AERIS-Software/pico-sdk/lib/tinyusb/src/device/usbd.c.o
                0x0000000010004614                usbd_edpt_release
 .text.usbd_edpt_xfer
                0x000000001000463c       0x88 CMakeFiles/i2c_scan.dir/home/connerparker/ASEN_4013/AERIS-Software/pico-sdk/lib/tinyusb/src/device/usbd.c.o
                0x000000001000463c                usbd_edpt_xfer
 .text.usbd_edpt_stall
                0x00000000100046c4       0x34 CMakeFiles/i2c_scan.dir/home/connerparker/ASEN_4013/AERIS-Software/pico-sdk/lib/tinyusb/src/device/usbd.c.o
                0x00000000100046c4                usbd_edpt_stall
 .text.usbd_edpt_clear_stall
                0x00000000100046f8       0x34 CMakeFiles/i2c_scan.dir/home/connerparker/ASEN_4013/AERIS-Software/pico-sdk/lib/tinyusb/src/device/usbd.c.o
                0x00000000100046f8                usbd_edpt_clear_stall
 .text.usbd_edpt_stalled
                0x000000001000472c       0x1c CMakeFiles/i2c_scan.dir/home/connerparker/ASEN_4013/AERIS-Software/pico-sdk/lib/tinyusb/src/device/usbd.c.o
                0x000000001000472c                usbd_edpt_stalled
 .text.process_control_request
                0x0000000010004748      0x394 CMakeFiles/i2c_scan.dir/home/connerparker/ASEN_4013/AERIS-Software/pico-sdk/lib/tinyusb/src/device/usbd.c.o
 .text.tud_task_ext
                0x0000000010004adc      0x1d8 CMakeFiles/i2c_scan.dir/home/connerparker/ASEN_4013/AERIS-Software/pico-sdk/lib/tinyusb/src/device/usbd.c.o
                0x0000000010004adc                tud_task_ext
 .text._data_stage_xact
                0x0000000010004cb4       0x60 CMakeFiles/i2c_scan.dir/home/connerparker/ASEN_4013/AERIS-Software/pico-sdk/lib/tinyusb/src/device/usbd_control.c.o
 .text.tud_control_status
                0x0000000010004d14       0x38 CMakeFiles/i2c_scan.dir/home/connerparker/ASEN_4013/AERIS-Software/pico-sdk/lib/tinyusb/src/device/usbd_control.c.o
                0x0000000010004d14                tud_control_status
 .text.tud_control_xfer
                0x0000000010004d4c       0xa8 CMakeFiles/i2c_scan.dir/home/connerparker/ASEN_4013/AERIS-Software/pico-sdk/lib/tinyusb/src/device/usbd_control.c.o
                0x0000000010004d4c                tud_control_xfer
 .text.usbd_control_reset
                0x0000000010004df4       0x14 CMakeFiles/i2c_scan.dir/home/connerparker/ASEN_4013/AERIS-Software/pico-sdk/lib/tinyusb/src/device/usbd_control.c.o
                0x0000000010004df4                usbd_control_reset
 .text.usbd_control_set_complete_callback
                0x0000000010004e08        0xc CMakeFiles/i2c_scan.dir/home/connerparker/ASEN_4013/AERIS-Software/pico-sdk/lib/tinyusb/src/device/usbd_control.c.o
                0x0000000010004e08                usbd_control_set_complete_callback
 .text.usbd_control_set_request
                0x0000000010004e14       0x1c CMakeFiles/i2c_scan.dir/home/connerparker/ASEN_4013/AERIS-Software/pico-sdk/lib/tinyusb/src/device/usbd_control.c.o
                0x0000000010004e14                usbd_control_set_request
 .text.usbd_control_xfer_cb
                0x0000000010004e30       0xf4 CMakeFiles/i2c_scan.dir/home/connerparker/ASEN_4013/AERIS-Software/pico-sdk/lib/tinyusb/src/device/usbd_control.c.o
                0x0000000010004e30                usbd_control_xfer_cb
 .text._prep_out_transaction
                0x0000000010004f24       0x72 CMakeFiles/i2c_scan.dir/home/connerparker/ASEN_4013/AERIS-Software/pico-sdk/lib/tinyusb/src/class/cdc/cdc_device.c.o
 *fill*         0x0000000010004f96        0x2 
 .text.tud_cdc_n_connected
                0x0000000010004f98       0x44 CMakeFiles/i2c_scan.dir/home/connerparker/ASEN_4013/AERIS-Software/pico-sdk/lib/tinyusb/src/class/cdc/cdc_device.c.o
                0x0000000010004f98                tud_cdc_n_connected
 .text.tud_cdc_n_available
                0x0000000010004fdc       0x18 CMakeFiles/i2c_scan.dir/home/connerparker/ASEN_4013/AERIS-Software/pico-sdk/lib/tinyusb/src/class/cdc/cdc_device.c.o
                0x0000000010004fdc                tud_cdc_n_available
 .text.tud_cdc_n_read
                0x0000000010004ff4       0x38 CMakeFiles/i2c_scan.dir/home/connerparker/ASEN_4013/AERIS-Software/pico-sdk/lib/tinyusb/src/class/cdc/cdc_device.c.o
                0x0000000010004ff4                tud_cdc_n_read
 .text.tud_cdc_n_write_flush
                0x000000001000502c       0xcc CMakeFiles/i2c_scan.dir/home/connerparker/ASEN_4013/AERIS-Software/pico-sdk/lib/tinyusb/src/class/cdc/cdc_device.c.o
                0x000000001000502c                tud_cdc_n_write_flush
 .text.tud_cdc_n_write
                0x00000000100050f8       0x48 CMakeFiles/i2c_scan.dir/home/connerparker/ASEN_4013/AERIS-Software/pico-sdk/lib/tinyusb/src/class/cdc/cdc_device.c.o
                0x00000000100050f8                tud_cdc_n_write
 .text.tud_cdc_n_write_available
                0x0000000010005140       0x1c CMakeFiles/i2c_scan.dir/home/connerparker/ASEN_4013/AERIS-Software/pico-sdk/lib/tinyusb/src/class/cdc/cdc_device.c.o
                0x0000000010005140                tud_cdc_n_write_available
 .text.cdcd_init
                0x000000001000515c       0xc0 CMakeFiles/i2c_scan.dir/home/connerparker/ASEN_4013/AERIS-Software/pico-sdk/lib/tinyusb/src/class/cdc/cdc_device.c.o
                0x000000001000515c                cdcd_init
 .text.cdcd_deinit
                0x000000001000521c       0x50 CMakeFiles/i2c_scan.dir/home/connerparker/ASEN_4013/AERIS-Software/pico-sdk/lib/tinyusb/src/class/cdc/cdc_device.c.o
                0x000000001000521c                cdcd_deinit
 .text.cdcd_reset
                0x000000001000526c       0x78 CMakeFiles/i2c_scan.dir/home/connerparker/ASEN_4013/AERIS-Software/pico-sdk/lib/tinyusb/src/class/cdc/cdc_device.c.o
                0x000000001000526c                cdcd_reset
 .text.cdcd_open
                0x00000000100052e4       0xf8 CMakeFiles/i2c_scan.dir/home/connerparker/ASEN_4013/AERIS-Software/pico-sdk/lib/tinyusb/src/class/cdc/cdc_device.c.o
                0x00000000100052e4                cdcd_open
 .text.cdcd_control_xfer_cb
                0x00000000100053dc      0x138 CMakeFiles/i2c_scan.dir/home/connerparker/ASEN_4013/AERIS-Software/pico-sdk/lib/tinyusb/src/class/cdc/cdc_device.c.o
                0x00000000100053dc                cdcd_control_xfer_cb
 .text.cdcd_xfer_cb
                0x0000000010005514      0x144 CMakeFiles/i2c_scan.dir/home/connerparker/ASEN_4013/AERIS-Software/pico-sdk/lib/tinyusb/src/class/cdc/cdc_device.c.o
                0x0000000010005514                cdcd_xfer_cb
 .text.tud_vendor_n_mounted
                0x0000000010005658       0x38 CMakeFiles/i2c_scan.dir/home/connerparker/ASEN_4013/AERIS-Software/pico-sdk/lib/tinyusb/src/class/vendor/vendor_device.c.o
                0x0000000010005658                tud_vendor_n_mounted
 .text.tud_vendor_n_write_flush
                0x0000000010005690       0x24 CMakeFiles/i2c_scan.dir/home/connerparker/ASEN_4013/AERIS-Software/pico-sdk/lib/tinyusb/src/class/vendor/vendor_device.c.o
                0x0000000010005690                tud_vendor_n_write_flush
 .text.vendord_init
                0x00000000100056b4       0x90 CMakeFiles/i2c_scan.dir/home/connerparker/ASEN_4013/AERIS-Software/pico-sdk/lib/tinyusb/src/class/vendor/vendor_device.c.o
                0x00000000100056b4                vendord_init
 .text.vendord_deinit
                0x0000000010005744       0x38 CMakeFiles/i2c_scan.dir/home/connerparker/ASEN_4013/AERIS-Software/pico-sdk/lib/tinyusb/src/class/vendor/vendor_device.c.o
                0x0000000010005744                vendord_deinit
 .text.vendord_reset
                0x000000001000577c       0x3c CMakeFiles/i2c_scan.dir/home/connerparker/ASEN_4013/AERIS-Software/pico-sdk/lib/tinyusb/src/class/vendor/vendor_device.c.o
                0x000000001000577c                vendord_reset
 .text.vendord_open
                0x00000000100057b8      0x174 CMakeFiles/i2c_scan.dir/home/connerparker/ASEN_4013/AERIS-Software/pico-sdk/lib/tinyusb/src/class/vendor/vendor_device.c.o
                0x00000000100057b8                vendord_open
 .text.vendord_xfer_cb
                0x000000001000592c       0xc0 CMakeFiles/i2c_scan.dir/home/connerparker/ASEN_4013/AERIS-Software/pico-sdk/lib/tinyusb/src/class/vendor/vendor_device.c.o
                0x000000001000592c                vendord_xfer_cb
 .text.tusb_init
                0x00000000100059ec       0x24 CMakeFiles/i2c_scan.dir/home/connerparker/ASEN_4013/AERIS-Software/pico-sdk/lib/tinyusb/src/tusb.c.o
                0x00000000100059ec                tusb_init
 .text.tu_edpt_claim
                0x0000000010005a10       0x50 CMakeFiles/i2c_scan.dir/home/connerparker/ASEN_4013/AERIS-Software/pico-sdk/lib/tinyusb/src/tusb.c.o
                0x0000000010005a10                tu_edpt_claim
 .text.tu_edpt_release
                0x0000000010005a60       0x3c CMakeFiles/i2c_scan.dir/home/connerparker/ASEN_4013/AERIS-Software/pico-sdk/lib/tinyusb/src/tusb.c.o
                0x0000000010005a60                tu_edpt_release
 .text.tu_edpt_validate
                0x0000000010005a9c       0xac CMakeFiles/i2c_scan.dir/home/connerparker/ASEN_4013/AERIS-Software/pico-sdk/lib/tinyusb/src/tusb.c.o
                0x0000000010005a9c                tu_edpt_validate
 .text.tu_edpt_bind_driver
                0x0000000010005b48       0x26 CMakeFiles/i2c_scan.dir/home/connerparker/ASEN_4013/AERIS-Software/pico-sdk/lib/tinyusb/src/tusb.c.o
                0x0000000010005b48                tu_edpt_bind_driver
 .text.tu_edpt_stream_init
                0x0000000010005b6e       0x68 CMakeFiles/i2c_scan.dir/home/connerparker/ASEN_4013/AERIS-Software/pico-sdk/lib/tinyusb/src/tusb.c.o
                0x0000000010005b6e                tu_edpt_stream_init
 .text.tu_edpt_stream_deinit
                0x0000000010005bd6        0x4 CMakeFiles/i2c_scan.dir/home/connerparker/ASEN_4013/AERIS-Software/pico-sdk/lib/tinyusb/src/tusb.c.o
                0x0000000010005bd6                tu_edpt_stream_deinit
 *fill*         0x0000000010005bda        0x2 
 .text.tu_edpt_stream_write_zlp_if_needed
                0x0000000010005bdc       0x80 CMakeFiles/i2c_scan.dir/home/connerparker/ASEN_4013/AERIS-Software/pico-sdk/lib/tinyusb/src/tusb.c.o
                0x0000000010005bdc                tu_edpt_stream_write_zlp_if_needed
 .text.tu_edpt_stream_write_xfer
                0x0000000010005c5c       0x84 CMakeFiles/i2c_scan.dir/home/connerparker/ASEN_4013/AERIS-Software/pico-sdk/lib/tinyusb/src/tusb.c.o
                0x0000000010005c5c                tu_edpt_stream_write_xfer
 .text.tu_edpt_stream_read_xfer
                0x0000000010005ce0       0xf4 CMakeFiles/i2c_scan.dir/home/connerparker/ASEN_4013/AERIS-Software/pico-sdk/lib/tinyusb/src/tusb.c.o
                0x0000000010005ce0                tu_edpt_stream_read_xfer
 .text.advance_index
                0x0000000010005dd4       0x1a CMakeFiles/i2c_scan.dir/home/connerparker/ASEN_4013/AERIS-Software/pico-sdk/lib/tinyusb/src/common/tusb_fifo.c.o
 .text._tu_fifo_peek
                0x0000000010005dee       0x56 CMakeFiles/i2c_scan.dir/home/connerparker/ASEN_4013/AERIS-Software/pico-sdk/lib/tinyusb/src/common/tusb_fifo.c.o
 .text._ff_pull_n
                0x0000000010005e44       0x68 CMakeFiles/i2c_scan.dir/home/connerparker/ASEN_4013/AERIS-Software/pico-sdk/lib/tinyusb/src/common/tusb_fifo.c.o
 .text._tu_fifo_peek_n
                0x0000000010005eac       0x6a CMakeFiles/i2c_scan.dir/home/connerparker/ASEN_4013/AERIS-Software/pico-sdk/lib/tinyusb/src/common/tusb_fifo.c.o
 .text._tu_fifo_read_n
                0x0000000010005f16       0x4e CMakeFiles/i2c_scan.dir/home/connerparker/ASEN_4013/AERIS-Software/pico-sdk/lib/tinyusb/src/common/tusb_fifo.c.o
 .text._ff_push_n
                0x0000000010005f64       0x68 CMakeFiles/i2c_scan.dir/home/connerparker/ASEN_4013/AERIS-Software/pico-sdk/lib/tinyusb/src/common/tusb_fifo.c.o
 .text._tu_fifo_write_n
                0x0000000010005fcc       0xf0 CMakeFiles/i2c_scan.dir/home/connerparker/ASEN_4013/AERIS-Software/pico-sdk/lib/tinyusb/src/common/tusb_fifo.c.o
 .text.tu_fifo_config
                0x00000000100060bc       0x7c CMakeFiles/i2c_scan.dir/home/connerparker/ASEN_4013/AERIS-Software/pico-sdk/lib/tinyusb/src/common/tusb_fifo.c.o
                0x00000000100060bc                tu_fifo_config
 .text.tu_fifo_count
                0x0000000010006138       0x2a CMakeFiles/i2c_scan.dir/home/connerparker/ASEN_4013/AERIS-Software/pico-sdk/lib/tinyusb/src/common/tusb_fifo.c.o
                0x0000000010006138                tu_fifo_count
 .text.tu_fifo_empty
                0x0000000010006162       0x10 CMakeFiles/i2c_scan.dir/home/connerparker/ASEN_4013/AERIS-Software/pico-sdk/lib/tinyusb/src/common/tusb_fifo.c.o
                0x0000000010006162                tu_fifo_empty
 .text.tu_fifo_full
                0x0000000010006172       0x28 CMakeFiles/i2c_scan.dir/home/connerparker/ASEN_4013/AERIS-Software/pico-sdk/lib/tinyusb/src/common/tusb_fifo.c.o
                0x0000000010006172                tu_fifo_full
 .text.tu_fifo_remaining
                0x000000001000619a       0x2c CMakeFiles/i2c_scan.dir/home/connerparker/ASEN_4013/AERIS-Software/pico-sdk/lib/tinyusb/src/common/tusb_fifo.c.o
                0x000000001000619a                tu_fifo_remaining
 .text.tu_fifo_read
                0x00000000100061c6       0x42 CMakeFiles/i2c_scan.dir/home/connerparker/ASEN_4013/AERIS-Software/pico-sdk/lib/tinyusb/src/common/tusb_fifo.c.o
                0x00000000100061c6                tu_fifo_read
 .text.tu_fifo_read_n
                0x0000000010006208        0xa CMakeFiles/i2c_scan.dir/home/connerparker/ASEN_4013/AERIS-Software/pico-sdk/lib/tinyusb/src/common/tusb_fifo.c.o
                0x0000000010006208                tu_fifo_read_n
 .text.tu_fifo_write
                0x0000000010006212       0x64 CMakeFiles/i2c_scan.dir/home/connerparker/ASEN_4013/AERIS-Software/pico-sdk/lib/tinyusb/src/common/tusb_fifo.c.o
                0x0000000010006212                tu_fifo_write
 .text.tu_fifo_write_n
                0x0000000010006276        0xa CMakeFiles/i2c_scan.dir/home/connerparker/ASEN_4013/AERIS-Software/pico-sdk/lib/tinyusb/src/common/tusb_fifo.c.o
                0x0000000010006276                tu_fifo_write_n
 .text.tu_fifo_clear
                0x0000000010006280       0x3e CMakeFiles/i2c_scan.dir/home/connerparker/ASEN_4013/AERIS-Software/pico-sdk/lib/tinyusb/src/common/tusb_fifo.c.o
                0x0000000010006280                tu_fifo_clear
 .text.tu_fifo_set_overwritable
                0x00000000100062be       0x46 CMakeFiles/i2c_scan.dir/home/connerparker/ASEN_4013/AERIS-Software/pico-sdk/lib/tinyusb/src/common/tusb_fifo.c.o
                0x00000000100062be                tu_fifo_set_overwritable
 .text.i2c_read_blocking_internal
                0x0000000010006304       0xfc CMakeFiles/i2c_scan.dir/home/connerparker/ASEN_4013/AERIS-Software/pico-sdk/src/rp2_common/hardware_i2c/i2c.c.o
 .text.i2c_set_baudrate
                0x0000000010006400       0xf0 CMakeFiles/i2c_scan.dir/home/connerparker/ASEN_4013/AERIS-Software/pico-sdk/src/rp2_common/hardware_i2c/i2c.c.o
                0x0000000010006400                i2c_set_baudrate
 .text.i2c_init
                0x00000000100064f0       0x6c CMakeFiles/i2c_scan.dir/home/connerparker/ASEN_4013/AERIS-Software/pico-sdk/src/rp2_common/hardware_i2c/i2c.c.o
                0x00000000100064f0                i2c_init
 .text.i2c_read_blocking
                0x000000001000655c       0x18 CMakeFiles/i2c_scan.dir/home/connerparker/ASEN_4013/AERIS-Software/pico-sdk/src/rp2_common/hardware_i2c/i2c.c.o
                0x000000001000655c                i2c_read_blocking
 .text          0x0000000010006574       0x5c /usr/lib/gcc/arm-none-eabi/10.3.1/../../../arm-none-eabi/lib/thumb/v6-m/nofp/libg.a(lib_a-strlen-stub.o)
                0x0000000010006574                strlen
 *(.fini)
 .fini          0x00000000100065d0        0x4 /usr/lib/gcc/arm-none-eabi/10.3.1/thumb/v6-m/nofp/crti.o
                0x00000000100065d0                _fini
 *fill*         0x00000000100065d4        0x4 
 .fini.__stub   0x00000000100065d8       0xd0 linker stubs
 *crtbegin.o(.ctors)
 *crtbegin?.o(.ctors)
 *(EXCLUDE_FILE(*crtend.o *crtend?.o) .ctors)
 *(SORT_BY_NAME(.ctors.*))
 *(.ctors)
 *crtbegin.o(.dtors)
 *crtbegin?.o(.dtors)
 *(EXCLUDE_FILE(*crtend.o *crtend?.o) .dtors)
 *(SORT_BY_NAME(.dtors.*))
 *(.dtors)
                0x00000000100066a8                . = ALIGN (0x4)
                0x00000000100066a8                PROVIDE (__preinit_array_start = .)
 *(SORT_BY_NAME(.preinit_array.*))
 .preinit_array.00100
                0x00000000100066a8        0x4 CMakeFiles/i2c_scan.dir/home/connerparker/ASEN_4013/AERIS-Software/pico-sdk/src/rp2_common/pico_runtime_init/runtime_init.c.o
                0x00000000100066a8                __pre_init_runtime_init_early_resets
 .preinit_array.00101
                0x00000000100066ac        0x4 CMakeFiles/i2c_scan.dir/home/connerparker/ASEN_4013/AERIS-Software/pico-sdk/src/rp2_common/pico_runtime_init/runtime_init.c.o
                0x00000000100066ac                __pre_init_runtime_init_usb_power_down
 .preinit_array.00275
                0x00000000100066b0        0x4 CMakeFiles/i2c_scan.dir/home/connerparker/ASEN_4013/AERIS-Software/pico-sdk/src/rp2_common/pico_bit_ops/bit_ops_aeabi.S.o
 .preinit_array.00300
                0x00000000100066b4        0x4 CMakeFiles/i2c_scan.dir/home/connerparker/ASEN_4013/AERIS-Software/pico-sdk/src/rp2_common/pico_mem_ops/mem_ops_aeabi.S.o
 .preinit_array.00350
                0x00000000100066b8        0x4 CMakeFiles/i2c_scan.dir/home/connerparker/ASEN_4013/AERIS-Software/pico-sdk/src/rp2_common/pico_double/double_aeabi_rp2040.S.o
 .preinit_array.00350
                0x00000000100066bc        0x4 CMakeFiles/i2c_scan.dir/home/connerparker/ASEN_4013/AERIS-Software/pico-sdk/src/rp2_common/pico_float/float_aeabi_rp2040.S.o
 .preinit_array.00500
                0x00000000100066c0        0x4 CMakeFiles/i2c_scan.dir/home/connerparker/ASEN_4013/AERIS-Software/pico-sdk/src/rp2_common/pico_runtime_init/runtime_init.c.o
                0x00000000100066c0                __pre_init_runtime_init_clocks
 .preinit_array.00600
                0x00000000100066c4        0x4 CMakeFiles/i2c_scan.dir/home/connerparker/ASEN_4013/AERIS-Software/pico-sdk/src/rp2_common/pico_runtime_init/runtime_init.c.o
                0x00000000100066c4                __pre_init_runtime_init_post_clock_resets
 .preinit_array.00700
                0x00000000100066c8        0x4 CMakeFiles/i2c_scan.dir/home/connerparker/ASEN_4013/AERIS-Software/pico-sdk/src/rp2_common/pico_runtime_init/runtime_init.c.o
                0x00000000100066c8                __pre_init_runtime_init_rp2040_gpio_ie_disable
 .preinit_array.01000
                0x00000000100066cc        0x4 CMakeFiles/i2c_scan.dir/home/connerparker/ASEN_4013/AERIS-Software/pico-sdk/src/rp2_common/pico_runtime_init/runtime_init.c.o
                0x00000000100066cc                __pre_init_runtime_init_spin_locks_reset
 .preinit_array.01100
                0x00000000100066d0        0x4 CMakeFiles/i2c_scan.dir/home/connerparker/ASEN_4013/AERIS-Software/pico-sdk/src/common/pico_sync/mutex.c.o
                0x00000000100066d0                __pre_init_runtime_init_mutex
 .preinit_array.10080
                0x00000000100066d4        0x4 CMakeFiles/i2c_scan.dir/home/connerparker/ASEN_4013/AERIS-Software/pico-sdk/src/rp2_common/pico_runtime_init/runtime_init.c.o
                0x00000000100066d4                __pre_init_runtime_init_install_ram_vector_table
 .preinit_array.11000
                0x00000000100066d8        0x4 CMakeFiles/i2c_scan.dir/home/connerparker/ASEN_4013/AERIS-Software/pico-sdk/src/common/pico_time/time.c.o
                0x00000000100066d8                __pre_init_runtime_init_default_alarm_pool
 .preinit_array.YYYYY
                0x00000000100066dc        0x4 CMakeFiles/i2c_scan.dir/home/connerparker/ASEN_4013/AERIS-Software/pico-sdk/src/rp2_common/pico_runtime/runtime.c.o
                0x00000000100066dc                __pre_init_first_per_core_initializer
 .preinit_array.ZZZZZ.01200
                0x00000000100066e0        0x4 CMakeFiles/i2c_scan.dir/home/connerparker/ASEN_4013/AERIS-Software/pico-sdk/src/rp2_common/hardware_irq/irq.c.o
                0x00000000100066e0                __pre_init_runtime_init_per_core_irq_priorities
 *(.preinit_array)
                0x00000000100066e4                PROVIDE (__preinit_array_end = .)
                0x00000000100066e4                . = ALIGN (0x4)
                0x00000000100066e4                PROVIDE (__init_array_start = .)
 *(SORT_BY_NAME(.init_array.*))
 *(.init_array)
 .init_array    0x00000000100066e4        0x4 /usr/lib/gcc/arm-none-eabi/10.3.1/thumb/v6-m/nofp/crtbegin.o
 .init_array    0x00000000100066e8        0x4 CMakeFiles/i2c_scan.dir/home/connerparker/ASEN_4013/AERIS-Software/pico-sdk/src/rp2_common/pico_unique_id/unique_id.c.o
                0x00000000100066ec                PROVIDE (__init_array_end = .)
                0x00000000100066ec                . = ALIGN (0x4)
                0x00000000100066ec                PROVIDE (__fini_array_start = .)
 *(SORT_BY_NAME(.fini_array.*))
 *(.fini_array)
                0x00000000100066ec                PROVIDE (__fini_array_end = .)
 *(.eh_frame*)
 .eh_frame      0x00000000100066ec        0x0 /usr/lib/gcc/arm-none-eabi/10.3.1/thumb/v6-m/nofp/crtbegin.o
                0x00000000100066ec                . = ALIGN (0x4)

.glue_7         0x00000000100066ec        0x0
 .glue_7        0x00000000100066ec        0x0 linker stubs

.glue_7t        0x00000000100066ec        0x0
 .glue_7t       0x00000000100066ec        0x0 linker stubs

.vfp11_veneer   0x00000000100066ec        0x0
 .vfp11_veneer  0x00000000100066ec        0x0 linker stubs

.v4_bx          0x00000000100066ec        0x0
 .v4_bx         0x00000000100066ec        0x0 linker stubs

.iplt           0x00000000100066ec        0x0
 .iplt          0x00000000100066ec        0x0 /usr/lib/gcc/arm-none-eabi/10.3.1/thumb/v6-m/nofp/crtbegin.o

.rodata         0x00000000100066f0     0x1618
 *(EXCLUDE_FILE(*libm.a: *libc.a:*lib_a-mem*.o *libgcc.a:) .rodata*)
 .rodata.main.str1.4
                0x00000000100066f0       0x5e CMakeFiles/i2c_scan.dir/bus_scan.c.o
                                         0x62 (size before relaxing)
 *fill*         0x000000001000674e        0x2 
 .rodata.__bi_52.0
                0x0000000010006750        0x8 CMakeFiles/i2c_scan.dir/bus_scan.c.o
 .rodata.rp2040_chip_version.str1.4
                0x0000000010006758       0x91 CMakeFiles/i2c_scan.dir/home/connerparker/ASEN_4013/AERIS-Software/pico-sdk/src/rp2040/pico_platform/platform.c.o
 *fill*         0x00000000100067e9        0x3 
 .rodata.__func__.0
                0x00000000100067ec       0x14 CMakeFiles/i2c_scan.dir/home/connerparker/ASEN_4013/AERIS-Software/pico-sdk/src/rp2040/pico_platform/platform.c.o
 .rodata.panic.str1.4
                0x0000000010006800       0x10 CMakeFiles/i2c_scan.dir/home/connerparker/ASEN_4013/AERIS-Software/pico-sdk/src/rp2_common/pico_platform_panic/panic.c.o
                                         0x12 (size before relaxing)
 .rodata.spin_lock_claim_unused.str1.4
                0x0000000010006810       0x1b CMakeFiles/i2c_scan.dir/home/connerparker/ASEN_4013/AERIS-Software/pico-sdk/src/rp2_common/hardware_sync/sync.c.o
 *fill*         0x000000001000682b        0x1 
 .rodata.make_j_16.str1.4
                0x000000001000682c       0x87 CMakeFiles/i2c_scan.dir/home/connerparker/ASEN_4013/AERIS-Software/pico-sdk/src/rp2_common/hardware_irq/irq.c.o
 *fill*         0x00000000100068b3        0x1 
 .rodata.irq_set_exclusive_handler.str1.4
                0x00000000100068b4       0x36 CMakeFiles/i2c_scan.dir/home/connerparker/ASEN_4013/AERIS-Software/pico-sdk/src/rp2_common/hardware_irq/irq.c.o
 *fill*         0x00000000100068ea        0x2 
 .rodata.irq_add_shared_handler.str1.4
                0x00000000100068ec       0xe9 CMakeFiles/i2c_scan.dir/home/connerparker/ASEN_4013/AERIS-Software/pico-sdk/src/rp2_common/hardware_irq/irq.c.o
 *fill*         0x00000000100069d5        0x3 
 .rodata.irq_add_tail_to_free_list.str1.4
                0x00000000100069d8       0x3a CMakeFiles/i2c_scan.dir/home/connerparker/ASEN_4013/AERIS-Software/pico-sdk/src/rp2_common/hardware_irq/irq.c.o
 *fill*         0x0000000010006a12        0x2 
 .rodata.user_irq_claim_unused.str1.4
                0x0000000010006a14       0x1b CMakeFiles/i2c_scan.dir/home/connerparker/ASEN_4013/AERIS-Software/pico-sdk/src/rp2_common/hardware_irq/irq.c.o
 *fill*         0x0000000010006a2f        0x1 
 .rodata.__func__.0
                0x0000000010006a30       0x1a CMakeFiles/i2c_scan.dir/home/connerparker/ASEN_4013/AERIS-Software/pico-sdk/src/rp2_common/hardware_irq/irq.c.o
 *fill*         0x0000000010006a4a        0x2 
 .rodata.__func__.3
                0x0000000010006a4c        0xa CMakeFiles/i2c_scan.dir/home/connerparker/ASEN_4013/AERIS-Software/pico-sdk/src/rp2_common/hardware_irq/irq.c.o
 *fill*         0x0000000010006a56        0x2 
 .rodata.__func__.4
                0x0000000010006a58        0xd CMakeFiles/i2c_scan.dir/home/connerparker/ASEN_4013/AERIS-Software/pico-sdk/src/rp2_common/hardware_irq/irq.c.o
 *fill*         0x0000000010006a65        0x3 
 .rodata.__func__.5
                0x0000000010006a68       0x17 CMakeFiles/i2c_scan.dir/home/connerparker/ASEN_4013/AERIS-Software/pico-sdk/src/rp2_common/hardware_irq/irq.c.o
 *fill*         0x0000000010006a7f        0x1 
 .rodata.__func__.6
                0x0000000010006a80       0x1a CMakeFiles/i2c_scan.dir/home/connerparker/ASEN_4013/AERIS-Software/pico-sdk/src/rp2_common/hardware_irq/irq.c.o
 *fill*         0x0000000010006a9a        0x2 
 .rodata.runtime_init_mutex.str1.4
                0x0000000010006a9c       0x72 CMakeFiles/i2c_scan.dir/home/connerparker/ASEN_4013/AERIS-Software/pico-sdk/src/common/pico_sync/mutex.c.o
 *fill*         0x0000000010006b0e        0x2 
 .rodata.str1.4
                0x0000000010006b10       0x51 CMakeFiles/i2c_scan.dir/home/connerparker/ASEN_4013/AERIS-Software/pico-sdk/src/common/pico_sync/mutex.c.o
 *fill*         0x0000000010006b61        0x3 
 .rodata.__func__.1
                0x0000000010006b64        0xb CMakeFiles/i2c_scan.dir/home/connerparker/ASEN_4013/AERIS-Software/pico-sdk/src/common/pico_sync/mutex.c.o
 *fill*         0x0000000010006b6f        0x1 
 .rodata.__func__.3
                0x0000000010006b70       0x18 CMakeFiles/i2c_scan.dir/home/connerparker/ASEN_4013/AERIS-Software/pico-sdk/src/common/pico_sync/mutex.c.o
 .rodata.__func__.6
                0x0000000010006b88       0x13 CMakeFiles/i2c_scan.dir/home/connerparker/ASEN_4013/AERIS-Software/pico-sdk/src/common/pico_sync/mutex.c.o
 *fill*         0x0000000010006b9b        0x1 
 .rodata.alarm_pool_irq_handler.str1.4
                0x0000000010006b9c       0x7d CMakeFiles/i2c_scan.dir/home/connerparker/ASEN_4013/AERIS-Software/pico-sdk/src/common/pico_time/time.c.o
 *fill*         0x0000000010006c19        0x3 
 .rodata.alarm_pool_get_default.str1.4
                0x0000000010006c1c       0x21 CMakeFiles/i2c_scan.dir/home/connerparker/ASEN_4013/AERIS-Software/pico-sdk/src/common/pico_time/time.c.o
 *fill*         0x0000000010006c3d        0x3 
 .rodata.sleep_until.str1.4
                0x0000000010006c40       0x4d CMakeFiles/i2c_scan.dir/home/connerparker/ASEN_4013/AERIS-Software/pico-sdk/src/common/pico_time/time.c.o
 *fill*         0x0000000010006c8d        0x3 
 .rodata.__func__.1
                0x0000000010006c90       0x17 CMakeFiles/i2c_scan.dir/home/connerparker/ASEN_4013/AERIS-Software/pico-sdk/src/common/pico_time/time.c.o
 *fill*         0x0000000010006ca7        0x1 
 .rodata.__func__.2
                0x0000000010006ca8       0x17 CMakeFiles/i2c_scan.dir/home/connerparker/ASEN_4013/AERIS-Software/pico-sdk/src/common/pico_time/time.c.o
 *fill*         0x0000000010006cbf        0x1 
 .rodata.timer_hardware_alarm_claim.str1.4
                0x0000000010006cc0       0x22 CMakeFiles/i2c_scan.dir/home/connerparker/ASEN_4013/AERIS-Software/pico-sdk/src/rp2_common/hardware_timer/timer.c.o
 *fill*         0x0000000010006ce2        0x2 
 .rodata.pll_init.str1.4
                0x0000000010006ce4      0x12c CMakeFiles/i2c_scan.dir/home/connerparker/ASEN_4013/AERIS-Software/pico-sdk/src/rp2_common/hardware_pll/pll.c.o
 .rodata.__func__.0
                0x0000000010006e10        0x9 CMakeFiles/i2c_scan.dir/home/connerparker/ASEN_4013/AERIS-Software/pico-sdk/src/rp2_common/hardware_pll/pll.c.o
 *fill*         0x0000000010006e19        0x3 
 .rodata.missing_double_func_shim.str1.4
                0x0000000010006e1c       0x18 CMakeFiles/i2c_scan.dir/home/connerparker/ASEN_4013/AERIS-Software/pico-sdk/src/rp2_common/pico_double/double_init_rom_rp2040.c.o
 .rodata.__aeabi_double_init.str1.4
                0x0000000010006e34       0xad CMakeFiles/i2c_scan.dir/home/connerparker/ASEN_4013/AERIS-Software/pico-sdk/src/rp2_common/pico_double/double_init_rom_rp2040.c.o
 *fill*         0x0000000010006ee1        0x3 
 .rodata.__func__.0
                0x0000000010006ee4       0x14 CMakeFiles/i2c_scan.dir/home/connerparker/ASEN_4013/AERIS-Software/pico-sdk/src/rp2_common/pico_double/double_init_rom_rp2040.c.o
 .rodata.missing_float_func_shim.str1.4
                0x0000000010006ef8       0xad CMakeFiles/i2c_scan.dir/home/connerparker/ASEN_4013/AERIS-Software/pico-sdk/src/rp2_common/pico_float/float_init_rom_rp2040.c.o
                                          0x1 (size before relaxing)
 .rodata.__aeabi_float_init.str1.4
                0x0000000010006ef8       0x9b CMakeFiles/i2c_scan.dir/home/connerparker/ASEN_4013/AERIS-Software/pico-sdk/src/rp2_common/pico_float/float_init_rom_rp2040.c.o
 *fill*         0x0000000010006f93        0x1 
 .rodata.__func__.0
                0x0000000010006f94       0x13 CMakeFiles/i2c_scan.dir/home/connerparker/ASEN_4013/AERIS-Software/pico-sdk/src/rp2_common/pico_float/float_init_rom_rp2040.c.o
 *fill*         0x0000000010006fa7        0x1 
 .rodata.str1.4
                0x0000000010006fa8       0x4c CMakeFiles/i2c_scan.dir/home/connerparker/ASEN_4013/AERIS-Software/pico-sdk/src/rp2_common/pico_standard_binary_info/standard_binary_info.c.o
 .rodata.__bi_26
                0x0000000010006ff4        0xc CMakeFiles/i2c_scan.dir/home/connerparker/ASEN_4013/AERIS-Software/pico-sdk/src/rp2_common/pico_standard_binary_info/standard_binary_info.c.o
 .rodata.__bi_34
                0x0000000010007000        0xc CMakeFiles/i2c_scan.dir/home/connerparker/ASEN_4013/AERIS-Software/pico-sdk/src/rp2_common/pico_standard_binary_info/standard_binary_info.c.o
 .rodata.__bi_42
                0x000000001000700c        0xc CMakeFiles/i2c_scan.dir/home/connerparker/ASEN_4013/AERIS-Software/pico-sdk/src/rp2_common/pico_standard_binary_info/standard_binary_info.c.o
 .rodata.__bi_48
                0x0000000010007018        0xc CMakeFiles/i2c_scan.dir/home/connerparker/ASEN_4013/AERIS-Software/pico-sdk/src/rp2_common/pico_standard_binary_info/standard_binary_info.c.o
 .rodata.__bi_54
                0x0000000010007024        0xc CMakeFiles/i2c_scan.dir/home/connerparker/ASEN_4013/AERIS-Software/pico-sdk/src/rp2_common/pico_standard_binary_info/standard_binary_info.c.o
 .rodata.__bi_78
                0x0000000010007030        0xc CMakeFiles/i2c_scan.dir/home/connerparker/ASEN_4013/AERIS-Software/pico-sdk/src/rp2_common/pico_standard_binary_info/standard_binary_info.c.o
 .rodata.__bi_84
                0x000000001000703c        0xc CMakeFiles/i2c_scan.dir/home/connerparker/ASEN_4013/AERIS-Software/pico-sdk/src/rp2_common/pico_standard_binary_info/standard_binary_info.c.o
 .rodata._ftoa.str1.4
                0x0000000010007048       0x15 CMakeFiles/i2c_scan.dir/home/connerparker/ASEN_4013/AERIS-Software/pico-sdk/src/rp2_common/pico_printf/printf.c.o
 *fill*         0x000000001000705d        0x3 
 .rodata._vsnprintf
                0x0000000010007060      0x1e0 CMakeFiles/i2c_scan.dir/home/connerparker/ASEN_4013/AERIS-Software/pico-sdk/src/rp2_common/pico_printf/printf.c.o
 .rodata.pow10.0
                0x0000000010007240       0x50 CMakeFiles/i2c_scan.dir/home/connerparker/ASEN_4013/AERIS-Software/pico-sdk/src/rp2_common/pico_printf/printf.c.o
 .rodata.__assert_func.str1.4
                0x0000000010007290       0x3f CMakeFiles/i2c_scan.dir/home/connerparker/ASEN_4013/AERIS-Software/pico-sdk/src/rp2_common/pico_clib_interface/newlib_interface.c.o
                                         0x43 (size before relaxing)
 *fill*         0x00000000100072cf        0x1 
 .rodata.crlf_str.0
                0x00000000100072d0        0x2 CMakeFiles/i2c_scan.dir/home/connerparker/ASEN_4013/AERIS-Software/pico-sdk/src/rp2_common/pico_stdio/stdio.c.o
 *fill*         0x00000000100072d2        0x2 
 .rodata._resetd_driver
                0x00000000100072d4       0x20 CMakeFiles/i2c_scan.dir/home/connerparker/ASEN_4013/AERIS-Software/pico-sdk/src/rp2_common/pico_stdio_usb/reset_interface.c.o
 .rodata.desc_bos
                0x00000000100072f4       0x21 CMakeFiles/i2c_scan.dir/home/connerparker/ASEN_4013/AERIS-Software/pico-sdk/src/rp2_common/pico_stdio_usb/reset_interface.c.o
                0x00000000100072f4                desc_bos
 *fill*         0x0000000010007315        0x3 
 .rodata.desc_ms_os_20
                0x0000000010007318       0xa6 CMakeFiles/i2c_scan.dir/home/connerparker/ASEN_4013/AERIS-Software/pico-sdk/src/rp2_common/pico_stdio_usb/reset_interface.c.o
 *fill*         0x00000000100073be        0x2 
 .rodata.stdio_usb_init.str1.4
                0x00000000100073c0       0x67 CMakeFiles/i2c_scan.dir/home/connerparker/ASEN_4013/AERIS-Software/pico-sdk/src/rp2_common/pico_stdio_usb/stdio_usb.c.o
 *fill*         0x0000000010007427        0x1 
 .rodata.str1.4
                0x0000000010007428       0x13 CMakeFiles/i2c_scan.dir/home/connerparker/ASEN_4013/AERIS-Software/pico-sdk/src/rp2_common/pico_stdio_usb/stdio_usb.c.o
 *fill*         0x000000001000743b        0x1 
 .rodata.__bi_197.1
                0x000000001000743c        0xc CMakeFiles/i2c_scan.dir/home/connerparker/ASEN_4013/AERIS-Software/pico-sdk/src/rp2_common/pico_stdio_usb/stdio_usb.c.o
 .rodata.__func__.2
                0x0000000010007448        0xf CMakeFiles/i2c_scan.dir/home/connerparker/ASEN_4013/AERIS-Software/pico-sdk/src/rp2_common/pico_stdio_usb/stdio_usb.c.o
 *fill*         0x0000000010007457        0x1 
 .rodata.str1.4
                0x0000000010007458       0x2a CMakeFiles/i2c_scan.dir/home/connerparker/ASEN_4013/AERIS-Software/pico-sdk/src/rp2_common/pico_stdio_usb/stdio_usb_descriptors.c.o
 *fill*         0x0000000010007482        0x2 
 .rodata.usbd_desc_cfg
                0x0000000010007484       0x54 CMakeFiles/i2c_scan.dir/home/connerparker/ASEN_4013/AERIS-Software/pico-sdk/src/rp2_common/pico_stdio_usb/stdio_usb_descriptors.c.o
 .rodata.usbd_desc_device
                0x00000000100074d8       0x12 CMakeFiles/i2c_scan.dir/home/connerparker/ASEN_4013/AERIS-Software/pico-sdk/src/rp2_common/pico_stdio_usb/stdio_usb_descriptors.c.o
 *fill*         0x00000000100074ea        0x2 
 .rodata.usbd_desc_str
                0x00000000100074ec       0x18 CMakeFiles/i2c_scan.dir/home/connerparker/ASEN_4013/AERIS-Software/pico-sdk/src/rp2_common/pico_stdio_usb/stdio_usb_descriptors.c.o
 .rodata.pico_get_unique_board_id_string.str1.4
                0x0000000010007504       0x67 CMakeFiles/i2c_scan.dir/home/connerparker/ASEN_4013/AERIS-Software/pico-sdk/src/rp2_common/pico_unique_id/unique_id.c.o
 *fill*         0x000000001000756b        0x1 
 .rodata.__func__.0
                0x000000001000756c       0x20 CMakeFiles/i2c_scan.dir/home/connerparker/ASEN_4013/AERIS-Software/pico-sdk/src/rp2_common/pico_unique_id/unique_id.c.o
 .rodata.str1.4
                0x000000001000758c      0x1a9 CMakeFiles/i2c_scan.dir/home/connerparker/ASEN_4013/AERIS-Software/pico-sdk/src/rp2_common/hardware_flash/flash.c.o
 *fill*         0x0000000010007735        0x3 
 .rodata.__func__.0
                0x0000000010007738        0xd CMakeFiles/i2c_scan.dir/home/connerparker/ASEN_4013/AERIS-Software/pico-sdk/src/rp2_common/hardware_flash/flash.c.o
 *fill*         0x0000000010007745        0x3 
 .rodata._hw_endpoint_alloc.str1.4
                0x0000000010007748       0xd1 CMakeFiles/i2c_scan.dir/home/connerparker/ASEN_4013/AERIS-Software/pico-sdk/lib/tinyusb/src/portable/raspberrypi/rp2040/dcd_rp2040.c.o
 *fill*         0x0000000010007819        0x3 
 .rodata.str1.4
                0x000000001000781c       0x14 CMakeFiles/i2c_scan.dir/home/connerparker/ASEN_4013/AERIS-Software/pico-sdk/lib/tinyusb/src/portable/raspberrypi/rp2040/dcd_rp2040.c.o
 .rodata.dcd_int_enable.str1.4
                0x0000000010007830        0xc CMakeFiles/i2c_scan.dir/home/connerparker/ASEN_4013/AERIS-Software/pico-sdk/lib/tinyusb/src/portable/raspberrypi/rp2040/dcd_rp2040.c.o
 .rodata.__func__.0
                0x000000001000783c        0xe CMakeFiles/i2c_scan.dir/home/connerparker/ASEN_4013/AERIS-Software/pico-sdk/lib/tinyusb/src/portable/raspberrypi/rp2040/dcd_rp2040.c.o
 *fill*         0x000000001000784a        0x2 
 .rodata.__func__.1
                0x000000001000784c        0xe CMakeFiles/i2c_scan.dir/home/connerparker/ASEN_4013/AERIS-Software/pico-sdk/lib/tinyusb/src/portable/raspberrypi/rp2040/dcd_rp2040.c.o
 *fill*         0x000000001000785a        0x2 
 .rodata.__func__.3
                0x000000001000785c       0x10 CMakeFiles/i2c_scan.dir/home/connerparker/ASEN_4013/AERIS-Software/pico-sdk/lib/tinyusb/src/portable/raspberrypi/rp2040/dcd_rp2040.c.o
 .rodata.__func__.5
                0x000000001000786c        0xf CMakeFiles/i2c_scan.dir/home/connerparker/ASEN_4013/AERIS-Software/pico-sdk/lib/tinyusb/src/portable/raspberrypi/rp2040/dcd_rp2040.c.o
 *fill*         0x000000001000787b        0x1 
 .rodata.__func__.6
                0x000000001000787c       0x13 CMakeFiles/i2c_scan.dir/home/connerparker/ASEN_4013/AERIS-Software/pico-sdk/lib/tinyusb/src/portable/raspberrypi/rp2040/dcd_rp2040.c.o
 *fill*         0x000000001000788f        0x1 
 .rodata.__func__.7
                0x0000000010007890        0x9 CMakeFiles/i2c_scan.dir/home/connerparker/ASEN_4013/AERIS-Software/pico-sdk/lib/tinyusb/src/portable/raspberrypi/rp2040/dcd_rp2040.c.o
 *fill*         0x0000000010007899        0x3 
 .rodata.str1.4
                0x000000001000789c       0xf8 CMakeFiles/i2c_scan.dir/home/connerparker/ASEN_4013/AERIS-Software/pico-sdk/lib/tinyusb/src/portable/raspberrypi/rp2040/rp2040_usb.c.o
 .rodata.hw_endpoint_xfer_start.str1.4
                0x0000000010007994       0x38 CMakeFiles/i2c_scan.dir/home/connerparker/ASEN_4013/AERIS-Software/pico-sdk/lib/tinyusb/src/portable/raspberrypi/rp2040/rp2040_usb.c.o
 .rodata.__func__.0
                0x00000000100079cc        0xf CMakeFiles/i2c_scan.dir/home/connerparker/ASEN_4013/AERIS-Software/pico-sdk/lib/tinyusb/src/portable/raspberrypi/rp2040/rp2040_usb.c.o
 *fill*         0x00000000100079db        0x1 
 .rodata.configuration_reset.str1.4
                0x00000000100079dc       0x17 CMakeFiles/i2c_scan.dir/home/connerparker/ASEN_4013/AERIS-Software/pico-sdk/lib/tinyusb/src/device/usbd.c.o
 *fill*         0x00000000100079f3        0x1 
 .rodata.process_get_descriptor
                0x00000000100079f4       0x40 CMakeFiles/i2c_scan.dir/home/connerparker/ASEN_4013/AERIS-Software/pico-sdk/lib/tinyusb/src/device/usbd.c.o
 .rodata        0x0000000010007a34       0x1c CMakeFiles/i2c_scan.dir/home/connerparker/ASEN_4013/AERIS-Software/pico-sdk/lib/tinyusb/src/device/usbd.c.o
 .rodata.process_control_request
                0x0000000010007a50       0x28 CMakeFiles/i2c_scan.dir/home/connerparker/ASEN_4013/AERIS-Software/pico-sdk/lib/tinyusb/src/device/usbd.c.o
 .rodata.tud_task_ext
                0x0000000010007a78       0x24 CMakeFiles/i2c_scan.dir/home/connerparker/ASEN_4013/AERIS-Software/pico-sdk/lib/tinyusb/src/device/usbd.c.o
 .rodata.__func__.1
                0x0000000010007a9c        0xf CMakeFiles/i2c_scan.dir/home/connerparker/ASEN_4013/AERIS-Software/pico-sdk/lib/tinyusb/src/device/usbd.c.o
 *fill*         0x0000000010007aab        0x1 
 .rodata.__func__.10