Archive member included to satisfy reference by file (symbol)

/usr/lib/gcc/arm-none-eabi/10.3.1/thumb/v6-m/nofp/libgcc.a(_dvmd_tls.o)
                              CMakeFiles/pio_logic_analyser.dir/home/connerparker/ASEN_4013/AERIS-Software/pico-sdk/src/rp2_common/pico_divider/divider_hardware.S.o (__aeabi_idiv0)
/usr/lib/gcc/arm-none-eabi/10.3.1/../../../arm-none-eabi/lib/thumb/v6-m/nofp/libg.a(lib_a-atexit.o)
                              /usr/lib/gcc/arm-none-eabi/10.3.1/../../../arm-none-eabi/lib/thumb/v6-m/nofp/crt0.o (atexit)
/usr/lib/gcc/arm-none-eabi/10.3.1/../../../arm-none-eabi/lib/thumb/v6-m/nofp/libg.a(lib_a-calloc.o)
                              CMakeFiles/pio_logic_analyser.dir/home/connerparker/ASEN_4013/AERIS-Software/pico-sdk/src/rp2_common/pico_malloc/malloc.c.o (calloc)
/usr/lib/gcc/arm-none-eabi/10.3.1/../../../arm-none-eabi/lib/thumb/v6-m/nofp/libg.a(lib_a-callocr.o)
                              /usr/lib/gcc/arm-none-eabi/10.3.1/../../../arm-none-eabi/lib/thumb/v6-m/nofp/libg.a(lib_a-calloc.o) (_calloc_r)
/usr/lib/gcc/arm-none-eabi/10.3.1/../../../arm-none-eabi/lib/thumb/v6-m/nofp/libg.a(lib_a-fini.o)
                              /usr/lib/gcc/arm-none-eabi/10.3.1/../../../arm-none-eabi/lib/thumb/v6-m/nofp/crt0.o (__libc_fini_array)
/usr/lib/gcc/arm-none-eabi/10.3.1/../../../arm-none-eabi/lib/thumb/v6-m/nofp/libg.a(lib_a-impure.o)
                              /usr/lib/gcc/arm-none-eabi/10.3.1/../../../arm-none-eabi/lib/thumb/v6-m/nofp/libg.a(lib_a-calloc.o) (_impure_ptr)
/usr/lib/gcc/arm-none-eabi/10.3.1/../../../arm-none-eabi/lib/thumb/v6-m/nofp/libg.a(lib_a-init.o)
                              /usr/lib/gcc/arm-none-eabi/10.3.1/../../../arm-none-eabi/lib/thumb/v6-m/nofp/crt0.o (__libc_init_array)
/usr/lib/gcc/arm-none-eabi/10.3.1/../../../arm-none-eabi/lib/thumb/v6-m/nofp/libg.a(lib_a-lcltime_r.o)
                              CMakeFiles/pio_logic_analyser.dir/home/connerparker/ASEN_4013/AERIS-Software/pico-sdk/src/common/pico_util/datetime.c.o (localtime_r)
/usr/lib/gcc/arm-none-eabi/10.3.1/../../../arm-none-eabi/lib/thumb/v6-m/nofp/libg.a(lib_a-malloc.o)
                              CMakeFiles/pio_logic_analyser.dir/home/connerparker/ASEN_4013/AERIS-Software/pico-sdk/src/rp2_common/pico_malloc/malloc.c.o (malloc)
/usr/lib/gcc/arm-none-eabi/10.3.1/../../../arm-none-eabi/lib/thumb/v6-m/nofp/libg.a(lib_a-mallocr.o)
                              /usr/lib/gcc/arm-none-eabi/10.3.1/../../../arm-none-eabi/lib/thumb/v6-m/nofp/libg.a(lib_a-callocr.o) (_malloc_r)
/usr/lib/gcc/arm-none-eabi/10.3.1/../../../arm-none-eabi/lib/thumb/v6-m/nofp/libg.a(lib_a-memcmp.o)
                              CMakeFiles/pio_logic_analyser.dir/home/connerparker/ASEN_4013/AERIS-Software/pico-sdk/src/rp2_common/pico_atomic/atomic.c.o (memcmp)
/usr/lib/gcc/arm-none-eabi/10.3.1/../../../arm-none-eabi/lib/thumb/v6-m/nofp/libg.a(lib_a-mktime.o)
                              CMakeFiles/pio_logic_analyser.dir/home/connerparker/ASEN_4013/AERIS-Software/pico-sdk/src/common/pico_util/datetime.c.o (mktime)
/usr/lib/gcc/arm-none-eabi/10.3.1/../../../arm-none-eabi/lib/thumb/v6-m/nofp/libg.a(lib_a-mlock.o)
                              /usr/lib/gcc/arm-none-eabi/10.3.1/../../../arm-none-eabi/lib/thumb/v6-m/nofp/libg.a(lib_a-mallocr.o) (__malloc_lock)
/usr/lib/gcc/arm-none-eabi/10.3.1/../../../arm-none-eabi/lib/thumb/v6-m/nofp/libg.a(lib_a-month_lengths.o)
                              /usr/lib/gcc/arm-none-eabi/10.3.1/../../../arm-none-eabi/lib/thumb/v6-m/nofp/libg.a(lib_a-lcltime_r.o) (__month_lengths)
/usr/lib/gcc/arm-none-eabi/10.3.1/../../../arm-none-eabi/lib/thumb/v6-m/nofp/libg.a(lib_a-realloc.o)
                              CMakeFiles/pio_logic_analyser.dir/home/connerparker/ASEN_4013/AERIS-Software/pico-sdk/src/rp2_common/pico_malloc/malloc.c.o (realloc)
/usr/lib/gcc/arm-none-eabi/10.3.1/../../../arm-none-eabi/lib/thumb/v6-m/nofp/libg.a(lib_a-reallocr.o)
                              /usr/lib/gcc/arm-none-eabi/10.3.1/../../../arm-none-eabi/lib/thumb/v6-m/nofp/libg.a(lib_a-realloc.o) (_realloc_r)
/usr/lib/gcc/arm-none-eabi/10.3.1/../../../arm-none-eabi/lib/thumb/v6-m/nofp/libg.a(lib_a-sbrkr.o)
                              /usr/lib/gcc/arm-none-eabi/10.3.1/../../../arm-none-eabi/lib/thumb/v6-m/nofp/libg.a(lib_a-mallocr.o) (_sbrk_r)
/usr/lib/gcc/arm-none-eabi/10.3.1/../../../arm-none-eabi/lib/thumb/v6-m/nofp/libg.a(lib_a-strlen-stub.o)
                              CMakeFiles/pio_logic_analyser.dir/home/connerparker/ASEN_4013/AERIS-Software/pico-sdk/src/rp2_common/pico_stdio/stdio.c.o (strlen)
/usr/lib/gcc/arm-none-eabi/10.3.1/../../../arm-none-eabi/lib/thumb/v6-m/nofp/libg.a(lib_a-tzcalc_limits.o)
                              /usr/lib/gcc/arm-none-eabi/10.3.1/../../../arm-none-eabi/lib/thumb/v6-m/nofp/libg.a(lib_a-lcltime_r.o) (__tzcalc_limits)
/usr/lib/gcc/arm-none-eabi/10.3.1/../../../arm-none-eabi/lib/thumb/v6-m/nofp/libg.a(lib_a-tzlock.o)
[...]
Memory Configuration

Name             Origin             Length             Attributes
FLASH            0x0000000010000000 0x0000000000200000 xr
RAM              0x0000000020000000 0x0000000000040000 xrw
SCRATCH_X        0x0000000020040000 0x0000000000001000 xrw
SCRATCH_Y        0x0000000020041000 0x0000000000001000 xrw
*default*        0x0000000000000000 0xffffffffffffffff

Linker script and memory map

LOAD /usr/lib/gcc/arm-none-eabi/10.3.1/thumb/v6-m/nofp/crti.o
LOAD /usr/lib/gcc/arm-none-eabi/10.3.1/thumb/v6-m/nofp/crtbegin.o
LOAD /usr/lib/gcc/arm-none-eabi/10.3.1/../../../arm-none-eabi/lib/thumb/v6-m/nofp/crt0.o

.flash_begin    0x0000000010000000        0x0
                0x0000000010000000                __flash_binary_start = .

.boot2          0x0000000010000000      0x100
                0x0000000010000000                __boot2_start__ = .
 *(.boot2)
 .boot2         0x0000000010000000      0x100 ../../pico-sdk/src/rp2040/boot_stage2/CMakeFiles/bs2_default_library.dir/bs2_default_padded_checksummed.S.o
                0x0000000010000100                __boot2_end__ = .
                0x0000000000000001                ASSERT (((__boot2_end__ - __boot2_start__) == 0x100), ERROR: Pico second stage bootloader must be 256 bytes in size)

.text           0x0000000010000100     0x4af8
                0x0000000010000100                __logical_binary_start = .
 *(.vectors)
 .vectors       0x0000000010000100       0xd4 CMakeFiles/pio_logic_analyser.dir/home/connerparker/ASEN_4013/AERIS-Software/pico-sdk/src/rp2_common/pico_crt0/crt0.S.o
                0x0000000010000100                __vectors
                0x0000000010000100                __VECTOR_TABLE
                0x00000000100001c0                isr_invalid
                0x00000000100001c0                __default_isrs_start
                0x00000000100001c2                isr_nmi
                0x00000000100001c4                isr_hardfault
                0x00000000100001c6                isr_svcall
                0x00000000100001c8                isr_pendsv
                0x00000000100001ca                isr_systick
                0x00000000100001cc                isr_irq30
                0x00000000100001cc                __unhandled_user_irq
                0x00000000100001cc                isr_irq13
                0x00000000100001cc                isr_irq27
                0x00000000100001cc                isr_irq31
                0x00000000100001cc                isr_irq5
                0x00000000100001cc                isr_irq11
                0x00000000100001cc                isr_irq23
                0x00000000100001cc                isr_irq18
                0x00000000100001cc                isr_irq28
                0x00000000100001cc                isr_irq19
                0x00000000100001cc                isr_irq0
                0x00000000100001cc                isr_irq6
                0x00000000100001cc                isr_irq22
                0x00000000100001cc                isr_irq17
                0x00000000100001cc                isr_irq14
                0x00000000100001cc                isr_irq2
                0x00000000100001cc                isr_irq10
                0x00000000100001cc                isr_irq8
                0x00000000100001cc                isr_irq24
                0x00000000100001cc                isr_irq1
                0x00000000100001cc                isr_irq7
                0x00000000100001cc                isr_irq21
                0x00000000100001cc                isr_irq20
                0x00000000100001cc                isr_irq15
                0x00000000100001cc                isr_irq25
                0x00000000100001cc                isr_irq4
                0x00000000100001cc                isr_irq16
                0x00000000100001cc                isr_irq29
                0x00000000100001cc                isr_irq26
                0x00000000100001cc                __default_isrs_end
                0x00000000100001cc                isr_irq3
                0x00000000100001cc                isr_irq12
                0x00000000100001cc                isr_irq9
                0x00000000100001d2                unhandled_user_irq_num_in_r0
 *(.binary_info_header)
 .binary_info_header
                0x00000000100001d4       0x14 CMakeFiles/pio_logic_analyser.dir/home/connerparker/ASEN_4013/AERIS-Software/pico-sdk/src/rp2_common/pico_crt0/crt0.S.o
                0x00000000100001e8                __binary_info_header_end = .
 *(.embedded_block)
                0x00000000100001e8                __embedded_block_end = .
 *(.reset)
 .reset         0x00000000100001e8       0x9c CMakeFiles/pio_logic_analyser.dir/home/connerparker/ASEN_4013/AERIS-Software/pico-sdk/src/rp2_common/pico_crt0/crt0.S.o
                0x00000000100001e8                _entry_point
 *(.init)
 .init          0x0000000010000284        0x4 /usr/lib/gcc/arm-none-eabi/10.3.1/thumb/v6-m/nofp/crti.o
                0x0000000010000284                _init
 *(EXCLUDE_FILE(*libm.a: *libc.a:*lib_a-mem*.o *libgcc.a:) .text*)
 .text          0x0000000010000288       0x98 /usr/lib/gcc/arm-none-eabi/10.3.1/thumb/v6-m/nofp/crtbegin.o
 .text.logic_analyser_init
                0x0000000010000320       0xb8 CMakeFiles/pio_logic_analyser.dir/logic_analyser.c.o
                0x0000000010000320                logic_analyser_init
 .text.logic_analyser_arm
                0x00000000100003d8       0xac CMakeFiles/pio_logic_analyser.dir/logic_analyser.c.o
                0x00000000100003d8                logic_analyser_arm
 .text.print_capture_buf
                0x0000000010000484       0xb8 CMakeFiles/pio_logic_analyser.dir/logic_analyser.c.o
                0x0000000010000484                print_capture_buf
 .text.startup.main
                0x000000001000053c       0xb8 CMakeFiles/pio_logic_analyser.dir/logic_analyser.c.o
                0x000000001000053c                main
 .text.gpio_set_function
                0x00000000100005f4       0x34 CMakeFiles/pio_logic_analyser.dir/home/connerparker/ASEN_4013/AERIS-Software/pico-sdk/src/rp2_common/hardware_gpio/gpio.c.o
                0x00000000100005f4                gpio_set_function
 .text.panic    0x0000000010000628       0x30 CMakeFiles/pio_logic_analyser.dir/home/connerparker/ASEN_4013/AERIS-Software/pico-sdk/src/rp2_common/pico_platform_panic/panic.c.o
                0x0000000010000628                panic
 .text.hw_claim_lock
                0x0000000010000658       0x18 CMakeFiles/pio_logic_analyser.dir/home/connerparker/ASEN_4013/AERIS-Software/pico-sdk/src/common/hardware_claim/claim.c.o
                0x0000000010000658                hw_claim_lock
 .text.hw_claim_unlock
                0x0000000010000670       0x14 CMakeFiles/pio_logic_analyser.dir/home/connerparker/ASEN_4013/AERIS-Software/pico-sdk/src/common/hardware_claim/claim.c.o
                0x0000000010000670                hw_claim_unlock
 .text.hw_claim_or_assert
                0x0000000010000684       0x44 CMakeFiles/pio_logic_analyser.dir/home/connerparker/ASEN_4013/AERIS-Software/pico-sdk/src/common/hardware_claim/claim.c.o
                0x0000000010000684                hw_claim_or_assert
 .text.next_striped_spin_lock_num
                0x00000000100006c8       0x18 CMakeFiles/pio_logic_analyser.dir/home/connerparker/ASEN_4013/AERIS-Software/pico-sdk/src/rp2_common/hardware_sync/sync.c.o
                0x00000000100006c8                next_striped_spin_lock_num
 .text.spin_locks_reset
                0x00000000100006e0       0x1c CMakeFiles/pio_logic_analyser.dir/home/connerparker/ASEN_4013/AERIS-Software/pico-sdk/src/rp2_common/hardware_sync_spin_lock/sync_spin_lock.c.o
                0x00000000100006e0                spin_locks_reset
 .text.runtime_init_per_core_irq_priorities
                0x00000000100006fc       0x24 CMakeFiles/pio_logic_analyser.dir/home/connerparker/ASEN_4013/AERIS-Software/pico-sdk/src/rp2_common/hardware_irq/irq.c.o
                0x00000000100006fc                runtime_init_per_core_irq_priorities
 .text.irq_set_enabled
                0x0000000010000720       0x24 CMakeFiles/pio_logic_analyser.dir/home/connerparker/ASEN_4013/AERIS-Software/pico-sdk/src/rp2_common/hardware_irq/irq.c.o
                0x0000000010000720                irq_set_enabled
 .text.irq_set_exclusive_handler
                0x0000000010000744       0x54 CMakeFiles/pio_logic_analyser.dir/home/connerparker/ASEN_4013/AERIS-Software/pico-sdk/src/rp2_common/hardware_irq/irq.c.o
                0x0000000010000744                irq_set_exclusive_handler
 .text.irq_remove_handler
                0x0000000010000798      0x1c4 CMakeFiles/pio_logic_analyser.dir/home/connerparker/ASEN_4013/AERIS-Software/pico-sdk/src/rp2_common/hardware_irq/irq.c.o
                0x0000000010000798                irq_remove_handler
 .text.irq_add_tail_to_free_list
                0x000000001000095c       0xb4 CMakeFiles/pio_logic_analyser.dir/home/connerparker/ASEN_4013/AERIS-Software/pico-sdk/src/rp2_common/hardware_irq/irq.c.o
                0x000000001000095c                irq_add_tail_to_free_list
 .text.lock_init
                0x0000000010000a10       0x10 CMakeFiles/pio_logic_analyser.dir/home/connerparker/ASEN_4013/AERIS-Software/pico-sdk/src/common/pico_sync/lock_core.c.o
                0x0000000010000a10                lock_init
 .text.runtime_init_mutex
                0x0000000010000a20       0x58 CMakeFiles/pio_logic_analyser.dir/home/connerparker/ASEN_4013/AERIS-Software/pico-sdk/src/common/pico_sync/mutex.c.o
                0x0000000010000a20                runtime_init_mutex
 .text.sleep_until_callback
                0x0000000010000a78       0x30 CMakeFiles/pio_logic_analyser.dir/home/connerparker/ASEN_4013/AERIS-Software/pico-sdk/src/common/pico_time/time.c.o
 .text.alarm_pool_irq_handler
                0x0000000010000aa8      0x308 CMakeFiles/pio_logic_analyser.dir/home/connerparker/ASEN_4013/AERIS-Software/pico-sdk/src/common/pico_time/time.c.o
 .text.runtime_init_default_alarm_pool
                0x0000000010000db0       0xdc CMakeFiles/pio_logic_analyser.dir/home/connerparker/ASEN_4013/AERIS-Software/pico-sdk/src/common/pico_time/time.c.o
                0x0000000010000db0                runtime_init_default_alarm_pool
 .text.alarm_pool_add_alarm_at_force_in_context
                0x0000000010000e8c       0xb0 CMakeFiles/pio_logic_analyser.dir/home/connerparker/ASEN_4013/AERIS-Software/pico-sdk/src/common/pico_time/time.c.o
                0x0000000010000e8c                alarm_pool_add_alarm_at_force_in_context
 .text.alarm_pool_cancel_alarm
                0x0000000010000f3c       0x7c CMakeFiles/pio_logic_analyser.dir/home/connerparker/ASEN_4013/AERIS-Software/pico-sdk/src/common/pico_time/time.c.o
                0x0000000010000f3c                alarm_pool_cancel_alarm
 .text.best_effort_wfe_or_timeout
                0x0000000010000fb8       0xe0 CMakeFiles/pio_logic_analyser.dir/home/connerparker/ASEN_4013/AERIS-Software/pico-sdk/src/common/pico_time/time.c.o
                0x0000000010000fb8                best_effort_wfe_or_timeout
 .text.timer_hardware_alarm_claim
                0x0000000010001098       0x14 CMakeFiles/pio_logic_analyser.dir/home/connerparker/ASEN_4013/AERIS-Software/pico-sdk/src/rp2_common/hardware_timer/timer.c.o
                0x0000000010001098                timer_hardware_alarm_claim
 .text.timer_time_us_64
                0x00000000100010ac       0x10 CMakeFiles/pio_logic_analyser.dir/home/connerparker/ASEN_4013/AERIS-Software/pico-sdk/src/rp2_common/hardware_timer/timer.c.o
                0x00000000100010ac                timer_time_us_64
 .text.time_us_64
                0x00000000100010bc       0x14 CMakeFiles/pio_logic_analyser.dir/home/connerparker/ASEN_4013/AERIS-Software/pico-sdk/src/rp2_common/hardware_timer/timer.c.o
                0x00000000100010bc                time_us_64
 .text.busy_wait_us
                0x00000000100010d0       0x54 CMakeFiles/pio_logic_analyser.dir/home/connerparker/ASEN_4013/AERIS-Software/pico-sdk/src/rp2_common/hardware_timer/timer.c.o
                0x00000000100010d0                busy_wait_us
 .text.uart_init
                0x0000000010001124      0x11c CMakeFiles/pio_logic_analyser.dir/home/connerparker/ASEN_4013/AERIS-Software/pico-sdk/src/rp2_common/hardware_uart/uart.c.o
                0x0000000010001124                uart_init
 .text.clock_configure_int_divider
                0x0000000010001240       0xf4 CMakeFiles/pio_logic_analyser.dir/home/connerparker/ASEN_4013/AERIS-Software/pico-sdk/src/rp2_common/hardware_clocks/clocks.c.o
                0x0000000010001240                clock_configure_int_divider
 .text.clock_configure_undivided
                0x0000000010001334       0xe8 CMakeFiles/pio_logic_analyser.dir/home/connerparker/ASEN_4013/AERIS-Software/pico-sdk/src/rp2_common/hardware_clocks/clocks.c.o
                0x0000000010001334                clock_configure_undivided
 .text.clock_get_hz
                0x000000001000141c        0xc CMakeFiles/pio_logic_analyser.dir/home/connerparker/ASEN_4013/AERIS-Software/pico-sdk/src/rp2_common/hardware_clocks/clocks.c.o
                0x000000001000141c                clock_get_hz
 .text.pll_init
                0x0000000010001428       0xa0 CMakeFiles/pio_logic_analyser.dir/home/connerparker/ASEN_4013/AERIS-Software/pico-sdk/src/rp2_common/hardware_pll/pll.c.o
                0x0000000010001428                pll_init
 .text.tick_start
                0x00000000100014c8       0x10 CMakeFiles/pio_logic_analyser.dir/home/connerparker/ASEN_4013/AERIS-Software/pico-sdk/src/rp2_common/hardware_ticks/ticks.c.o
                0x00000000100014c8                tick_start
 .text.rom_func_lookup
                0x00000000100014d8       0x10 CMakeFiles/pio_logic_analyser.dir/home/connerparker/ASEN_4013/AERIS-Software/pico-sdk/src/rp2_common/pico_bootrom/bootrom.c.o
                0x00000000100014d8                rom_func_lookup
 .text.rom_data_lookup
                0x00000000100014e8       0x10 CMakeFiles/pio_logic_analyser.dir/home/connerparker/ASEN_4013/AERIS-Software/pico-sdk/src/rp2_common/pico_bootrom/bootrom.c.o
                0x00000000100014e8                rom_data_lookup
 .text.rom_funcs_lookup
                0x00000000100014f8       0x44 CMakeFiles/pio_logic_analyser.dir/home/connerparker/ASEN_4013/AERIS-Software/pico-sdk/src/rp2_common/pico_bootrom/bootrom.c.o
                0x00000000100014f8                rom_funcs_lookup
 .text.xosc_init
                0x000000001000153c       0x28 CMakeFiles/pio_logic_analyser.dir/home/connerparker/ASEN_4013/AERIS-Software/pico-sdk/src/rp2_common/hardware_xosc/xosc.c.o
                0x000000001000153c                xosc_init
 .text.first_per_core_initializer
                0x0000000010001564        0x4 CMakeFiles/pio_logic_analyser.dir/home/connerparker/ASEN_4013/AERIS-Software/pico-sdk/src/rp2_common/pico_runtime/runtime.c.o
 .text.hard_assertion_failure
                0x0000000010001568        0xc CMakeFiles/pio_logic_analyser.dir/home/connerparker/ASEN_4013/AERIS-Software/pico-sdk/src/rp2_common/pico_runtime/runtime.c.o
                0x0000000010001568                hard_assertion_failure
 .text.runtime_run_initializers
                0x0000000010001574       0x28 CMakeFiles/pio_logic_analyser.dir/home/connerparker/ASEN_4013/AERIS-Software/pico-sdk/src/rp2_common/pico_runtime/runtime.c.o
                0x0000000010001574                runtime_run_initializers
 .text.runtime_init_early_resets
                0x000000001000159c       0x2c CMakeFiles/pio_logic_analyser.dir/home/connerparker/ASEN_4013/AERIS-Software/pico-sdk/src/rp2_common/pico_runtime_init/runtime_init.c.o
                0x000000001000159c                runtime_init_early_resets
 .text.runtime_init_usb_power_down
                0x00000000100015c8       0x1c CMakeFiles/pio_logic_analyser.dir/home/connerparker/ASEN_4013/AERIS-Software/pico-sdk/src/rp2_common/pico_runtime_init/runtime_init.c.o
                0x00000000100015c8                runtime_init_usb_power_down
 .text.runtime_init_post_clock_resets
                0x00000000100015e4       0x20 CMakeFiles/pio_logic_analyser.dir/home/connerparker/ASEN_4013/AERIS-Software/pico-sdk/src/rp2_common/pico_runtime_init/runtime_init.c.o
                0x00000000100015e4                runtime_init_post_clock_resets
 .text.runtime_init_rp2040_gpio_ie_disable
                0x0000000010001604       0x14 CMakeFiles/pio_logic_analyser.dir/home/connerparker/ASEN_4013/AERIS-Software/pico-sdk/src/rp2_common/pico_runtime_init/runtime_init.c.o
                0x0000000010001604                runtime_init_rp2040_gpio_ie_disable
 .text.runtime_init_spin_locks_reset
                0x0000000010001618        0x8 CMakeFiles/pio_logic_analyser.dir/home/connerparker/ASEN_4013/AERIS-Software/pico-sdk/src/rp2_common/pico_runtime_init/runtime_init.c.o
                0x0000000010001618                runtime_init_spin_locks_reset
 .text.runtime_init_install_ram_vector_table
                0x0000000010001620       0x1c CMakeFiles/pio_logic_analyser.dir/home/connerparker/ASEN_4013/AERIS-Software/pico-sdk/src/rp2_common/pico_runtime_init/runtime_init.c.o
                0x0000000010001620                runtime_init_install_ram_vector_table
 .text.runtime_init_clocks
                0x000000001000163c       0xd8 CMakeFiles/pio_logic_analyser.dir/home/connerparker/ASEN_4013/AERIS-Software/pico-sdk/src/rp2_common/pico_runtime_init/runtime_init_clocks.c.o
                0x000000001000163c                runtime_init_clocks
 .text          0x0000000010001714       0x10 CMakeFiles/pio_logic_analyser.dir/home/connerparker/ASEN_4013/AERIS-Software/pico-sdk/src/rp2_common/pico_bit_ops/bit_ops_aeabi.S.o
 .text.__wrap___aeabi_idiv
                0x0000000010001724       0x50 CMakeFiles/pio_logic_analyser.dir/home/connerparker/ASEN_4013/AERIS-Software/pico-sdk/src/rp2_common/pico_divider/divider_hardware.S.o
                0x0000000010001724                __wrap___aeabi_idivmod
                0x0000000010001724                divmod_s32s32
                0x0000000010001724                div_s32s32
                0x0000000010001724                __wrap___aeabi_idiv
                0x000000001000172c                divmod_s32s32_unsafe
                0x0000000010001758                divmod_s32s32_savestate
 .text.__wrap___aeabi_uidiv
                0x0000000010001774       0x4c CMakeFiles/pio_logic_analyser.dir/home/connerparker/ASEN_4013/AERIS-Software/pico-sdk/src/rp2_common/pico_divider/divider_hardware.S.o
                0x0000000010001774                __wrap___aeabi_uidiv
                0x0000000010001774                __wrap___aeabi_uidivmod
                0x0000000010001774                div_u32u32
                0x0000000010001774                divmod_u32u32
                0x000000001000177c                divmod_u32u32_unsafe
                0x00000000100017a4                divmod_u32u32_savestate
 .text.__wrap___aeabi_ldiv
                0x00000000100017c0      0x424 CMakeFiles/pio_logic_analyser.dir/home/connerparker/ASEN_4013/AERIS-Software/pico-sdk/src/rp2_common/pico_divider/divider_hardware.S.o
                0x00000000100017c0                div_s64s64
                0x00000000100017c0                divmod_s64s64
                0x00000000100017c0                __wrap___aeabi_ldivmod
                0x00000000100017f0                div_u64u64
                0x00000000100017f0                divmod_u64u64
                0x00000000100017f0                __wrap___aeabi_uldivmod
                0x0000000010001800                divmod_u64u64_savestate
                0x0000000010001820                divmod_s64s64_unsafe
                0x00000000100018a8                divmod_u64u64_unsafe
 .text.__wrap___aeabi_darithmetic
                0x0000000010001be4       0x80 CMakeFiles/pio_logic_analyser.dir/home/connerparker/ASEN_4013/AERIS-Software/pico-sdk/src/rp2_common/pico_double/double_aeabi_rp2040.S.o
                0x0000000010001be4                __wrap___aeabi_drsub
                0x0000000010001bea                __wrap___aeabi_dsub
                0x0000000010001bfc                __wrap___aeabi_dadd
                0x0000000010001c0e                __wrap___aeabi_ddiv
                0x0000000010001c4a                __wrap___aeabi_dmul
 .text.__wrap___aeabi_cdcmple
                0x0000000010001c64       0x6c CMakeFiles/pio_logic_analyser.dir/home/connerparker/ASEN_4013/AERIS-Software/pico-sdk/src/rp2_common/pico_double/double_aeabi_rp2040.S.o
                0x0000000010001c64                __wrap___aeabi_cdrcmple
                0x0000000010001c74                __wrap___aeabi_cdcmple
                0x0000000010001c74                __wrap___aeabi_cdcmpeq
 .text.__wrap___aeabi_dcmplt
                0x0000000010001cd0        0xc CMakeFiles/pio_logic_analyser.dir/home/connerparker/ASEN_4013/AERIS-Software/pico-sdk/src/rp2_common/pico_double/double_aeabi_rp2040.S.o
                0x0000000010001cd0                __wrap___aeabi_dcmplt
 .text.__wrap___aeabi_dcmple
                0x0000000010001cdc       0x10 CMakeFiles/pio_logic_analyser.dir/home/connerparker/ASEN_4013/AERIS-Software/pico-sdk/src/rp2_common/pico_double/double_aeabi_rp2040.S.o
                0x0000000010001cdc                __wrap___aeabi_dcmple
 .text.__wrap___aeabi_dcmpge
                0x0000000010001cec       0x10 CMakeFiles/pio_logic_analyser.dir/home/connerparker/ASEN_4013/AERIS-Software/pico-sdk/src/rp2_common/pico_double/double_aeabi_rp2040.S.o
                0x0000000010001cec                __wrap___aeabi_dcmpge
 .text.__wrap___aeabi_dcmpgt
                0x0000000010001cfc        0xa CMakeFiles/pio_logic_analyser.dir/home/connerparker/ASEN_4013/AERIS-Software/pico-sdk/src/rp2_common/pico_double/double_aeabi_rp2040.S.o
                0x0000000010001cfc                __wrap___aeabi_dcmpgt
 .text.__wrap___aeabi_dcmpun
                0x0000000010001d06       0x18 CMakeFiles/pio_logic_analyser.dir/home/connerparker/ASEN_4013/AERIS-Software/pico-sdk/src/rp2_common/pico_double/double_aeabi_rp2040.S.o
                0x0000000010001d06                __wrap___aeabi_dcmpun
 *fill*         0x0000000010001d1e        0x2 
 .text.__wrap___aeabi_i2d
                0x0000000010001d20       0x38 CMakeFiles/pio_logic_analyser.dir/home/connerparker/ASEN_4013/AERIS-Software/pico-sdk/src/rp2_common/pico_double/double_aeabi_rp2040.S.o
                0x0000000010001d20                __wrap___aeabi_ui2d
                0x0000000010001d28                __wrap___aeabi_i2d
 .text.__wrap___aeabi_d2iz
                0x0000000010001d58       0x48 CMakeFiles/pio_logic_analyser.dir/home/connerparker/ASEN_4013/AERIS-Software/pico-sdk/src/rp2_common/pico_double/double_aeabi_rp2040.S.o
                0x0000000010001d58                __wrap___aeabi_d2iz
                0x0000000010001d58                double2int_z
 .text.__wrap___aeabi_d2uiz
                0x0000000010001da0       0x18 CMakeFiles/pio_logic_analyser.dir/home/connerparker/ASEN_4013/AERIS-Software/pico-sdk/src/rp2_common/pico_double/double_aeabi_rp2040.S.o
                0x0000000010001da0                double2uint
                0x0000000010001da0                __wrap___aeabi_d2uiz
 .text.__aeabi_double_init
                0x0000000010001db8       0xa0 CMakeFiles/pio_logic_analyser.dir/home/connerparker/ASEN_4013/AERIS-Software/pico-sdk/src/rp2_common/pico_double/double_init_rom_rp2040.c.o
                0x0000000010001db8                __aeabi_double_init
 .text.double_table_shim_on_use_helper
                0x0000000010001e58       0x2c CMakeFiles/pio_logic_analyser.dir/home/connerparker/ASEN_4013/AERIS-Software/pico-sdk/src/rp2_common/pico_double/double_v1_rom_shim_rp2040.S.o
                0x0000000010001e58                double_table_shim_on_use_helper
 .text.__wrap___aeabi_dsub
                0x0000000010001e84       0x10 CMakeFiles/pio_logic_analyser.dir/home/connerparker/ASEN_4013/AERIS-Software/pico-sdk/src/rp2_common/pico_double/double_v1_rom_shim_rp2040.S.o
                0x0000000010001e84                drsub_shim
                0x0000000010001e8a                dsub_shim
 .text.dadd_shim
                0x0000000010001e94      0x15c CMakeFiles/pio_logic_analyser.dir/home/connerparker/ASEN_4013/AERIS-Software/pico-sdk/src/rp2_common/pico_double/double_v1_rom_shim_rp2040.S.o
                0x0000000010001e94                dadd_shim
 .text.dmul_shim
                0x0000000010001ff0      0x15c CMakeFiles/pio_logic_analyser.dir/home/connerparker/ASEN_4013/AERIS-Software/pico-sdk/src/rp2_common/pico_double/double_v1_rom_shim_rp2040.S.o
                0x0000000010001ff0                dmul_shim
 .text.ddiv_shim
                0x000000001000214c      0x1b0 CMakeFiles/pio_logic_analyser.dir/home/connerparker/ASEN_4013/AERIS-Software/pico-sdk/src/rp2_common/pico_double/double_v1_rom_shim_rp2040.S.o
                0x000000001000214c                ddiv_shim
 .text.double2uint_shim
                0x00000000100022fc        0xe CMakeFiles/pio_logic_analyser.dir/home/connerparker/ASEN_4013/AERIS-Software/pico-sdk/src/rp2_common/pico_double/double_v1_rom_shim_rp2040.S.o
                0x00000000100022fc                double2uint_shim
                0x00000000100022fe                double2ufix_shim
 *fill*         0x000000001000230a        0x2 
 .text.double2uint64_shim
                0x000000001000230c       0x70 CMakeFiles/pio_logic_analyser.dir/home/connerparker/ASEN_4013/AERIS-Software/pico-sdk/src/rp2_common/pico_double/double_v1_rom_shim_rp2040.S.o
                0x000000001000230c                double2uint64_shim
                0x000000001000230e                double2ufix64_shim
                0x000000001000232e                d2fix_a
 .text.dunpacks
                0x000000001000237c       0x3c CMakeFiles/pio_logic_analyser.dir/home/connerparker/ASEN_4013/AERIS-Software/pico-sdk/src/rp2_common/pico_double/double_v1_rom_shim_rp2040.S.o
                0x000000001000237c                dunpacks
 .text.__wrap___aeabi_farithmetic
                0x00000000100023b8       0x48 CMakeFiles/pio_logic_analyser.dir/home/connerparker/ASEN_4013/AERIS-Software/pico-sdk/src/rp2_common/pico_float/float_aeabi_rp2040.S.o
                0x00000000100023b8                __wrap___aeabi_frsub
                0x00000000100023be                __wrap___aeabi_fsub
                0x00000000100023c4                __wrap___aeabi_fadd
                0x00000000100023ca                __wrap___aeabi_fdiv
                0x00000000100023f2                __wrap___aeabi_fmul
 .text.__wrap___aeabi_ui2f
                0x0000000010002400        0xa CMakeFiles/pio_logic_analyser.dir/home/connerparker/ASEN_4013/AERIS-Software/pico-sdk/src/rp2_common/pico_float/float_aeabi_rp2040.S.o
                0x0000000010002400                uint2float
                0x0000000010002400                __wrap___aeabi_ui2f
 *fill*         0x000000001000240a        0x2 
 .text.__wrap___aeabi_i2f
                0x000000001000240c       0x44 CMakeFiles/pio_logic_analyser.dir/home/connerparker/ASEN_4013/AERIS-Software/pico-sdk/src/rp2_common/pico_float/float_aeabi_rp2040.S.o
                0x000000001000240c                int2float
                0x000000001000240c                __wrap___aeabi_i2f
 .text.__wrap___aeabi_f2uiz
                0x0000000010002450        0xc CMakeFiles/pio_logic_analyser.dir/home/connerparker/ASEN_4013/AERIS-Software/pico-sdk/src/rp2_common/pico_float/float_aeabi_rp2040.S.o
                0x0000000010002450                float2uint_z
                0x0000000010002450                __wrap___aeabi_f2uiz
 .text.__aeabi_float_init
                0x000000001000245c       0x64 CMakeFiles/pio_logic_analyser.dir/home/connerparker/ASEN_4013/AERIS-Software/pico-sdk/src/rp2_common/pico_float/float_init_rom_rp2040.c.o
                0x000000001000245c                __aeabi_float_init
 .text.float_table_shim_on_use_helper
                0x00000000100024c0       0x2c CMakeFiles/pio_logic_analyser.dir/home/connerparker/ASEN_4013/AERIS-Software/pico-sdk/src/rp2_common/pico_float/float_v1_rom_shim_rp2040.S.o
                0x00000000100024c0                float_table_shim_on_use_helper
 .text.__wrap_malloc
                0x00000000100024ec       0x24 CMakeFiles/pio_logic_analyser.dir/home/connerparker/ASEN_4013/AERIS-Software/pico-sdk/src/rp2_common/pico_malloc/malloc.c.o
                0x00000000100024ec                __wrap_malloc
 .text          0x0000000010002510       0x10 CMakeFiles/pio_logic_analyser.dir/home/connerparker/ASEN_4013/AERIS-Software/pico-sdk/src/rp2_common/pico_mem_ops/mem_ops_aeabi.S.o
                0x0000000010002510                __aeabi_mem_init
 .text.memcpy   0x0000000010002520        0xc CMakeFiles/pio_logic_analyser.dir/home/connerparker/ASEN_4013/AERIS-Software/pico-sdk/src/rp2_common/pico_mem_ops/mem_ops_aeabi.S.o
                0x0000000010002520                __wrap___aeabi_memcpy
                0x0000000010002520                __wrap_memcpy
 .text._out_null
                0x000000001000252c        0x4 CMakeFiles/pio_logic_analyser.dir/home/connerparker/ASEN_4013/AERIS-Software/pico-sdk/src/rp2_common/pico_printf/printf.c.o
 .text._out_rev
                0x0000000010002530       0x9c CMakeFiles/pio_logic_analyser.dir/home/connerparker/ASEN_4013/AERIS-Software/pico-sdk/src/rp2_common/pico_printf/printf.c.o
 .text._ntoa_format
                0x00000000100025cc      0x1cc CMakeFiles/pio_logic_analyser.dir/home/connerparker/ASEN_4013/AERIS-Software/pico-sdk/src/rp2_common/pico_printf/printf.c.o
 .text._out_char
                0x0000000010002798       0x10 CMakeFiles/pio_logic_analyser.dir/home/connerparker/ASEN_4013/AERIS-Software/pico-sdk/src/rp2_common/pico_printf/printf.c.o
 .text._out_fct
                0x00000000100027a8       0x10 CMakeFiles/pio_logic_analyser.dir/home/connerparker/ASEN_4013/AERIS-Software/pico-sdk/src/rp2_common/pico_printf/printf.c.o
 .text._etoa    0x00000000100027b8      0x44c CMakeFiles/pio_logic_analyser.dir/home/connerparker/ASEN_4013/AERIS-Software/pico-sdk/src/rp2_common/pico_printf/printf.c.o
 .text._ftoa    0x0000000010002c04      0x398 CMakeFiles/pio_logic_analyser.dir/home/connerparker/ASEN_4013/AERIS-Software/pico-sdk/src/rp2_common/pico_printf/printf.c.o
 .text._vsnprintf
                0x0000000010002f9c      0xb04 CMakeFiles/pio_logic_analyser.dir/home/connerparker/ASEN_4013/AERIS-Software/pico-sdk/src/rp2_common/pico_printf/printf.c.o
 .text.vfctprintf
                0x0000000010003aa0       0x20 CMakeFiles/pio_logic_analyser.dir/home/connerparker/ASEN_4013/AERIS-Software/pico-sdk/src/rp2_common/pico_printf/printf.c.o
                0x0000000010003aa0                vfctprintf
 .text.weak_raw_vprintf
                0x0000000010003ac0       0x30 CMakeFiles/pio_logic_analyser.dir/home/connerparker/ASEN_4013/AERIS-Software/pico-sdk/src/rp2_common/pico_printf/printf.c.o
                0x0000000010003ac0                weak_raw_vprintf
 .text._exit    0x0000000010003af0        0x4 CMakeFiles/pio_logic_analyser.dir/home/connerparker/ASEN_4013/AERIS-Software/pico-sdk/src/rp2_common/pico_clib_interface/newlib_interface.c.o
                0x0000000010003af0                _exit
 .text._sbrk    0x0000000010003af4       0x34 CMakeFiles/pio_logic_analyser.dir/home/connerparker/ASEN_4013/AERIS-Software/pico-sdk/src/rp2_common/pico_clib_interface/newlib_interface.c.o
                0x0000000010003af4                _sbrk
 .text.exit     0x0000000010003b28        0x8 CMakeFiles/pio_logic_analyser.dir/home/connerparker/ASEN_4013/AERIS-Software/pico-sdk/src/rp2_common/pico_clib_interface/newlib_interface.c.o
                0x0000000010003b28                exit
 .text.runtime_init
                0x0000000010003b30       0x2c CMakeFiles/pio_logic_analyser.dir/home/connerparker/ASEN_4013/AERIS-Software/pico-sdk/src/rp2_common/pico_clib_interface/newlib_interface.c.o
                0x0000000010003b30                runtime_init
 .text.stdio_out_chars_no_crlf
                0x0000000010003b5c       0x10 CMakeFiles/pio_logic_analyser.dir/home/connerparker/ASEN_4013/AERIS-Software/pico-sdk/src/rp2_common/pico_stdio/stdio.c.o
 .text.stdio_out_chars_crlf
                0x0000000010003b6c       0xb4 CMakeFiles/pio_logic_analyser.dir/home/connerparker/ASEN_4013/AERIS-Software/pico-sdk/src/rp2_common/pico_stdio/stdio.c.o
 .text.stdio_buffered_printer
                0x0000000010003c20       0x64 CMakeFiles/pio_logic_analyser.dir/home/connerparker/ASEN_4013/AERIS-Software/pico-sdk/src/rp2_common/pico_stdio/stdio.c.o
 .text.stdio_put_string
                0x0000000010003c84      0x100 CMakeFiles/pio_logic_analyser.dir/home/connerparker/ASEN_4013/AERIS-Software/pico-sdk/src/rp2_common/pico_stdio/stdio.c.o
                0x0000000010003c84                stdio_put_string
 .text.stdio_set_driver_enabled
                0x0000000010003d84       0x30 CMakeFiles/pio_logic_analyser.dir/home/connerparker/ASEN_4013/AERIS-Software/pico-sdk/src/rp2_common/pico_stdio/stdio.c.o
                0x0000000010003d84                stdio_set_driver_enabled
 .text.stdio_init_all
                0x0000000010003db4        0xc CMakeFiles/pio_logic_analyser.dir/home/connerparker/ASEN_4013/AERIS-Software/pico-sdk/src/rp2_common/pico_stdio/stdio.c.o
                0x0000000010003db4                stdio_init_all
 .text.__wrap_putchar
                0x0000000010003dc0       0x98 CMakeFiles/pio_logic_analyser.dir/home/connerparker/ASEN_4013/AERIS-Software/pico-sdk/src/rp2_common/pico_stdio/stdio.c.o
                0x0000000010003dc0                stdio_putchar
                0x0000000010003dc0                __wrap_putchar
 .text.__wrap_puts
                0x0000000010003e58       0x3c CMakeFiles/pio_logic_analyser.dir/home/connerparker/ASEN_4013/AERIS-Software/pico-sdk/src/rp2_common/pico_stdio/stdio.c.o
                0x0000000010003e58                __wrap_puts
                0x0000000010003e58                stdio_puts
 .text.__wrap_vprintf
                0x0000000010003e94       0xd8 CMakeFiles/pio_logic_analyser.dir/home/connerparker/ASEN_4013/AERIS-Software/pico-sdk/src/rp2_common/pico_stdio/stdio.c.o
                0x0000000010003e94                __wrap_vprintf
                0x0000000010003e94                stdio_vprintf
 .text.__wrap_printf
                0x0000000010003f6c       0x18 CMakeFiles/pio_logic_analyser.dir/home/connerparker/ASEN_4013/AERIS-Software/pico-sdk/src/rp2_common/pico_stdio/stdio.c.o
                0x0000000010003f6c                stdio_printf
                0x0000000010003f6c                __wrap_printf
 .text.stdio_uart_out_chars
                0x0000000010003f84       0x4c CMakeFiles/pio_logic_analyser.dir/home/connerparker/ASEN_4013/AERIS-Software/pico-sdk/src/rp2_common/pico_stdio_uart/stdio_uart.c.o
 .text.stdio_uart_in_chars
                0x0000000010003fd0       0x84 CMakeFiles/pio_logic_analyser.dir/home/connerparker/ASEN_4013/AERIS-Software/pico-sdk/src/rp2_common/pico_stdio_uart/stdio_uart.c.o
                0x0000000010003fd0                stdio_uart_in_chars
 .text.on_uart_rx
                0x0000000010004054       0x28 CMakeFiles/pio_logic_analyser.dir/home/connerparker/ASEN_4013/AERIS-Software/pico-sdk/src/rp2_common/pico_stdio_uart/stdio_uart.c.o
 .text.stdio_uart_out_flush
                0x000000001000407c       0x14 CMakeFiles/pio_logic_analyser.dir/home/connerparker/ASEN_4013/AERIS-Software/pico-sdk/src/rp2_common/pico_stdio_uart/stdio_uart.c.o
 .text.stdio_uart_set_chars_available_callback
                0x0000000010004090       0x88 CMakeFiles/pio_logic_analyser.dir/home/connerparker/ASEN_4013/AERIS-Software/pico-sdk/src/rp2_common/pico_stdio_uart/stdio_uart.c.o
 .text.stdio_uart_init
                0x0000000010004118       0x50 CMakeFiles/pio_logic_analyser.dir/home/connerparker/ASEN_4013/AERIS-Software/pico-sdk/src/rp2_common/pico_stdio_uart/stdio_uart.c.o
                0x0000000010004118                stdio_uart_init
 .text.pio_add_program
                0x0000000010004168       0xf4 CMakeFiles/pio_logic_analyser.dir/home/connerparker/ASEN_4013/AERIS-Software/pico-sdk/src/rp2_common/hardware_pio/pio.c.o
                0x0000000010004168                pio_add_program
 .text.pio_sm_init
                0x000000001000425c       0x94 CMakeFiles/pio_logic_analyser.dir/home/connerparker/ASEN_4013/AERIS-Software/pico-sdk/src/rp2_common/hardware_pio/pio.c.o
                0x000000001000425c                pio_sm_init
 .text          0x00000000100042f0       0x28 /usr/lib/gcc/arm-none-eabi/10.3.1/../../../arm-none-eabi/lib/thumb/v6-m/nofp/libg.a(lib_a-malloc.o)
                0x00000000100042f0                malloc
                0x0000000010004304                free
 .text          0x0000000010004318      0x574 /usr/lib/gcc/arm-none-eabi/10.3.1/../../../arm-none-eabi/lib/thumb/v6-m/nofp/libg.a(lib_a-mallocr.o)
                0x0000000010004318                _malloc_r
 .text          0x000000001000488c        0x8 /usr/lib/gcc/arm-none-eabi/10.3.1/../../../arm-none-eabi/lib/thumb/v6-m/nofp/libg.a(lib_a-mlock.o)
                0x000000001000488c                __malloc_lock
                0x0000000010004890                __malloc_unlock
 .text          0x0000000010004894       0x24 /usr/lib/gcc/arm-none-eabi/10.3.1/../../../arm-none-eabi/lib/thumb/v6-m/nofp/libg.a(lib_a-sbrkr.o)
                0x0000000010004894                _sbrk_r
 .text          0x00000000100048b8       0x5c /usr/lib/gcc/arm-none-eabi/10.3.1/../../../arm-none-eabi/lib/thumb/v6-m/nofp/libg.a(lib_a-strlen-stub.o)
                0x00000000100048b8                strlen
 .text          0x0000000010004914      0x260 /usr/lib/gcc/arm-none-eabi/10.3.1/../../../arm-none-eabi/lib/thumb/v6-m/nofp/libg.a(lib_a-freer.o)
                0x0000000010004914                _malloc_trim_r
                0x00000000100049b0                _free_r
 *(.fini)
 .fini          0x0000000010004b74        0x4 /usr/lib/gcc/arm-none-eabi/10.3.1/thumb/v6-m/nofp/crti.o
                0x0000000010004b74                _fini
 .fini.__stub   0x0000000010004b78       0x40 linker stubs
 *crtbegin.o(.ctors)
 *crtbegin?.o(.ctors)
 *(EXCLUDE_FILE(*crtend.o *crtend?.o) .ctors)
 *(SORT_BY_NAME(.ctors.*))
 *(.ctors)
 *crtbegin.o(.dtors)
 *crtbegin?.o(.dtors)
 *(EXCLUDE_FILE(*crtend.o *crtend?.o) .dtors)
 *(SORT_BY_NAME(.dtors.*))
 *(.dtors)
                0x0000000010004bb8                . = ALIGN (0x4)
                0x0000000010004bb8                PROVIDE (__preinit_array_start = .)
 *(SORT_BY_NAME(.preinit_array.*))
 .preinit_array.00100
                0x0000000010004bb8        0x4 CMakeFiles/pio_logic_analyser.dir/home/connerparker/ASEN_4013/AERIS-Software/pico-sdk/src/rp2_common/pico_runtime_init/runtime_init.c.o
                0x0000000010004bb8                __pre_init_runtime_init_early_resets
 .preinit_array.00101
                0x0000000010004bbc        0x4 CMakeFiles/pio_logic_analyser.dir/home/connerparker/ASEN_4013/AERIS-Software/pico-sdk/src/rp2_common/pico_runtime_init/runtime_init.c.o
                0x0000000010004bbc                __pre_init_runtime_init_usb_power_down
 .preinit_array.00275
                0x0000000010004bc0        0x4 CMakeFiles/pio_logic_analyser.dir/home/connerparker/ASEN_4013/AERIS-Software/pico-sdk/src/rp2_common/pico_bit_ops/bit_ops_aeabi.S.o
 .preinit_array.00300
                0x0000000010004bc4        0x4 CMakeFiles/pio_logic_analyser.dir/home/connerparker/ASEN_4013/AERIS-Software/pico-sdk/src/rp2_common/pico_mem_ops/mem_ops_aeabi.S.o
 .preinit_array.00350
                0x0000000010004bc8        0x4 CMakeFiles/pio_logic_analyser.dir/home/connerparker/ASEN_4013/AERIS-Software/pico-sdk/src/rp2_common/pico_double/double_aeabi_rp2040.S.o
 .preinit_array.00350
                0x0000000010004bcc        0x4 CMakeFiles/pio_logic_analyser.dir/home/connerparker/ASEN_4013/AERIS-Software/pico-sdk/src/rp2_common/pico_float/float_aeabi_rp2040.S.o
 .preinit_array.00500
                0x0000000010004bd0        0x4 CMakeFiles/pio_logic_analyser.dir/home/connerparker/ASEN_4013/AERIS-Software/pico-sdk/src/rp2_common/pico_runtime_init/runtime_init.c.o
                0x0000000010004bd0                __pre_init_runtime_init_clocks
 .preinit_array.00600
                0x0000000010004bd4        0x4 CMakeFiles/pio_logic_analyser.dir/home/connerparker/ASEN_4013/AERIS-Software/pico-sdk/src/rp2_common/pico_runtime_init/runtime_init.c.o
                0x0000000010004bd4                __pre_init_runtime_init_post_clock_resets
 .preinit_array.00700
                0x0000000010004bd8        0x4 CMakeFiles/pio_logic_analyser.dir/home/connerparker/ASEN_4013/AERIS-Software/pico-sdk/src/rp2_common/pico_runtime_init/runtime_init.c.o
                0x0000000010004bd8                __pre_init_runtime_init_rp2040_gpio_ie_disable
 .preinit_array.01000
                0x0000000010004bdc        0x4 CMakeFiles/pio_logic_analyser.dir/home/connerparker/ASEN_4013/AERIS-Software/pico-sdk/src/rp2_common/pico_runtime_init/runtime_init.c.o
                0x0000000010004bdc                __pre_init_runtime_init_spin_locks_reset
 .preinit_array.01100
                0x0000000010004be0        0x4 CMakeFiles/pio_logic_analyser.dir/home/connerparker/ASEN_4013/AERIS-Software/pico-sdk/src/common/pico_sync/mutex.c.o
                0x0000000010004be0                __pre_init_runtime_init_mutex
 .preinit_array.10080
                0x0000000010004be4        0x4 CMakeFiles/pio_logic_analyser.dir/home/connerparker/ASEN_4013/AERIS-Software/pico-sdk/src/rp2_common/pico_runtime_init/runtime_init.c.o
                0x0000000010004be4                __pre_init_runtime_init_install_ram_vector_table
 .preinit_array.11000
                0x0000000010004be8        0x4 CMakeFiles/pio_logic_analyser.dir/home/connerparker/ASEN_4013/AERIS-Software/pico-sdk/src/common/pico_time/time.c.o
                0x0000000010004be8                __pre_init_runtime_init_default_alarm_pool
 .preinit_array.YYYYY
                0x0000000010004bec        0x4 CMakeFiles/pio_logic_analyser.dir/home/connerparker/ASEN_4013/AERIS-Software/pico-sdk/src/rp2_common/pico_runtime/runtime.c.o
                0x0000000010004bec                __pre_init_first_per_core_initializer
 .preinit_array.ZZZZZ.01200
                0x0000000010004bf0        0x4 CMakeFiles/pio_logic_analyser.dir/home/connerparker/ASEN_4013/AERIS-Software/pico-sdk/src/rp2_common/hardware_irq/irq.c.o
                0x0000000010004bf0                __pre_init_runtime_init_per_core_irq_priorities
 *(.preinit_array)
                0x0000000010004bf4                PROVIDE (__preinit_array_end = .)
                0x0000000010004bf4                . = ALIGN (0x4)
                0x0000000010004bf4                PROVIDE (__init_array_start = .)
 *(SORT_BY_NAME(.init_array.*))
 *(.init_array)
 .init_array    0x0000000010004bf4        0x4 /usr/lib/gcc/arm-none-eabi/10.3.1/thumb/v6-m/nofp/crtbegin.o
                0x0000000010004bf8                PROVIDE (__init_array_end = .)
                0x0000000010004bf8                . = ALIGN (0x4)
                0x0000000010004bf8                PROVIDE (__fini_array_start = .)
 *(SORT_BY_NAME(.fini_array.*))
 *(.fini_array)
                0x0000000010004bf8                PROVIDE (__fini_array_end = .)
 *(.eh_frame*)
 .eh_frame      0x0000000010004bf8        0x0 /usr/lib/gcc/arm-none-eabi/10.3.1/thumb/v6-m/nofp/crtbegin.o
                0x0000000010004bf8                . = ALIGN (0x4)

.glue_7         0x0000000010004bf8        0x0
 .glue_7        0x0000000010004bf8        0x0 linker stubs

.glue_7t        0x0000000010004bf8        0x0
 .glue_7t       0x0000000010004bf8        0x0 linker stubs

.vfp11_veneer   0x0000000010004bf8        0x0
 .vfp11_veneer  0x0000000010004bf8        0x0 linker stubs

.v4_bx          0x0000000010004bf8        0x0
 .v4_bx         0x0000000010004bf8        0x0 linker stubs

.iplt           0x0000000010004bf8        0x0
 .iplt          0x0000000010004bf8        0x0 /usr/lib/gcc/arm-none-eabi/10.3.1/thumb/v6-m/nofp/crtbegin.o

.rodata         0x0000000010004bf8      0x434
 *(EXCLUDE_FILE(*libm.a: *libc.a:*lib_a-mem*.o *libgcc.a:) .rodata*)
 .rodata.print_capture_buf.str1.4
                0x0000000010004bf8       0x13 CMakeFiles/pio_logic_analyser.dir/logic_analyser.c.o
 *fill*         0x0000000010004c0b        0x1 
 .rodata.main.str1.4
                0x0000000010004c0c       0x41 CMakeFiles/pio_logic_analyser.dir/logic_analyser.c.o
 *fill*         0x0000000010004c4d        0x3 
 .rodata.panic.str1.4
                0x0000000010004c50       0x12 CMakeFiles/pio_logic_analyser.dir/home/connerparker/ASEN_4013/AERIS-Software/pico-sdk/src/rp2_common/pico_platform_panic/panic.c.o
 *fill*         0x0000000010004c62        0x2 
 .rodata.timer_hardware_alarm_claim.str1.4
                0x0000000010004c64       0x22 CMakeFiles/pio_logic_analyser.dir/home/connerparker/ASEN_4013/AERIS-Software/pico-sdk/src/rp2_common/hardware_timer/timer.c.o
 *fill*         0x0000000010004c86        0x2 
 .rodata.hard_assertion_failure.str1.4
                0x0000000010004c88        0xc CMakeFiles/pio_logic_analyser.dir/home/connerparker/ASEN_4013/AERIS-Software/pico-sdk/src/rp2_common/pico_runtime/runtime.c.o
 .rodata.__wrap_malloc.str1.4
                0x0000000010004c94        0xe CMakeFiles/pio_logic_analyser.dir/home/connerparker/ASEN_4013/AERIS-Software/pico-sdk/src/rp2_common/pico_malloc/malloc.c.o
 *fill*         0x0000000010004ca2        0x2 
 .rodata.str1.4
                0x0000000010004ca4       0x94 CMakeFiles/pio_logic_analyser.dir/home/connerparker/ASEN_4013/AERIS-Software/pico-sdk/src/rp2_common/pico_standard_binary_info/standard_binary_info.c.o
 .rodata.__bi_26
                0x0000000010004d38        0xc CMakeFiles/pio_logic_analyser.dir/home/connerparker/ASEN_4013/AERIS-Software/pico-sdk/src/rp2_common/pico_standard_binary_info/standard_binary_info.c.o
 .rodata.__bi_34
                0x0000000010004d44        0xc CMakeFiles/pio_logic_analyser.dir/home/connerparker/ASEN_4013/AERIS-Software/pico-sdk/src/rp2_common/pico_standard_binary_info/standard_binary_info.c.o
 .rodata.__bi_42
                0x0000000010004d50        0xc CMakeFiles/pio_logic_analyser.dir/home/connerparker/ASEN_4013/AERIS-Software/pico-sdk/src/rp2_common/pico_standard_binary_info/standard_binary_info.c.o
 .rodata.__bi_48
                0x0000000010004d5c        0xc CMakeFiles/pio_logic_analyser.dir/home/connerparker/ASEN_4013/AERIS-Software/pico-sdk/src/rp2_common/pico_standard_binary_info/standard_binary_info.c.o
 .rodata.__bi_54
                0x0000000010004d68        0xc CMakeFiles/pio_logic_analyser.dir/home/connerparker/ASEN_4013/AERIS-Software/pico-sdk/src/rp2_common/pico_standard_binary_info/standard_binary_info.c.o
 .rodata.__bi_72
                0x0000000010004d74        0xc CMakeFiles/pio_logic_analyser.dir/home/connerparker/ASEN_4013/AERIS-Software/pico-sdk/src/rp2_common/pico_standard_binary_info/standard_binary_info.c.o
 .rodata.__bi_78
                0x0000000010004d80        0xc CMakeFiles/pio_logic_analyser.dir/home/connerparker/ASEN_4013/AERIS-Software/pico-sdk/src/rp2_common/pico_standard_binary_info/standard_binary_info.c.o
 .rodata.__bi_84
                0x0000000010004d8c        0xc CMakeFiles/pio_logic_analyser.dir/home/connerparker/ASEN_4013/AERIS-Software/pico-sdk/src/rp2_common/pico_standard_binary_info/standard_binary_info.c.o
 .rodata._ftoa.str1.4
                0x0000000010004d98       0x15 CMakeFiles/pio_logic_analyser.dir/home/connerparker/ASEN_4013/AERIS-Software/pico-sdk/src/rp2_common/pico_printf/printf.c.o
 *fill*         0x0000000010004dad        0x3 
 .rodata._vsnprintf
                0x0000000010004db0      0x1e0 CMakeFiles/pio_logic_analyser.dir/home/connerparker/ASEN_4013/AERIS-Software/pico-sdk/src/rp2_common/pico_printf/printf.c.o
 .rodata.pow10.0
                0x0000000010004f90       0x50 CMakeFiles/pio_logic_analyser.dir/home/connerparker/ASEN_4013/AERIS-Software/pico-sdk/src/rp2_common/pico_printf/printf.c.o
 .rodata.crlf_str.0
                0x0000000010004fe0        0x2 CMakeFiles/pio_logic_analyser.dir/home/connerparker/ASEN_4013/AERIS-Software/pico-sdk/src/rp2_common/pico_stdio/stdio.c.o
 *fill*         0x0000000010004fe2        0x2 
 .rodata.str1.4
                0x0000000010004fe4       0x2c CMakeFiles/pio_logic_analyser.dir/home/connerparker/ASEN_4013/AERIS-Software/pico-sdk/src/rp2_common/pico_stdio_uart/stdio_uart.c.o
 .rodata.__bi_45.4
                0x0000000010005010        0xc CMakeFiles/pio_logic_analyser.dir/home/connerparker/ASEN_4013/AERIS-Software/pico-sdk/src/rp2_common/pico_stdio_uart/stdio_uart.c.o
 .rodata.__bi_49.5
                0x000000001000501c        0x8 CMakeFiles/pio_logic_analyser.dir/home/connerparker/ASEN_4013/AERIS-Software/pico-sdk/src/rp2_common/pico_stdio_uart/stdio_uart.c.o
 .rodata.__bi_50.6
                0x0000000010005024        0x8 CMakeFiles/pio_logic_analyser.dir/home/connerparker/ASEN_4013/AERIS-Software/pico-sdk/src/rp2_common/pico_stdio_uart/stdio_uart.c.o
                0x000000001000502c                . = ALIGN (0x4)
 *(SORT_BY_ALIGNMENT(SORT_BY_NAME(.flashdata*)))
                0x000000001000502c                . = ALIGN (0x4)

.ARM.extab
 *(.ARM.extab* .gnu.linkonce.armextab.*)
                0x000000001000502c                __exidx_start = .

.ARM.exidx
 *(.ARM.exidx* .gnu.linkonce.armexidx.*)
                0x000000001000502c                __exidx_end = .
                0x000000001000502c                . = ALIGN (0x4)
                0x000000001000502c                __binary_info_start = .

.binary_info    0x000000001000502c       0x2c
 *(.binary_info.keep.*)
 .binary_info.keep.__bi_ptr26
                0x000000001000502c        0x4 CMakeFiles/pio_logic_analyser.dir/home/connerparker/ASEN_4013/AERIS-Software/pico-sdk/src/rp2_common/pico_standard_binary_info/standard_binary_info.c.o
 .binary_info.keep.__bi_ptr34
                0x0000000010005030        0x4 CMakeFiles/pio_logic_analyser.dir/home/connerparker/ASEN_4013/AERIS-Software/pico-sdk/src/rp2_common/pico_standard_binary_info/standard_binary_info.c.o
 .binary_info.keep.__bi_ptr42
                0x0000000010005034        0x4 CMakeFiles/pio_logic_analyser.dir/home/connerparker/ASEN_4013/AERIS-Software/pico-sdk/src/rp2_common/pico_standard_binary_info/standard_binary_info.c.o
 .binary_info.keep.__bi_ptr48
                0x0000000010005038        0x4 CMakeFiles/pio_logic_analyser.dir/home/connerparker/ASEN_4013/AERIS-Software/pico-sdk/src/rp2_common/pico_standard_binary_info/standard_binary_info.c.o
 .binary_info.keep.__bi_ptr54
                0x000000001000503c        0x4 CMakeFiles/pio_logic_analyser.dir/home/connerparker/ASEN_4013/AERIS-Software/pico-sdk/src/rp2_common/pico_standard_binary_info/standard_binary_info.c.o
 .binary_info.keep.__bi_ptr72
                0x0000000010005040        0x4 CMakeFiles/pio_logic_analyser.dir/home/connerparker/ASEN_4013/AERIS-Software/pico-sdk/src/rp2_common/pico_standard_binary_info/standard_binary_info.c.o
 .binary_info.keep.__bi_ptr78
                0x0000000010005044        0x4 CMakeFiles/pio_logic_analyser.dir/home/connerparker/ASEN_4013/AERIS-Software/pico-sdk/src/rp2_common/pico_standard_binary_info/standard_binary_info.c.o
 .binary_info.keep.__bi_ptr84
                0x0000000010005048        0x4 CMakeFiles/pio_logic_analyser.dir/home/connerparker/ASEN_4013/AERIS-Software/pico-sdk/src/rp2_common/pico_standard_binary_info/standard_binary_info.c.o
 *(.binary_info.*)
 .binary_info.__bi_ptr45
                0x000000001000504c        0x4 CMakeFiles/pio_logic_analyser.dir/home/connerparker/ASEN_4013/AERIS-Software/pico-sdk/src/rp2_common/pico_stdio_uart/stdio_uart.c.o
 .binary_info.__bi_ptr49
                0x0000000010005050        0x4 CMakeFiles/pio_logic_analyser.dir/home/connerparker/ASEN_4013/AERIS-Software/pico-sdk/src/rp2_common/pico_stdio_uart/stdio_uart.c.o
 .binary_info.__bi_ptr50
                0x0000000010005054        0x4 CMakeFiles/pio_logic_analyser.dir/home/connerparker/ASEN_4013/AERIS-Software/pico-sdk/src/rp2_common/pico_stdio_uart/stdio_uart.c.o
                0x0000000010005058                __binary_info_end = .

.rel.dyn        0x0000000010005058        0x0
 .rel.iplt      0x0000000010005058        0x0 /usr/lib/gcc/arm-none-eabi/10.3.1/thumb/v6-m/nofp/crtbegin.o
                0x0000000010005058                . = ALIGN (0x4)

.ram_vector_table
                0x0000000020000000       0xc0
 *(.ram_vector_table)
 .ram_vector_table
                0x0000000020000000       0xc0 CMakeFiles/pio_logic_analyser.dir/home/connerparker/ASEN_4013/AERIS-Software/pico-sdk/src/rp2_common/pico_runtime_init/runtime_init.c.o
                0x0000000020000000                ram_vector_table

.uninitialized_data
                0x00000000200000c0        0x0
                0x00000000200000c0                . = ALIGN (0x4)
 *(.uninitialized_data*)

.data           0x00000000200000c0      0x9c0 load address 0x0000000010005058
                0x00000000200000c0                __data_start__ = .
 *(vtable)
 *(.time_critical*)
 .time_critical.mutex_try_enter_block_until
                0x00000000200000c0       0x9c CMakeFiles/pio_logic_analyser.dir/home/connerparker/ASEN_4013/AERIS-Software/pico-sdk/src/common/pico_sync/mutex.c.o
                0x00000000200000c0                mutex_try_enter_block_until
 .time_critical.mutex_exit
                0x000000002000015c       0x28 CMakeFiles/pio_logic_analyser.dir/home/connerparker/ASEN_4013/AERIS-Software/pico-sdk/src/common/pico_sync/mutex.c.o
                0x000000002000015c                mutex_exit
 *(.text*)
 .text          0x0000000020000184        0x4 /usr/lib/gcc/arm-none-eabi/10.3.1/thumb/v6-m/nofp/libgcc.a(_dvmd_tls.o)
                0x0000000020000184                __aeabi_ldiv0
                0x0000000020000184                __aeabi_idiv0
 .text.__stub   0x0000000020000188       0x10 linker stubs
                0x0000000020000198                . = ALIGN (0x4)
 *(.rodata*)
                0x0000000020000198                . = ALIGN (0x4)
 *(.data*)
 .data.striped_spin_lock_num
                0x0000000020000198        0x1 CMakeFiles/pio_logic_analyser.dir/home/connerparker/ASEN_4013/AERIS-Software/pico-sdk/src/rp2_common/hardware_sync/sync.c.o
 *fill*         0x0000000020000199        0x3 
 .data          0x000000002000019c       0x48 CMakeFiles/pio_logic_analyser.dir/home/connerparker/ASEN_4013/AERIS-Software/pico-sdk/src/rp2_common/hardware_irq/irq_handler_chain.S.o
                0x000000002000019c                irq_handler_chain_slots
                0x00000000200001cc                irq_handler_chain_first_slot
                0x00000000200001d6                irq_handler_chain_remove_tail
 .data.default_alarm_pool
                0x00000000200001e4       0x18 CMakeFiles/pio_logic_analyser.dir/home/connerparker/ASEN_4013/AERIS-Software/pico-sdk/src/common/pico_time/time.c.o
 *fill*         0x00000000200001fc        0x4 
 .data.aeabi_bits_funcs
                0x0000000020000200       0x10 CMakeFiles/pio_logic_analyser.dir/home/connerparker/ASEN_4013/AERIS-Software/pico-sdk/src/rp2_common/pico_bit_ops/bit_ops_aeabi.S.o
                0x0000000020000200                aeabi_bits_funcs
                0x0000000020000210                aeabi_bits_funcs_end
 .data.aeabi_mem_funcs
                0x0000000020000210       0x10 CMakeFiles/pio_logic_analyser.dir/home/connerparker/ASEN_4013/AERIS-Software/pico-sdk/src/rp2_common/pico_mem_ops/mem_ops_aeabi.S.o
                0x0000000020000210                aeabi_mem_funcs
                0x0000000020000220                aeabi_mem_funcs_end
 .data.stdio_uart
                0x0000000020000220       0x18 CMakeFiles/pio_logic_analyser.dir/home/connerparker/ASEN_4013/AERIS-Software/pico-sdk/src/rp2_common/pico_stdio_uart/stdio_uart.c.o
                0x0000000020000220                stdio_uart
 .data          0x0000000020000238      0x430 /usr/lib/gcc/arm-none-eabi/10.3.1/../../../arm-none-eabi/lib/thumb/v6-m/nofp/libg.a(lib_a-impure.o)
                0x0000000020000238                _impure_ptr
 .data          0x0000000020000668      0x410 /usr/lib/gcc/arm-none-eabi/10.3.1/../../../arm-none-eabi/lib/thumb/v6-m/nofp/libg.a(lib_a-mallocr.o)
                0x0000000020000668                __malloc_sbrk_base
                0x000000002000066c                __malloc_trim_threshold
                0x0000000020000670                __malloc_av_
                0x0000000020000a78                . = ALIGN (0x4)
 *(.after_data.*)
                0x0000000020000a78                . = ALIGN (0x4)
                0x0000000020000a78                PROVIDE (__mutex_array_start = .)
 *(SORT_BY_NAME(.mutex_array.*))
 *(.mutex_array)
 .mutex_array   0x0000000020000a78        0x8 CMakeFiles/pio_logic_analyser.dir/home/connerparker/ASEN_4013/AERIS-Software/pico-sdk/src/rp2_common/pico_stdio/stdio.c.o
                0x0000000020000a80                PROVIDE (__mutex_array_end = .)
                0x0000000020000a80                . = ALIGN (0x4)
 *(.jcr)
                0x0000000020000a80                . = ALIGN (0x4)

.tm_clone_table
                0x0000000020000a80        0x0 load address 0x0000000010005a18
 .tm_clone_table
                0x0000000020000a80        0x0 /usr/lib/gcc/arm-none-eabi/10.3.1/thumb/v6-m/nofp/crtbegin.o
 .tm_clone_table
                0x0000000020000a80        0x0 /usr/lib/gcc/arm-none-eabi/10.3.1/thumb/v6-m/nofp/crtend.o

.igot.plt       0x0000000020000a80        0x0 load address 0x0000000010005a18
 .igot.plt      0x0000000020000a80        0x0 /usr/lib/gcc/arm-none-eabi/10.3.1/thumb/v6-m/nofp/crtbegin.o

.tdata          0x0000000020000a80        0x0 load address 0x0000000010005a18
                0x0000000020000a80                . = ALIGN (0x4)
 *(.tdata .tdata.* .gnu.linkonce.td.*)
                0x0000000020000a80                __tdata_end = .
                0x0000000020000a80                PROVIDE (__data_end__ = .)
                0x0000000010005058                __etext = LOADADDR (.data)

.tbss           0x0000000020000a80        0x0 load address 0x0000000010005a18
                0x0000000020000a80                . = ALIGN (0x4)
                0x0000000020000a80                __bss_start__ = .
                0x0000000020000a80                __tls_base = .
 *(.tbss .tbss.* .gnu.linkonce.tb.*)
 *(.tcommon)
                0x0000000020000a80                __tls_end = .

.bss            0x0000000020000a80      0x444 load address 0x0000000010005a18
                0x0000000020000a80                . = ALIGN (0x4)
                0x0000000020000a80                __tbss_end = .
 *(SORT_BY_ALIGNMENT(SORT_BY_NAME(.bss*)))
 .bss.default_alarm_pool_entries
                0x0000000020000a80      0x180 CMakeFiles/pio_logic_analyser.dir/home/connerparker/ASEN_4013/AERIS-Software/pico-sdk/src/common/pico_time/time.c.o
 .bss.sd_table  0x0000000020000c00      0x100 CMakeFiles/pio_logic_analyser.dir/home/connerparker/ASEN_4013/AERIS-Software/pico-sdk/src/rp2_common/pico_double/double_init_rom_rp2040.c.o
                0x0000000020000c00                sd_table
 .bss.sf_table  0x0000000020000d00      0x100 CMakeFiles/pio_logic_analyser.dir/home/connerparker/ASEN_4013/AERIS-Software/pico-sdk/src/rp2_common/pico_float/float_init_rom_rp2040.c.o
                0x0000000020000d00                sf_table
 .bss           0x0000000020000e00       0x1c /usr/lib/gcc/arm-none-eabi/10.3.1/thumb/v6-m/nofp/crtbegin.o
 .bss           0x0000000020000e1c       0x34 /usr/lib/gcc/arm-none-eabi/10.3.1/../../../arm-none-eabi/lib/thumb/v6-m/nofp/libg.a(lib_a-mallocr.o)
                0x0000000020000e1c                __malloc_top_pad
                0x0000000020000e20                __malloc_current_mallinfo
                0x0000000020000e48                __malloc_max_sbrked_mem
                0x0000000020000e4c                __malloc_max_total_mem
 .bss           0x0000000020000e50        0x4 /usr/lib/gcc/arm-none-eabi/10.3.1/../../../arm-none-eabi/lib/thumb/v6-m/nofp/libg.a(lib_a-reent.o)
                0x0000000020000e50                errno
 .bss._used_instruction_space
                0x0000000020000e54        0x8 CMakeFiles/pio_logic_analyser.dir/home/connerparker/ASEN_4013/AERIS-Software/pico-sdk/src/rp2_common/hardware_pio/pio.c.o
 .bss.chars_available_callback
                0x0000000020000e5c        0x4 CMakeFiles/pio_logic_analyser.dir/home/connerparker/ASEN_4013/AERIS-Software/pico-sdk/src/rp2_common/pico_stdio_uart/stdio_uart.c.o
 .bss.chars_available_param
                0x0000000020000e60        0x4 CMakeFiles/pio_logic_analyser.dir/home/connerparker/ASEN_4013/AERIS-Software/pico-sdk/src/rp2_common/pico_stdio_uart/stdio_uart.c.o
 .bss.claimed   0x0000000020000e64        0x1 CMakeFiles/pio_logic_analyser.dir/home/connerparker/ASEN_4013/AERIS-Software/pico-sdk/src/rp2_common/hardware_timer/timer.c.o
 *fill*         0x0000000020000e65        0x3 
 .bss.configured_freq
                0x0000000020000e68       0x28 CMakeFiles/pio_logic_analyser.dir/home/connerparker/ASEN_4013/AERIS-Software/pico-sdk/src/rp2_common/hardware_clocks/clocks.c.o
 .bss.drivers   0x0000000020000e90        0x4 CMakeFiles/pio_logic_analyser.dir/home/connerparker/ASEN_4013/AERIS-Software/pico-sdk/src/rp2_common/pico_stdio/stdio.c.o
 .bss.filter    0x0000000020000e94        0x4 CMakeFiles/pio_logic_analyser.dir/home/connerparker/ASEN_4013/AERIS-Software/pico-sdk/src/rp2_common/pico_stdio/stdio.c.o
 .bss.heap_end.0
                0x0000000020000e98        0x4 CMakeFiles/pio_logic_analyser.dir/home/connerparker/ASEN_4013/AERIS-Software/pico-sdk/src/rp2_common/pico_clib_interface/newlib_interface.c.o
 .bss.lazy_vsnprintf
                0x0000000020000e9c        0x4 CMakeFiles/pio_logic_analyser.dir/home/connerparker/ASEN_4013/AERIS-Software/pico-sdk/src/rp2_common/pico_printf/printf.c.o
 .bss.pools     0x0000000020000ea0       0x10 CMakeFiles/pio_logic_analyser.dir/home/connerparker/ASEN_4013/AERIS-Software/pico-sdk/src/common/pico_time/time.c.o
 .bss.sf_clz_func
                0x0000000020000eb0        0x4 CMakeFiles/pio_logic_analyser.dir/home/connerparker/ASEN_4013/AERIS-Software/pico-sdk/src/rp2_common/pico_double/double_init_rom_rp2040.c.o
                0x0000000020000eb0                sf_clz_func
 .bss.sleep_notifier
                0x0000000020000eb4        0x4 CMakeFiles/pio_logic_analyser.dir/home/connerparker/ASEN_4013/AERIS-Software/pico-sdk/src/common/pico_time/time.c.o
 .bss.uart_char_to_line_feed
                0x0000000020000eb8        0x4 CMakeFiles/pio_logic_analyser.dir/home/connerparker/ASEN_4013/AERIS-Software/pico-sdk/src/rp2_common/hardware_uart/uart.c.o
                0x0000000020000eb8                uart_char_to_line_feed
 .bss.uart_instance
                0x0000000020000ebc        0x4 CMakeFiles/pio_logic_analyser.dir/home/connerparker/ASEN_4013/AERIS-Software/pico-sdk/src/rp2_common/pico_stdio_uart/stdio_uart.c.o
 .bss.irq_handler_chain_free_slot_head
                0x0000000020000ec0        0x1 CMakeFiles/pio_logic_analyser.dir/home/connerparker/ASEN_4013/AERIS-Software/pico-sdk/src/rp2_common/hardware_irq/irq.c.o
 *(COMMON)
                0x0000000020000ec4                . = ALIGN (0x4)
 *fill*         0x0000000020000ec1        0x3 
                0x0000000020000ec4                __bss_end__ = .

.heap           0x0000000020000ec4      0x800 load address 0x0000000010005a18
                0x0000000020000ec4                __end__ = .
                0x0000000020000ec4                end = __end__
 *(.heap*)
 .heap          0x0000000020000ec4      0x800 CMakeFiles/pio_logic_analyser.dir/home/connerparker/ASEN_4013/AERIS-Software/pico-sdk/src/rp2_common/pico_crt0/crt0.S.o
                0x0000000020040000                __HeapLimit = (ORIGIN (RAM) + LENGTH (RAM))

.scratch_x      0x0000000020040000        0x0 load address 0x0000000010005a18
                0x0000000020040000                __scratch_x_start__ = .
 *(.scratch_x.*)
                0x0000000020040000                . = ALIGN (0x4)
                0x0000000020040000                __scratch_x_end__ = .
                0x0000000010005a18                __scratch_x_source__ = LOADADDR (.scratch_x)

.scratch_y      0x0000000020041000        0x0 load address 0x0000000010005a18
                0x0000000020041000                __scratch_y_start__ = .
 *(.scratch_y.*)
                0x0000000020041000                . = ALIGN (0x4)
                0x0000000020041000                __scratch_y_end__ = .
                0x0000000010005a18                __scratch_y_source__ = LOADADDR (.scratch_y)

.stack1_dummy   0x0000000020040000        0x0
 *(.stack1*)

.stack_dummy    0x0000000020041000      0x800
 *(.stack*)
 .stack         0x0000000020041000      0x800 CMakeFiles/pio_logic_analyser.dir/home/connerparker/ASEN_4013/AERIS-Software/pico-sdk/src/rp2_common/pico_crt0/crt0.S.o

.flash_end      0x0000000010005a18        0x0
 *(.embedded_end_block*)
                0x0000000010005a18                PROVIDE (__flash_binary_end = .)
                0x0000000020040000                __StackLimit = (ORIGIN (RAM) + LENGTH (RAM))
                0x0000000020041000                __StackOneTop = (ORIGIN (SCRATCH_X) + LENGTH (SCRATCH_X))
                0x0000000020042000                __StackTop = (ORIGIN (SCRATCH_Y) + LENGTH (SCRATCH_Y))
                0x0000000020041000                __StackOneBottom = (__StackOneTop - SIZEOF (.stack1_dummy))
                0x0000000020041800                __StackBottom = (__StackTop - SIZEOF (.stack_dummy))
                0x0000000020042000                PROVIDE (__stack = __StackTop)
                [!provide]                        PROVIDE (__heap_start = __end__)
                [!provide]                        PROVIDE (__heap_end = __HeapLimit)
                [!provide]                        PROVIDE (__tls_align = MAX (ALIGNOF (.tdata), ALIGNOF (.tbss)))
                [!provide]                        PROVIDE (__tls_size_align = (((__tls_size + __tls_align) - 0x1) & ~ ((__tls_align - 0x1))))
                [!provide]                        PROVIDE (__arm32_tls_tcb_offset = MAX (0x8, __tls_align))
                [!provide]                        PROVIDE (_end = __end__)
                [!provide]                        PROVIDE (__llvm_libc_heap_limit = __HeapLimit)
                0x0000000000000001                ASSERT ((__StackLimit >= __HeapLimit), region RAM overflowed)
                0x0000000000000001                ASSERT (((__binary_info_header_end - __logical_binary_start) <= 0x100), Binary info must be in first 256 bytes of the binary)
LOAD CMakeFiles/pio_logic_analyser.dir/logic_analyser.c.o
LOAD CMakeFiles/pio_logic_analyser.dir/home/connerparker/ASEN_4013/AERIS-Software/pico-sdk/src/rp2_common/pico_stdlib/stdlib.c.o
LOAD CMakeFiles/pio_logic_analyser.dir/home/connerparker/ASEN_4013/AERIS-Software/pico-sdk/src/rp2_common/hardware_gpio/gpio.c.o
LOAD CMakeFiles/pio_logic_analyser.dir/home/connerparker/ASEN_4013/AERIS-Software/pico-sdk/src/rp2040/pico_platform/platform.c.o
LOAD CMakeFiles/pio_logic_analyser.dir/home/connerparker/ASEN_4013/AERIS-Software/pico-sdk/src/rp2_common/pico_platform_panic/panic.c.o
LOAD CMakeFiles/pio_logic_analyser.dir/home/connerparker/ASEN_4013/AERIS-Software/pico-sdk/src/common/hardware_claim/claim.c.o
LOAD CMakeFiles/pio_logic_analyser.dir/home/connerparker/ASEN_4013/AERIS-Software/pico-sdk/src/rp2_common/hardware_sync/sync.c.o
LOAD CMakeFiles/pio_logic_analyser.dir/home/connerparker/ASEN_4013/AERIS-Software/pico-sdk/src/rp2_common/hardware_sync_spin_lock/sync_spin_lock.c.o
LOAD CMakeFiles/pio_logic_analyser.dir/home/connerparker/ASEN_4013/AERIS-Software/pico-sdk/src/rp2_common/hardware_irq/irq.c.o
LOAD CMakeFiles/pio_logic_analyser.dir/home/connerparker/ASEN_4013/AERIS-Software/pico-sdk/src/rp2_common/hardware_irq/irq_handler_chain.S.o
LOAD CMakeFiles/pio_logic_analyser.dir/home/connerparker/ASEN_4013/AERIS-Software/pico-sdk/src/common/pico_sync/sem.c.o
LOAD CMakeFiles/pio_logic_analyser.dir/home/connerparker/ASEN_4013/AERIS-Software/pico-sdk/src/common/pico_sync/lock_core.c.o
LOAD CMakeFiles/pio_logic_analyser.dir/home/connerparker/ASEN_4013/AERIS-Software/pico-sdk/src/common/pico_sync/mutex.c.o
LOAD CMakeFiles/pio_logic_analyser.dir/home/connerparker/ASEN_4013/AERIS-Software/pico-sdk/src/common/pico_sync/critical_section.c.o
LOAD CMakeFiles/pio_logic_analyser.dir/home/connerparker/ASEN_4013/AERIS-Software/pico-sdk/src/common/pico_time/time.c.o
LOAD CMakeFiles/pio_logic_analyser.dir/home/connerparker/ASEN_4013/AERIS-Software/pico-sdk/src/common/pico_time/timeout_helper.c.o
LOAD CMakeFiles/pio_logic_analyser.dir/home/connerparker/ASEN_4013/AERIS-Software/pico-sdk/src/rp2_common/hardware_timer/timer.c.o
LOAD CMakeFiles/pio_logic_analyser.dir/home/connerparker/ASEN_4013/AERIS-Software/pico-sdk/src/common/pico_util/datetime.c.o
LOAD CMakeFiles/pio_logic_analyser.dir/home/connerparker/ASEN_4013/AERIS-Software/pico-sdk/src/common/pico_util/pheap.c.o
LOAD CMakeFiles/pio_logic_analyser.dir/home/connerparker/ASEN_4013/AERIS-Software/pico-sdk/src/common/pico_util/queue.c.o
LOAD CMakeFiles/pio_logic_analyser.dir/home/connerparker/ASEN_4013/AERIS-Software/pico-sdk/src/rp2_common/hardware_uart/uart.c.o
LOAD CMakeFiles/pio_logic_analyser.dir/home/connerparker/ASEN_4013/AERIS-Software/pico-sdk/src/rp2_common/hardware_clocks/clocks.c.o
LOAD CMakeFiles/pio_logic_analyser.dir/home/connerparker/ASEN_4013/AERIS-Software/pico-sdk/src/rp2_common/hardware_pll/pll.c.o
LOAD CMakeFiles/pio_logic_analyser.dir/home/connerparker/ASEN_4013/AERIS-Software/pico-sdk/src/rp2_common/hardware_vreg/vreg.c.o
LOAD CMakeFiles/pio_logic_analyser.dir/home/connerparker/ASEN_4013/AERIS-Software/pico-sdk/src/rp2_common/hardware_watchdog/watchdog.c.o
LOAD CMakeFiles/pio_logic_analyser.dir/home/connerparker/ASEN_4013/AERIS-Software/pico-sdk/src/rp2_common/hardware_ticks/ticks.c.o
LOAD CMakeFiles/pio_logic_analyser.dir/home/connerparker/ASEN_4013/AERIS-Software/pico-sdk/src/rp2_common/pico_bootrom/bootrom.c.o
LOAD CMakeFiles/pio_logic_analyser.dir/home/connerparker/ASEN_4013/AERIS-Software/pico-sdk/src/rp2_common/pico_bootrom/bootrom_lock.c.o
LOAD CMakeFiles/pio_logic_analyser.dir/home/connerparker/ASEN_4013/AERIS-Software/pico-sdk/src/rp2_common/hardware_boot_lock/boot_lock.c.o
LOAD CMakeFiles/pio_logic_analyser.dir/home/connerparker/ASEN_4013/AERIS-Software/pico-sdk/src/rp2_common/pico_flash/flash.c.o
LOAD CMakeFiles/pio_logic_analyser.dir/home/connerparker/ASEN_4013/AERIS-Software/pico-sdk/src/rp2_common/hardware_xosc/xosc.c.o
LOAD CMakeFiles/pio_logic_analyser.dir/home/connerparker/ASEN_4013/AERIS-Software/pico-sdk/src/rp2_common/hardware_divider/divider.S.o
LOAD CMakeFiles/pio_logic_analyser.dir/home/connerparker/ASEN_4013/AERIS-Software/pico-sdk/src/rp2_common/pico_runtime/runtime.c.o
LOAD CMakeFiles/pio_logic_analyser.dir/home/connerparker/ASEN_4013/AERIS-Software/pico-sdk/src/rp2_common/pico_runtime_init/runtime_init.c.o
LOAD CMakeFiles/pio_logic_analyser.dir/home/connerparker/ASEN_4013/AERIS-Software/pico-sdk/src/rp2_common/pico_runtime_init/runtime_init_clocks.c.o
LOAD CMakeFiles/pio_logic_analyser.dir/home/connerparker/ASEN_4013/AERIS-Software/pico-sdk/src/rp2_common/pico_runtime_init/runtime_init_stack_guard.c.o
LOAD CMakeFiles/pio_logic_analyser.dir/home/connerparker/ASEN_4013/AERIS-Software/pico-sdk/src/rp2_common/pico_bit_ops/bit_ops_aeabi.S.o
LOAD CMakeFiles/pio_logic_analyser.dir/home/connerparker/ASEN_4013/AERIS-Software/pico-sdk/src/rp2_common/pico_divider/divider_hardware.S.o
LOAD CMakeFiles/pio_logic_analyser.dir/home/connerparker/ASEN_4013/AERIS-Software/pico-sdk/src/rp2_common/pico_double/double_aeabi_rp2040.S.o
LOAD CMakeFiles/pio_logic_analyser.dir/home/connerparker/ASEN_4013/AERIS-Software/pico-sdk/src/rp2_common/pico_double/double_init_rom_rp2040.c.o
LOAD CMakeFiles/pio_logic_analyser.dir/home/connerparker/ASEN_4013/AERIS-Software/pico-sdk/src/rp2_common/pico_double/double_math.c.o
LOAD CMakeFiles/pio_logic_analyser.dir/home/connerparker/ASEN_4013/AERIS-Software/pico-sdk/src/rp2_common/pico_double/double_v1_rom_shim_rp2040.S.o
LOAD CMakeFiles/pio_logic_analyser.dir/home/connerparker/ASEN_4013/AERIS-Software/pico-sdk/src/rp2_common/pico_int64_ops/pico_int64_ops_aeabi.S.o
LOAD CMakeFiles/pio_logic_analyser.dir/home/connerparker/ASEN_4013/AERIS-Software/pico-sdk/src/rp2_common/pico_float/float_aeabi_rp2040.S.o
LOAD CMakeFiles/pio_logic_analyser.dir/home/connerparker/ASEN_4013/AERIS-Software/pico-sdk/src/rp2_common/pico_float/float_init_rom_rp2040.c.o
LOAD CMakeFiles/pio_logic_analyser.dir/home/connerparker/ASEN_4013/AERIS-Software/pico-sdk/src/rp2_common/pico_float/float_math.c.o
LOAD CMakeFiles/pio_logic_analyser.dir/home/connerparker/ASEN_4013/AERIS-Software/pico-sdk/src/rp2_common/pico_float/float_v1_rom_shim_rp2040.S.o
LOAD CMakeFiles/pio_logic_analyser.dir/home/connerparker/ASEN_4013/AERIS-Software/pico-sdk/src/rp2_common/pico_malloc/malloc.c.o
LOAD CMakeFiles/pio_logic_analyser.dir/home/connerparker/ASEN_4013/AERIS-Software/pico-sdk/src/rp2_common/pico_mem_ops/mem_ops_aeabi.S.o
LOAD CMakeFiles/pio_logic_analyser.dir/home/connerparker/ASEN_4013/AERIS-Software/pico-sdk/src/rp2_common/pico_atomic/atomic.c.o
LOAD CMakeFiles/pio_logic_analyser.dir/home/connerparker/ASEN_4013/AERIS-Software/pico-sdk/src/rp2_common/pico_cxx_options/new_delete.cpp.o
LOAD CMakeFiles/pio_logic_analyser.dir/home/connerparker/ASEN_4013/AERIS-Software/pico-sdk/src/rp2_common/pico_standard_binary_info/standard_binary_info.c.o
LOAD CMakeFiles/pio_logic_analyser.dir/home/connerparker/ASEN_4013/AERIS-Software/pico-sdk/src/rp2_common/pico_printf/printf.c.o
LOAD CMakeFiles/pio_logic_analyser.dir/home/connerparker/ASEN_4013/AERIS-Software/pico-sdk/src/rp2_common/pico_crt0/crt0.S.o
LOAD CMakeFiles/pio_logic_analyser.dir/home/connerparker/ASEN_4013/AERIS-Software/pico-sdk/src/rp2_common/pico_clib_interface/newlib_interface.c.o
LOAD CMakeFiles/pio_logic_analyser.dir/home/connerparker/ASEN_4013/AERIS-Software/pico-sdk/src/rp2_common/pico_stdio/stdio.c.o
LOAD CMakeFiles/pio_logic_analyser.dir/home/connerparker/ASEN_4013/AERIS-Software/pico-sdk/src/rp2_common/pico_stdio_uart/stdio_uart.c.o
LOAD CMakeFiles/pio_logic_analyser.dir/home/connerparker/ASEN_4013/AERIS-Software/pico-sdk/src/rp2_common/hardware_pio/pio.c.o
LOAD CMakeFiles/pio_logic_analyser.dir/home/connerparker/ASEN_4013/AERIS-Software/pico-sdk/src/rp2_common/hardware_dma/dma.c.o
LOAD ../../pico-sdk/src/rp2040/boot_stage2/CMakeFiles/bs2_default_library.dir/bs2_default_padded_checksummed.S.o
LOAD /usr/lib/gcc/arm-none-eabi/10.3.1/../../../arm-none-eabi/lib/thumb/v6-m/nofp/libstdc++.a
LOAD /usr/lib/gcc/arm-none-eabi/10.3.1/../../../arm-none-eabi/lib/thumb/v6-m/nofp/libm.a
START GROUP
LOAD /usr/lib/gcc/arm-none-eabi/10.3.1/thumb/v6-m/nofp/libgcc.a
LOAD /usr/lib/gcc/arm-none-eabi/10.3.1/../../../arm-none-eabi/lib/thumb/v6-m/nofp/libg.a
LOAD /usr/lib/gcc/arm-none-eabi/10.3.1/../../../arm-none-eabi/lib/thumb/v6-m/nofp/libc.a
END GROUP
START GROUP
LOAD /usr/lib/gcc/arm-none-eabi/10.3.1/thumb/v6-m/nofp/libgcc.a
LOAD /usr/lib/gcc/arm-none-eabi/10.3.1/../../../arm-none-eabi/lib/thumb/v6-m/nofp/libc.a
LOAD /usr/lib/gcc/arm-none-eabi/10.3.1/../../../arm-none-eabi/lib/thumb/v6-m/nofp/libnosys.a
END GROUP
LOAD /usr/lib/gcc/arm-none-eabi/10.3.1/thumb/v6-m/nofp/crtend.o
LOAD /usr/lib/gcc/arm-none-eabi/10.3.1/thumb/v6-m/nofp/crtn.o
OUTPUT(pio_logic_analyser.elf elf32-littlearm)
LOAD linker stubs

.ARM.attributes
                0x0000000000000000       0x28
 .ARM.attributes
                0x0000000000000000       0x1e /usr/lib/gcc/arm-none-eabi/10.3.1/thumb/v6-m/nofp/crti.o
 .ARM.attributes
                0x000000000000001e       0x2c /usr/lib/gcc/arm-none-eabi/10.3.1/thumb/v6-m/nofp/crtbegin.o
 .ARM.attributes
                0x000000000000004a       0x2c CMakeFiles/pio_logic_analyser.dir/logic_analyser.c.o
 .ARM.attributes
                0x0000000000000076       0x2c CMakeFiles/pio_logic_analyser.dir/home/connerparker/ASEN_4013/AERIS-Software/pico-sdk/src/rp2_common/hardware_gpio/gpio.c.o
 .ARM.attributes
                0x00000000000000a2       0x2c CMakeFiles/pio_logic_analyser.dir/home/connerparker/ASEN_4013/AERIS-Software/pico-sdk/src/rp2_common/pico_platform_panic/panic.c.o
 .ARM.attributes
                0x00000000000000ce       0x2c CMakeFiles/pio_logic_analyser.dir/home/connerparker/ASEN_4013/AERIS-Software/pico-sdk/src/common/hardware_claim/claim.c.o
 .ARM.attributes
                0x00000000000000fa       0x2c CMakeFiles/pio_logic_analyser.dir/home/connerparker/ASEN_4013/AERIS-Software/pico-sdk/src/rp2_common/hardware_sync/sync.c.o
 .ARM.attributes
                0x0000000000000126       0x2c CMakeFiles/pio_logic_analyser.dir/home/connerparker/ASEN_4013/AERIS-Software/pico-sdk/src/rp2_common/hardware_sync_spin_lock/sync_spin_lock.c.o
 .ARM.attributes
                0x0000000000000152       0x2c CMakeFiles/pio_logic_analyser.dir/home/connerparker/ASEN_4013/AERIS-Software/pico-sdk/src/rp2_common/hardware_irq/irq.c.o
 .ARM.attributes
                0x000000000000017e       0x22 CMakeFiles/pio_logic_analyser.dir/home/connerparker/ASEN_4013/AERIS-Software/pico-sdk/src/rp2_common/hardware_irq/irq_handler_chain.S.o
 .ARM.attributes
                0x00000000000001a0       0x2c CMakeFiles/pio_logic_analyser.dir/home/connerparker/ASEN_4013/AERIS-Software/pico-sdk/src/common/pico_sync/lock_core.c.o
 .ARM.attributes
                0x00000000000001cc       0x2c CMakeFiles/pio_logic_analyser.dir/home/connerparker/ASEN_4013/AERIS-Software/pico-sdk/src/common/pico_sync/mutex.c.o
 .ARM.attributes
                0x00000000000001f8       0x2c CMakeFiles/pio_logic_analyser.dir/home/connerparker/ASEN_4013/AERIS-Software/pico-sdk/src/common/pico_time/time.c.o
 .ARM.attributes
                0x0000000000000224       0x2c CMakeFiles/pio_logic_analyser.dir/home/connerparker/ASEN_4013/AERIS-Software/pico-sdk/src/rp2_common/hardware_timer/timer.c.o
 .ARM.attributes
                0x0000000000000250       0x2c CMakeFiles/pio_logic_analyser.dir/home/connerparker/ASEN_4013/AERIS-Software/pico-sdk/src/rp2_common/hardware_uart/uart.c.o
 .ARM.attributes
                0x000000000000027c       0x2c CMakeFiles/pio_logic_analyser.dir/home/connerparker/ASEN_4013/AERIS-Software/pico-sdk/src/rp2_common/hardware_clocks/clocks.c.o
 .ARM.attributes
                0x00000000000002a8       0x2c CMakeFiles/pio_logic_analyser.dir/home/connerparker/ASEN_4013/AERIS-Software/pico-sdk/src/rp2_common/hardware_pll/pll.c.o
 .ARM.attributes
                0x00000000000002d4       0x2c CMakeFiles/pio_logic_analyser.dir/home/connerparker/ASEN_4013/AERIS-Software/pico-sdk/src/rp2_common/hardware_ticks/ticks.c.o
 .ARM.attributes
                0x0000000000000300       0x2c CMakeFiles/pio_logic_analyser.dir/home/connerparker/ASEN_4013/AERIS-Software/pico-sdk/src/rp2_common/pico_bootrom/bootrom.c.o
 .ARM.attributes
                0x000000000000032c       0x2c CMakeFiles/pio_logic_analyser.dir/home/connerparker/ASEN_4013/AERIS-Software/pico-sdk/src/rp2_common/hardware_xosc/xosc.c.o
 .ARM.attributes
                0x0000000000000358       0x2c CMakeFiles/pio_logic_analyser.dir/home/connerparker/ASEN_4013/AERIS-Software/pico-sdk/src/rp2_common/pico_runtime/runtime.c.o
 .ARM.attributes
                0x0000000000000384       0x2c CMakeFiles/pio_logic_analyser.dir/home/connerparker/ASEN_4013/AERIS-Software/pico-sdk/src/rp2_common/pico_runtime_init/runtime_init.c.o
 .ARM.attributes
                0x00000000000003b0       0x2c CMakeFiles/pio_logic_analyser.dir/home/connerparker/ASEN_4013/AERIS-Software/pico-sdk/src/rp2_common/pico_runtime_init/runtime_init_clocks.c.o
 .ARM.attributes
                0x00000000000003dc       0x22 CMakeFiles/pio_logic_analyser.dir/home/connerparker/ASEN_4013/AERIS-Software/pico-sdk/src/rp2_common/pico_bit_ops/bit_ops_aeabi.S.o
 .ARM.attributes
                0x00000000000003fe       0x22 CMakeFiles/pio_logic_analyser.dir/home/connerparker/ASEN_4013/AERIS-Software/pico-sdk/src/rp2_common/pico_divider/divider_hardware.S.o
 .ARM.attributes
                0x0000000000000420       0x22 CMakeFiles/pio_logic_analyser.dir/home/connerparker/ASEN_4013/AERIS-Software/pico-sdk/src/rp2_common/pico_double/double_aeabi_rp2040.S.o
 .ARM.attributes
                0x0000000000000442       0x2c CMakeFiles/pio_logic_analyser.dir/home/connerparker/ASEN_4013/AERIS-Software/pico-sdk/src/rp2_common/pico_double/double_init_rom_rp2040.c.o
 .ARM.attributes
                0x000000000000046e       0x22 CMakeFiles/pio_logic_analyser.dir/home/connerparker/ASEN_4013/AERIS-Software/pico-sdk/src/rp2_common/pico_double/double_v1_rom_shim_rp2040.S.o
 .ARM.attributes
                0x0000000000000490       0x22 CMakeFiles/pio_logic_analyser.dir/home/connerparker/ASEN_4013/AERIS-Software/pico-sdk/src/rp2_common/pico_float/float_aeabi_rp2040.S.o
 .ARM.attributes
                0x00000000000004b2       0x2c CMakeFiles/pio_logic_analyser.dir/home/connerparker/ASEN_4013/AERIS-Software/pico-sdk/src/rp2_common/pico_float/float_init_rom_rp2040.c.o
 .ARM.attributes
                0x00000000000004de       0x22 CMakeFiles/pio_logic_analyser.dir/home/connerparker/ASEN_4013/AERIS-Software/pico-sdk/src/rp2_common/pico_float/float_v1_rom_shim_rp2040.S.o
 .ARM.attributes
                0x0000000000000500       0x2c CMakeFiles/pio_logic_analyser.dir/home/connerparker/ASEN_4013/AERIS-Software/pico-sdk/src/rp2_common/pico_malloc/malloc.c.o
 .ARM.attributes
                0x000000000000052c       0x22 CMakeFiles/pio_logic_analyser.dir/home/connerparker/ASEN_4013/AERIS-Software/pico-sdk/src/rp2_common/pico_mem_ops/mem_ops_aeabi.S.o
 .ARM.attributes
                0x000000000000054e       0x32 CMakeFiles/pio_logic_analyser.dir/home/connerparker/ASEN_4013/AERIS-Software/pico-sdk/src/rp2_common/pico_standard_binary_info/standard_binary_info.c.o
 .ARM.attributes
                0x0000000000000580       0x2c CMakeFiles/pio_logic_analyser.dir/home/connerparker/ASEN_4013/AERIS-Software/pico-sdk/src/rp2_common/pico_printf/printf.c.o
 .ARM.attributes
                0x00000000000005ac       0x22 CMakeFiles/pio_logic_analyser.dir/home/connerparker/ASEN_4013/AERIS-Software/pico-sdk/src/rp2_common/pico_crt0/crt0.S.o
 .ARM.attributes
                0x00000000000005ce       0x2c CMakeFiles/pio_logic_analyser.dir/home/connerparker/ASEN_4013/AERIS-Software/pico-sdk/src/rp2_common/pico_clib_interface/newlib_interface.c.o
 .ARM.attributes
                0x00000000000005fa       0x2c CMakeFiles/pio_logic_analyser.dir/home/connerparker/ASEN_4013/AERIS-Software/pico-sdk/src/rp2_common/pico_stdio/stdio.c.o
 .ARM.attributes
                0x0000000000000626       0x2c CMakeFiles/pio_logic_analyser.dir/home/connerparker/ASEN_4013/AERIS-Software/pico-sdk/src/rp2_common/pico_stdio_uart/stdio_uart.c.o
 .ARM.attributes
                0x0000000000000652       0x2c CMakeFiles/pio_logic_analyser.dir/home/connerparker/ASEN_4013/AERIS-Software/pico-sdk/src/rp2_common/hardware_pio/pio.c.o
 .ARM.attributes
                0x000000000000067e       0x22 ../../pico-sdk/src/rp2040/boot_stage2/CMakeFiles/bs2_default_library.dir/bs2_default_padded_checksummed.S.o
 .ARM.attributes
                0x00000000000006a0       0x1e /usr/lib/gcc/arm-none-eabi/10.3.1/thumb/v6-m/nofp/libgcc.a(_dvmd_tls.o)
 .ARM.attributes
                0x00000000000006be       0x2c /usr/lib/gcc/arm-none-eabi/10.3.1/../../../arm-none-eabi/lib/thumb/v6-m/nofp/libg.a(lib_a-impure.o)
 .ARM.attributes
                0x00000000000006ea       0x2c /usr/lib/gcc/arm-none-eabi/10.3.1/../../../arm-none-eabi/lib/thumb/v6-m/nofp/libg.a(lib_a-malloc.o)
 .ARM.attributes
                0x0000000000000716       0x2c /usr/lib/gcc/arm-none-eabi/10.3.1/../../../arm-none-eabi/lib/thumb/v6-m/nofp/libg.a(lib_a-mallocr.o)
 .ARM.attributes
                0x0000000000000742       0x2c /usr/lib/gcc/arm-none-eabi/10.3.1/../../../arm-none-eabi/lib/thumb/v6-m/nofp/libg.a(lib_a-mlock.o)
 .ARM.attributes
                0x000000000000076e       0x2c /usr/lib/gcc/arm-none-eabi/10.3.1/../../../arm-none-eabi/lib/thumb/v6-m/nofp/libg.a(lib_a-sbrkr.o)
 .ARM.attributes
                0x000000000000079a       0x2c /usr/lib/gcc/arm-none-eabi/10.3.1/../../../arm-none-eabi/lib/thumb/v6-m/nofp/libg.a(lib_a-strlen-stub.o)
 .ARM.attributes
                0x00000000000007c6       0x2c /usr/lib/gcc/arm-none-eabi/10.3.1/../../../arm-none-eabi/lib/thumb/v6-m/nofp/libg.a(lib_a-freer.o)
 .ARM.attributes
                0x00000000000007f2       0x2c /usr/lib/gcc/arm-none-eabi/10.3.1/../../../arm-none-eabi/lib/thumb/v6-m/nofp/libg.a(lib_a-reent.o)
 .ARM.attributes
                0x000000000000081e       0x2c /usr/lib/gcc/arm-none-eabi/10.3.1/thumb/v6-m/nofp/crtend.o

.comment        0x0000000000000000       0x33
 .comment       0x0000000000000000       0x33 /usr/lib/gcc/arm-none-eabi/10.3.1/thumb/v6-m/nofp/crtbegin.o
                                         0x34 (size before relaxing)
 .comment       0x0000000000000033       0x34 CMakeFiles/pio_logic_analyser.dir/logic_analyser.c.o
 .comment       0x0000000000000033       0x34 CMakeFiles/pio_logic_analyser.dir/home/connerparker/ASEN_4013/AERIS-Software/pico-sdk/src/rp2_common/hardware_gpio/gpio.c.o
 .comment       0x0000000000000033       0x34 CMakeFiles/pio_logic_analyser.dir/home/connerparker/ASEN_4013/AERIS-Software/pico-sdk/src/rp2_common/pico_platform_panic/panic.c.o
 .comment       0x0000000000000033       0x34 CMakeFiles/pio_logic_analyser.dir/home/connerparker/ASEN_4013/AERIS-Software/pico-sdk/src/common/hardware_claim/claim.c.o
 .comment       0x0000000000000033       0x34 CMakeFiles/pio_logic_analyser.dir/home/connerparker/ASEN_4013/AERIS-Software/pico-sdk/src/rp2_common/hardware_sync/sync.c.o
 .comment       0x0000000000000033       0x34 CMakeFiles/pio_logic_analyser.dir/home/connerparker/ASEN_4013/AERIS-Software/pico-sdk/src/rp2_common/hardware_sync_spin_lock/sync_spin_lock.c.o
 .comment       0x0000000000000033       0x34 CMakeFiles/pio_logic_analyser.dir/home/connerparker/ASEN_4013/AERIS-Software/pico-sdk/src/rp2_common/hardware_irq/irq.c.o
 .comment       0x0000000000000033       0x34 CMakeFiles/pio_logic_analyser.dir/home/connerparker/ASEN_4013/AERIS-Software/pico-sdk/src/common/pico_sync/lock_core.c.o
 .comment       0x0000000000000033       0x34 CMakeFiles/pio_logic_analyser.dir/home/connerparker/ASEN_4013/AERIS-Software/pico-sdk/src/common/pico_sync/mutex.c.o
 .comment       0x0000000000000033       0x34 CMakeFiles/pio_logic_analyser.dir/home/connerparker/ASEN_4013/AERIS-Software/pico-sdk/src/common/pico_time/time.c.o
 .comment       0x0000000000000033       0x34 CMakeFiles/pio_logic_analyser.dir/home/connerparker/ASEN_4013/AERIS-Software/pico-sdk/src/rp2_common/hardware_timer/timer.c.o
 .comment       0x0000000000000033       0x34 CMakeFiles/pio_logic_analyser.dir/home/connerparker/ASEN_4013/AERIS-Software/pico-sdk/src/rp2_common/hardware_uart/uart.c.o
 .comment       0x0000000000000033       0x34 CMakeFiles/pio_logic_analyser.dir/home/connerparker/ASEN_4013/AERIS-Software/pico-sdk/src/rp2_common/hardware_clocks/clocks.c.o
 .comment       0x0000000000000033       0x34 CMakeFiles/pio_logic_analyser.dir/home/connerparker/ASEN_4013/AERIS-Software/pico-sdk/src/rp2_common/hardware_pll/pll.c.o
 .comment       0x0000000000000033       0x34 CMakeFiles/pio_logic_analyser.dir/home/connerparker/ASEN_4013/AERIS-Software/pico-sdk/src/rp2_common/hardware_ticks/ticks.c.o
 .comment       0x0000000000000033       0x34 CMakeFiles/pio_logic_analyser.dir/home/connerparker/ASEN_4013/AERIS-Software/pico-sdk/src/rp2_common/pico_bootrom/bootrom.c.o
 .comment       0x0000000000000033       0x34 CMakeFiles/pio_logic_analyser.dir/home/connerparker/ASEN_4013/AERIS-Software/pico-sdk/src/rp2_common/hardware_xosc/xosc.c.o
 .comment       0x0000000000000033       0x34 CMakeFiles/pio_logic_analyser.dir/home/connerparker/ASEN_4013/AERIS-Software/pico-sdk/src/rp2_common/pico_runtime/runtime.c.o
 .comment       0x0000000000000033       0x34 CMakeFiles/pio_logic_analyser.dir/home/connerparker/ASEN_4013/AERIS-Software/pico-sdk/src/rp2_common/pico_runtime_init/runtime_init.c.o
 .comment       0x0000000000000033       0x34 CMakeFiles/pio_logic_analyser.dir/home/connerparker/ASEN_4013/AERIS-Software/pico-sdk/src/rp2_common/pico_runtime_init/runtime_init_clocks.c.o
 .comment       0x0000000000000033       0x34 CMakeFiles/pio_logic_analyser.dir/home/connerparker/ASEN_4013/AERIS-Software/pico-sdk/src/rp2_common/pico_double/double_init_rom_rp2040.c.o
 .comment       0x0000000000000033       0x34 CMakeFiles/pio_logic_analyser.dir/home/connerparker/ASEN_4013/AERIS-Software/pico-sdk/src/rp2_common/pico_float/float_init_rom_rp2040.c.o
 .comment       0x0000000000000033       0x34 CMakeFiles/pio_logic_analyser.dir/home/connerparker/ASEN_4013/AERIS-Software/pico-sdk/src/rp2_common/pico_malloc/malloc.c.o
 .comment       0x0000000000000033       0x34 CMakeFiles/pio_logic_analyser.dir/home/connerparker/ASEN_4013/AERIS-Software/pico-sdk/src/rp2_common/pico_standard_binary_info/standard_binary_info.c.o
 .comment       0x0000000000000033       0x34 CMakeFiles/pio_logic_analyser.dir/home/connerparker/ASEN_4013/AERIS-Software/pico-sdk/src/rp2_common/pico_printf/printf.c.o
 .comment       0x0000000000000033       0x34 CMakeFiles/pio_logic_analyser.dir/home/connerparker/ASEN_4013/AERIS-Software/pico-sdk/src/rp2_common/pico_clib_interface/newlib_interface.c.o
 .comment       0x0000000000000033       0x34 CMakeFiles/pio_logic_analyser.dir/home/connerparker/ASEN_4013/AERIS-Software/pico-sdk/src/rp2_common/pico_stdio/stdio.c.o
 .comment       0x0000000000000033       0x34 CMakeFiles/pio_logic_analyser.dir/home/connerparker/ASEN_4013/AERIS-Software/pico-sdk/src/rp2_common/pico_stdio_uart/stdio_uart.c.o
 .comment       0x0000000000000033       0x34 CMakeFiles/pio_logic_analyser.dir/home/connerparker/ASEN_4013/AERIS-Software/pico-sdk/src/rp2_common/hardware_pio/pio.c.o
 .comment       0x0000000000000033       0x34 /usr/lib/gcc/arm-none-eabi/10.3.1/../../../arm-none-eabi/lib/thumb/v6-m/nofp/libg.a(lib_a-impure.o)
 .comment       0x0000000000000033       0x34 /usr/lib/gcc/arm-none-eabi/10.3.1/../../../arm-none-eabi/lib/thumb/v6-m/nofp/libg.a(lib_a-malloc.o)
 .comment       0x0000000000000033       0x34 /usr/lib/gcc/arm-none-eabi/10.3.1/../../../arm-none-eabi/lib/thumb/v6-m/nofp/libg.a(lib_a-mallocr.o)
 .comment       0x0000000000000033       0x34 /usr/lib/gcc/arm-none-eabi/10.3.1/../../../arm-none-eabi/lib/thumb/v6-m/nofp/libg.a(lib_a-mlock.o)
 .comment       0x0000000000000033       0x34 /usr/lib/gcc/arm-none-eabi/10.3.1/../../../arm-none-eabi/lib/thumb/v6-m/nofp/libg.a(lib_a-sbrkr.o)
 .comment       0x0000000000000033       0x34 /usr/lib/gcc/arm-none-eabi/10.3.1/../../../arm-none-eabi/lib/thumb/v6-m/nofp/libg.a(lib_a-strlen-stub.o)
 .comment       0x0000000000000033       0x34 /usr/lib/gcc/arm-none-eabi/10.3.1/../../../arm-none-eabi/lib/thumb/v6-m/nofp/libg.a(lib_a-freer.o)
 .comment       0x0000000000000033       0x34 /usr/lib/gcc/arm-none-eabi/10.3.1/../../../arm-none-eabi/lib/thumb/v6-m/nofp/libg.a(lib_a-reent.o)
 .comment       0x0000000000000033       0x34 /usr/lib/gcc/arm-none-eabi/10.3.1/thumb/v6-m/nofp/crtend.o

.debug_info     0x0000000000000000    0x26863
 .debug_info    0x0000000000000000     0x21be CMakeFiles/pio_logic_analyser.dir/logic_analyser.c.o
 .debug_info    0x00000000000021be     0x24d4 CMakeFiles/pio_logic_analyser.dir/home/connerparker/ASEN_4013/AERIS-Software/pico-sdk/src/rp2_common/hardware_gpio/gpio.c.o
 .debug_info    0x0000000000004692      0x19c CMakeFiles/pio_logic_analyser.dir/home/connerparker/ASEN_4013/AERIS-Software/pico-sdk/src/rp2_common/pico_platform_panic/panic.c.o
 .debug_info    0x000000000000482e      0xa39 CMakeFiles/pio_logic_analyser.dir/home/connerparker/ASEN_4013/AERIS-Software/pico-sdk/src/common/hardware_claim/claim.c.o
 .debug_info    0x0000000000005267      0x3dd CMakeFiles/pio_logic_analyser.dir/home/connerparker/ASEN_4013/AERIS-Software/pico-sdk/src/rp2_common/hardware_sync/sync.c.o
 .debug_info    0x0000000000005644      0x242 CMakeFiles/pio_logic_analyser.dir/home/connerparker/ASEN_4013/AERIS-Software/pico-sdk/src/rp2_common/hardware_sync_spin_lock/sync_spin_lock.c.o
 .debug_info    0x0000000000005886     0x21fa CMakeFiles/pio_logic_analyser.dir/home/connerparker/ASEN_4013/AERIS-Software/pico-sdk/src/rp2_common/hardware_irq/irq.c.o
 .debug_info    0x0000000000007a80      0x154 CMakeFiles/pio_logic_analyser.dir/home/connerparker/ASEN_4013/AERIS-Software/pico-sdk/src/common/pico_sync/lock_core.c.o
 .debug_info    0x0000000000007bd4     0x2a97 CMakeFiles/pio_logic_analyser.dir/home/connerparker/ASEN_4013/AERIS-Software/pico-sdk/src/common/pico_sync/mutex.c.o
 .debug_info    0x000000000000a66b     0x49ac CMakeFiles/pio_logic_analyser.dir/home/connerparker/ASEN_4013/AERIS-Software/pico-sdk/src/common/pico_time/time.c.o
 .debug_info    0x000000000000f017     0x2ac2 CMakeFiles/pio_logic_analyser.dir/home/connerparker/ASEN_4013/AERIS-Software/pico-sdk/src/rp2_common/hardware_timer/timer.c.o
 .debug_info    0x0000000000011ad9     0x19c5 CMakeFiles/pio_logic_analyser.dir/home/connerparker/ASEN_4013/AERIS-Software/pico-sdk/src/rp2_common/hardware_uart/uart.c.o
 .debug_info    0x000000000001349e     0x28ea CMakeFiles/pio_logic_analyser.dir/home/connerparker/ASEN_4013/AERIS-Software/pico-sdk/src/rp2_common/hardware_clocks/clocks.c.o
 .debug_info    0x0000000000015d88      0x4f9 CMakeFiles/pio_logic_analyser.dir/home/connerparker/ASEN_4013/AERIS-Software/pico-sdk/src/rp2_common/hardware_pll/pll.c.o
 .debug_info    0x0000000000016281      0x242 CMakeFiles/pio_logic_analyser.dir/home/connerparker/ASEN_4013/AERIS-Software/pico-sdk/src/rp2_common/hardware_ticks/ticks.c.o
 .debug_info    0x00000000000164c3      0x4a4 CMakeFiles/pio_logic_analyser.dir/home/connerparker/ASEN_4013/AERIS-Software/pico-sdk/src/rp2_common/pico_bootrom/bootrom.c.o
 .debug_info    0x0000000000016967      0x1c5 CMakeFiles/pio_logic_analyser.dir/home/connerparker/ASEN_4013/AERIS-Software/pico-sdk/src/rp2_common/hardware_xosc/xosc.c.o
 .debug_info    0x0000000000016b2c      0x208 CMakeFiles/pio_logic_analyser.dir/home/connerparker/ASEN_4013/AERIS-Software/pico-sdk/src/rp2_common/pico_runtime/runtime.c.o
 .debug_info    0x0000000000016d34      0x7c4 CMakeFiles/pio_logic_analyser.dir/home/connerparker/ASEN_4013/AERIS-Software/pico-sdk/src/rp2_common/pico_runtime_init/runtime_init.c.o